2025-11-01T02:52:58.9075213Z Current runner version: '2.329.0'
2025-11-01T02:52:58.9098464Z ##[group]Runner Image Provisioner
2025-11-01T02:52:58.9099434Z Hosted Compute Agent
2025-11-01T02:52:58.9099977Z Version: 20251016.436
2025-11-01T02:52:58.9100662Z Commit: 8ab8ac8bfd662a3739dab9fe09456aba92132568
2025-11-01T02:52:58.9101396Z Build Date: 2025-10-15T20:44:12Z
2025-11-01T02:52:58.9101979Z ##[endgroup]
2025-11-01T02:52:58.9102573Z ##[group]Operating System
2025-11-01T02:52:58.9103142Z Ubuntu
2025-11-01T02:52:58.9103591Z 24.04.3
2025-11-01T02:52:58.9104115Z LTS
2025-11-01T02:52:58.9104586Z ##[endgroup]
2025-11-01T02:52:58.9105086Z ##[group]Runner Image
2025-11-01T02:52:58.9105647Z Image: ubuntu-24.04
2025-11-01T02:52:58.9106193Z Version: 20251030.96.2
2025-11-01T02:52:58.9107231Z Included Software: https://github.com/actions/runner-images/blob/ubuntu24/20251030.96/images/ubuntu/Ubuntu2404-Readme.md
2025-11-01T02:52:58.9108823Z Image Release: https://github.com/actions/runner-images/releases/tag/ubuntu24%2F20251030.96
2025-11-01T02:52:58.9110167Z ##[endgroup]
2025-11-01T02:52:58.9111243Z ##[group]GITHUB_TOKEN Permissions
2025-11-01T02:52:58.9113385Z Contents: read
2025-11-01T02:52:58.9114017Z Metadata: read
2025-11-01T02:52:58.9114548Z ##[endgroup]
2025-11-01T02:52:58.9116564Z Secret source: Actions
2025-11-01T02:52:58.9117212Z Prepare workflow directory
2025-11-01T02:52:58.9581096Z Prepare all required actions
2025-11-01T02:52:58.9636226Z Getting action download info
2025-11-01T02:52:59.4479227Z Download action repository 'actions/checkout@v4' (SHA:08eba0b27e820071cde6df949e0beb9ba4906955)
2025-11-01T02:52:59.6393478Z Download action repository 'ruby/setup-ruby@v1' (SHA:d5126b9b3579e429dd52e51e68624dda2e05be25)
2025-11-01T02:53:00.2198753Z Download action repository 'actions/upload-artifact@v4' (SHA:ea165f8d65b6e75b540449e92b4886f43607fa02)
2025-11-01T02:53:00.4565697Z Complete job name: RSpec
2025-11-01T02:53:00.5088458Z ##[group]Checking docker version
2025-11-01T02:53:00.5101716Z ##[command]/usr/bin/docker version --format '{{.Server.APIVersion}}'
2025-11-01T02:53:01.4182193Z '1.48'
2025-11-01T02:53:01.4197060Z Docker daemon API version: '1.48'
2025-11-01T02:53:01.4198369Z ##[command]/usr/bin/docker version --format '{{.Client.APIVersion}}'
2025-11-01T02:53:01.4431843Z '1.48'
2025-11-01T02:53:01.4445863Z Docker client API version: '1.48'
2025-11-01T02:53:01.4452886Z ##[endgroup]
2025-11-01T02:53:01.4456750Z ##[group]Clean up resources from previous jobs
2025-11-01T02:53:01.4463699Z ##[command]/usr/bin/docker ps --all --quiet --no-trunc --filter "label=464a93"
2025-11-01T02:53:01.4612159Z ##[command]/usr/bin/docker network prune --force --filter "label=464a93"
2025-11-01T02:53:01.4784573Z ##[endgroup]
2025-11-01T02:53:01.4785746Z ##[group]Create local container network
2025-11-01T02:53:01.4797873Z ##[command]/usr/bin/docker network create --label 464a93 github_network_c13f4be75e0b4307847490f96dd1634e
2025-11-01T02:53:01.5315098Z e5ccf0249c38bef3df8cd98cf0e0a356883cc774bc5e93f1ccd46f714dfce72c
2025-11-01T02:53:01.5334196Z ##[endgroup]
2025-11-01T02:53:01.5362112Z ##[group]Starting postgres service container
2025-11-01T02:53:01.5382526Z ##[command]/usr/bin/docker pull postgres:16
2025-11-01T02:53:02.6090237Z 16: Pulling from library/postgres
2025-11-01T02:53:02.8614722Z 38513bd72563: Pulling fs layer
2025-11-01T02:53:02.8615687Z 6a570b5ed774: Pulling fs layer
2025-11-01T02:53:02.8616222Z e69f32e226f6: Pulling fs layer
2025-11-01T02:53:02.8619348Z 147d1d7c0318: Pulling fs layer
2025-11-01T02:53:02.8619902Z bc405403221b: Pulling fs layer
2025-11-01T02:53:02.8620282Z 82742b6e768c: Pulling fs layer
2025-11-01T02:53:02.8620595Z bd122ab2336d: Pulling fs layer
2025-11-01T02:53:02.8620872Z 91264d87777d: Pulling fs layer
2025-11-01T02:53:02.8621172Z e7fca4723572: Pulling fs layer
2025-11-01T02:53:02.8621487Z 45e682a0ad62: Pulling fs layer
2025-11-01T02:53:02.8621771Z 8221e00ace81: Pulling fs layer
2025-11-01T02:53:02.8622124Z f50de807d554: Pulling fs layer
2025-11-01T02:53:02.8622414Z b9fcf05c0044: Pulling fs layer
2025-11-01T02:53:02.8622751Z 85ec668df6b0: Pulling fs layer
2025-11-01T02:53:02.8623491Z 147d1d7c0318: Waiting
2025-11-01T02:53:02.8623756Z bc405403221b: Waiting
2025-11-01T02:53:02.8624003Z 82742b6e768c: Waiting
2025-11-01T02:53:02.8624248Z bd122ab2336d: Waiting
2025-11-01T02:53:02.8624487Z 8221e00ace81: Waiting
2025-11-01T02:53:02.8624728Z 91264d87777d: Waiting
2025-11-01T02:53:02.8624963Z e7fca4723572: Waiting
2025-11-01T02:53:02.8625204Z f50de807d554: Waiting
2025-11-01T02:53:02.8625453Z b9fcf05c0044: Waiting
2025-11-01T02:53:02.8625688Z 85ec668df6b0: Waiting
2025-11-01T02:53:02.8625932Z 45e682a0ad62: Waiting
2025-11-01T02:53:03.1324976Z 6a570b5ed774: Verifying Checksum
2025-11-01T02:53:03.1325473Z 6a570b5ed774: Download complete
2025-11-01T02:53:03.3413636Z e69f32e226f6: Verifying Checksum
2025-11-01T02:53:03.3414686Z e69f32e226f6: Download complete
2025-11-01T02:53:03.5644605Z 147d1d7c0318: Verifying Checksum
2025-11-01T02:53:03.5645127Z 147d1d7c0318: Download complete
2025-11-01T02:53:03.5838814Z 38513bd72563: Verifying Checksum
2025-11-01T02:53:03.5839658Z 38513bd72563: Download complete
2025-11-01T02:53:03.7980251Z bc405403221b: Verifying Checksum
2025-11-01T02:53:03.7983393Z bc405403221b: Download complete
2025-11-01T02:53:03.8884572Z 82742b6e768c: Verifying Checksum
2025-11-01T02:53:03.8889910Z 82742b6e768c: Download complete
2025-11-01T02:53:03.8932016Z bd122ab2336d: Verifying Checksum
2025-11-01T02:53:03.8932835Z bd122ab2336d: Download complete
2025-11-01T02:53:04.0676859Z 91264d87777d: Verifying Checksum
2025-11-01T02:53:04.0681307Z 91264d87777d: Download complete
2025-11-01T02:53:04.1745411Z 45e682a0ad62: Verifying Checksum
2025-11-01T02:53:04.1745832Z 45e682a0ad62: Download complete
2025-11-01T02:53:04.3582025Z 8221e00ace81: Verifying Checksum
2025-11-01T02:53:04.3587202Z 8221e00ace81: Download complete
2025-11-01T02:53:04.4495433Z f50de807d554: Verifying Checksum
2025-11-01T02:53:04.4496318Z f50de807d554: Download complete
2025-11-01T02:53:04.6247084Z 38513bd72563: Pull complete
2025-11-01T02:53:04.6397588Z b9fcf05c0044: Verifying Checksum
2025-11-01T02:53:04.6398341Z b9fcf05c0044: Download complete
2025-11-01T02:53:04.7343934Z 85ec668df6b0: Verifying Checksum
2025-11-01T02:53:04.7344505Z 85ec668df6b0: Download complete
2025-11-01T02:53:05.5545844Z 6a570b5ed774: Pull complete
2025-11-01T02:53:05.6693668Z e7fca4723572: Verifying Checksum
2025-11-01T02:53:05.6694035Z e7fca4723572: Download complete
2025-11-01T02:53:05.7478273Z e69f32e226f6: Pull complete
2025-11-01T02:53:05.7874094Z 147d1d7c0318: Pull complete
2025-11-01T02:53:06.0955737Z bc405403221b: Pull complete
2025-11-01T02:53:06.1769700Z 82742b6e768c: Pull complete
2025-11-01T02:53:06.1864348Z bd122ab2336d: Pull complete
2025-11-01T02:53:06.1966731Z 91264d87777d: Pull complete
2025-11-01T02:53:09.1553051Z e7fca4723572: Pull complete
2025-11-01T02:53:09.1697929Z 45e682a0ad62: Pull complete
2025-11-01T02:53:09.1804346Z 8221e00ace81: Pull complete
2025-11-01T02:53:09.1909963Z f50de807d554: Pull complete
2025-11-01T02:53:09.2019835Z b9fcf05c0044: Pull complete
2025-11-01T02:53:09.2128006Z 85ec668df6b0: Pull complete
2025-11-01T02:53:09.2168651Z Digest: sha256:4eb532412200f7fbbf15d62ee0d96e020a9eae9eaed76066692474a7371c4d83
2025-11-01T02:53:09.2182223Z Status: Downloaded newer image for postgres:16
2025-11-01T02:53:09.2224508Z docker.io/library/postgres:16
2025-11-01T02:53:09.2285384Z ##[command]/usr/bin/docker create --name 05c493e0adf44cf7be100285b7ee6999_postgres16_9b9b28 --label 464a93 --network github_network_c13f4be75e0b4307847490f96dd1634e --network-alias postgres -p 5432:5432 --health-cmd="pg_isready -U postgres" --health-interval=10s --health-timeout=5s --health-retries=5 -e "POSTGRES_PASSWORD=postgres" -e GITHUB_ACTIONS=true -e CI=true postgres:16
2025-11-01T02:53:09.2621773Z 18cc59eb6609c0ed816a831bb947c4c498acd5c0d21773179071d8c22a173d79
2025-11-01T02:53:09.2645750Z ##[command]/usr/bin/docker start 18cc59eb6609c0ed816a831bb947c4c498acd5c0d21773179071d8c22a173d79
2025-11-01T02:53:10.0649827Z 18cc59eb6609c0ed816a831bb947c4c498acd5c0d21773179071d8c22a173d79
2025-11-01T02:53:10.0671302Z ##[command]/usr/bin/docker ps --all --filter id=18cc59eb6609c0ed816a831bb947c4c498acd5c0d21773179071d8c22a173d79 --filter status=running --no-trunc --format "{{.ID}} {{.Status}}"
2025-11-01T02:53:10.0794732Z 18cc59eb6609c0ed816a831bb947c4c498acd5c0d21773179071d8c22a173d79 Up Less than a second (health: starting)
2025-11-01T02:53:10.0819734Z ##[command]/usr/bin/docker port 18cc59eb6609c0ed816a831bb947c4c498acd5c0d21773179071d8c22a173d79
2025-11-01T02:53:10.0982496Z 5432/tcp -> 0.0.0.0:5432
2025-11-01T02:53:10.0983191Z 5432/tcp -> [::]:5432
2025-11-01T02:53:10.1031680Z ##[endgroup]
2025-11-01T02:53:10.1041199Z ##[group]Waiting for all services to be ready
2025-11-01T02:53:10.1059847Z ##[command]/usr/bin/docker inspect --format="{{if .Config.Healthcheck}}{{print .State.Health.Status}}{{end}}" 18cc59eb6609c0ed816a831bb947c4c498acd5c0d21773179071d8c22a173d79
2025-11-01T02:53:10.1188115Z starting
2025-11-01T02:53:10.1210239Z postgres service is starting, waiting 2 seconds before checking again.
2025-11-01T02:53:12.1220001Z ##[command]/usr/bin/docker inspect --format="{{if .Config.Healthcheck}}{{print .State.Health.Status}}{{end}}" 18cc59eb6609c0ed816a831bb947c4c498acd5c0d21773179071d8c22a173d79
2025-11-01T02:53:12.1335084Z starting
2025-11-01T02:53:12.1349941Z postgres service is starting, waiting 3 seconds before checking again.
2025-11-01T02:53:16.1163924Z ##[command]/usr/bin/docker inspect --format="{{if .Config.Healthcheck}}{{print .State.Health.Status}}{{end}}" 18cc59eb6609c0ed816a831bb947c4c498acd5c0d21773179071d8c22a173d79
2025-11-01T02:53:16.1281490Z starting
2025-11-01T02:53:16.1296192Z postgres service is starting, waiting 7 seconds before checking again.
2025-11-01T02:53:23.5172914Z ##[command]/usr/bin/docker inspect --format="{{if .Config.Healthcheck}}{{print .State.Health.Status}}{{end}}" 18cc59eb6609c0ed816a831bb947c4c498acd5c0d21773179071d8c22a173d79
2025-11-01T02:53:23.5294981Z healthy
2025-11-01T02:53:23.5310552Z postgres service is healthy.
2025-11-01T02:53:23.5311236Z ##[endgroup]
2025-11-01T02:53:23.5555964Z ##[group]Run actions/checkout@v4
2025-11-01T02:53:23.5556472Z with:
2025-11-01T02:53:23.5556672Z   repository: pedrohcrisanto/restaurant
2025-11-01T02:53:23.5557052Z   token: ***
2025-11-01T02:53:23.5557228Z   ssh-strict: true
2025-11-01T02:53:23.5557409Z   ssh-user: git
2025-11-01T02:53:23.5557598Z   persist-credentials: true
2025-11-01T02:53:23.5557801Z   clean: true
2025-11-01T02:53:23.5557988Z   sparse-checkout-cone-mode: true
2025-11-01T02:53:23.5558209Z   fetch-depth: 1
2025-11-01T02:53:23.5558371Z   fetch-tags: false
2025-11-01T02:53:23.5558554Z   show-progress: true
2025-11-01T02:53:23.5558727Z   lfs: false
2025-11-01T02:53:23.5558885Z   submodules: false
2025-11-01T02:53:23.5559281Z   set-safe-directory: true
2025-11-01T02:53:23.5559706Z env:
2025-11-01T02:53:23.5559856Z   RAILS_ENV: test
2025-11-01T02:53:23.5560188Z   DATABASE_URL: ***localhost:5432/test
2025-11-01T02:53:23.5560418Z ##[endgroup]
2025-11-01T02:53:23.6616679Z Syncing repository: pedrohcrisanto/restaurant
2025-11-01T02:53:23.6617945Z ##[group]Getting Git version info
2025-11-01T02:53:23.6618320Z Working directory is '/home/runner/work/restaurant/restaurant'
2025-11-01T02:53:23.6618858Z [command]/usr/bin/git version
2025-11-01T02:53:23.7414095Z git version 2.51.2
2025-11-01T02:53:23.7441977Z ##[endgroup]
2025-11-01T02:53:23.7456127Z Temporarily overriding HOME='/home/runner/work/_temp/de2a7268-abbd-41ba-b5c0-62fe719c21d1' before making global git config changes
2025-11-01T02:53:23.7457628Z Adding repository directory to the temporary git global config as a safe directory
2025-11-01T02:53:23.7469429Z [command]/usr/bin/git config --global --add safe.directory /home/runner/work/restaurant/restaurant
2025-11-01T02:53:23.7541411Z Deleting the contents of '/home/runner/work/restaurant/restaurant'
2025-11-01T02:53:23.7544783Z ##[group]Initializing the repository
2025-11-01T02:53:23.7548815Z [command]/usr/bin/git init /home/runner/work/restaurant/restaurant
2025-11-01T02:53:23.8486713Z hint: Using 'master' as the name for the initial branch. This default branch name
2025-11-01T02:53:23.8487834Z hint: is subject to change. To configure the initial branch name to use in all
2025-11-01T02:53:23.8488435Z hint: of your new repositories, which will suppress this warning, call:
2025-11-01T02:53:23.8488865Z hint:
2025-11-01T02:53:23.8489384Z hint: 	git config --global init.defaultBranch <name>
2025-11-01T02:53:23.8489750Z hint:
2025-11-01T02:53:23.8490089Z hint: Names commonly chosen instead of 'master' are 'main', 'trunk' and
2025-11-01T02:53:23.8490678Z hint: 'development'. The just-created branch can be renamed via this command:
2025-11-01T02:53:23.8491104Z hint:
2025-11-01T02:53:23.8491328Z hint: 	git branch -m <name>
2025-11-01T02:53:23.8491584Z hint:
2025-11-01T02:53:23.8491941Z hint: Disable this message with "git config set advice.defaultBranchName false"
2025-11-01T02:53:23.8524500Z Initialized empty Git repository in /home/runner/work/restaurant/restaurant/.git/
2025-11-01T02:53:23.8538195Z [command]/usr/bin/git remote add origin https://github.com/pedrohcrisanto/restaurant
2025-11-01T02:53:23.8605316Z ##[endgroup]
2025-11-01T02:53:23.8605989Z ##[group]Disabling automatic garbage collection
2025-11-01T02:53:23.8611152Z [command]/usr/bin/git config --local gc.auto 0
2025-11-01T02:53:23.8638302Z ##[endgroup]
2025-11-01T02:53:23.8638809Z ##[group]Setting up auth
2025-11-01T02:53:23.8646524Z [command]/usr/bin/git config --local --name-only --get-regexp core\.sshCommand
2025-11-01T02:53:23.8675884Z [command]/usr/bin/git submodule foreach --recursive sh -c "git config --local --name-only --get-regexp 'core\.sshCommand' && git config --local --unset-all 'core.sshCommand' || :"
2025-11-01T02:53:24.0010481Z [command]/usr/bin/git config --local --name-only --get-regexp http\.https\:\/\/github\.com\/\.extraheader
2025-11-01T02:53:24.0045368Z [command]/usr/bin/git submodule foreach --recursive sh -c "git config --local --name-only --get-regexp 'http\.https\:\/\/github\.com\/\.extraheader' && git config --local --unset-all 'http.https://github.com/.extraheader' || :"
2025-11-01T02:53:24.0293064Z [command]/usr/bin/git config --local http.https://github.com/.extraheader AUTHORIZATION: basic ***
2025-11-01T02:53:24.0332645Z ##[endgroup]
2025-11-01T02:53:24.0333196Z ##[group]Fetching the repository
2025-11-01T02:53:24.0354775Z [command]/usr/bin/git -c protocol.version=2 fetch --no-tags --prune --no-recurse-submodules --depth=1 origin +43a6e1a84b44fc6325e2d623e42aa581f3f90c17:refs/remotes/origin/main
2025-11-01T02:53:24.6054553Z From https://github.com/pedrohcrisanto/restaurant
2025-11-01T02:53:24.6055228Z  * [new ref]         43a6e1a84b44fc6325e2d623e42aa581f3f90c17 -> origin/main
2025-11-01T02:53:24.6124144Z ##[endgroup]
2025-11-01T02:53:24.6124707Z ##[group]Determining the checkout info
2025-11-01T02:53:24.6127142Z ##[endgroup]
2025-11-01T02:53:24.6132597Z [command]/usr/bin/git sparse-checkout disable
2025-11-01T02:53:24.6209320Z [command]/usr/bin/git config --local --unset-all extensions.worktreeConfig
2025-11-01T02:53:24.6235663Z ##[group]Checking out the ref
2025-11-01T02:53:24.6240539Z [command]/usr/bin/git checkout --progress --force -B main refs/remotes/origin/main
2025-11-01T02:53:24.6492171Z Switched to a new branch 'main'
2025-11-01T02:53:24.6494882Z branch 'main' set up to track 'origin/main'.
2025-11-01T02:53:24.6501090Z ##[endgroup]
2025-11-01T02:53:24.6534585Z [command]/usr/bin/git log -1 --format=%H
2025-11-01T02:53:24.6555852Z 43a6e1a84b44fc6325e2d623e42aa581f3f90c17
2025-11-01T02:53:24.6715826Z ##[group]Run sudo apt-get update
2025-11-01T02:53:24.6716190Z [36;1msudo apt-get update[0m
2025-11-01T02:53:24.6716444Z [36;1msudo apt-get install -y libpq-dev[0m
2025-11-01T02:53:24.6753029Z shell: /usr/bin/bash -e {0}
2025-11-01T02:53:24.6753260Z env:
2025-11-01T02:53:24.6753416Z   RAILS_ENV: test
2025-11-01T02:53:24.6753858Z   DATABASE_URL: ***localhost:5432/test
2025-11-01T02:53:24.6754104Z ##[endgroup]
2025-11-01T02:53:24.8016558Z Get:1 file:/etc/apt/apt-mirrors.txt Mirrorlist [144 B]
2025-11-01T02:53:24.8454760Z Hit:6 https://packages.microsoft.com/repos/azure-cli noble InRelease
2025-11-01T02:53:24.8457963Z Get:7 https://packages.microsoft.com/ubuntu/24.04/prod noble InRelease [3600 B]
2025-11-01T02:53:24.8983226Z Hit:2 http://azure.archive.ubuntu.com/ubuntu noble InRelease
2025-11-01T02:53:24.8992890Z Get:3 http://azure.archive.ubuntu.com/ubuntu noble-updates InRelease [126 kB]
2025-11-01T02:53:24.9054392Z Get:4 http://azure.archive.ubuntu.com/ubuntu noble-backports InRelease [126 kB]
2025-11-01T02:53:24.9099497Z Get:5 http://azure.archive.ubuntu.com/ubuntu noble-security InRelease [126 kB]
2025-11-01T02:53:25.1005433Z Get:8 https://packages.microsoft.com/ubuntu/24.04/prod noble/main armhf Packages [11.1 kB]
2025-11-01T02:53:25.1213122Z Get:9 http://azure.archive.ubuntu.com/ubuntu noble-updates/main amd64 Packages [1573 kB]
2025-11-01T02:53:25.1228631Z Get:21 https://packages.microsoft.com/ubuntu/24.04/prod noble/main arm64 Packages [48.8 kB]
2025-11-01T02:53:25.1269720Z Get:22 https://packages.microsoft.com/ubuntu/24.04/prod noble/main amd64 Packages [66.2 kB]
2025-11-01T02:53:25.1295300Z Get:10 http://azure.archive.ubuntu.com/ubuntu noble-updates/main Translation-en [297 kB]
2025-11-01T02:53:25.1350231Z Get:11 http://azure.archive.ubuntu.com/ubuntu noble-updates/main amd64 Components [175 kB]
2025-11-01T02:53:25.1373693Z Get:12 http://azure.archive.ubuntu.com/ubuntu noble-updates/main amd64 c-n-f Metadata [15.4 kB]
2025-11-01T02:53:25.1410365Z Get:13 http://azure.archive.ubuntu.com/ubuntu noble-updates/universe amd64 Packages [1498 kB]
2025-11-01T02:53:25.1463665Z Get:14 http://azure.archive.ubuntu.com/ubuntu noble-updates/universe Translation-en [303 kB]
2025-11-01T02:53:25.1488669Z Get:15 http://azure.archive.ubuntu.com/ubuntu noble-updates/universe amd64 Components [378 kB]
2025-11-01T02:53:25.1519951Z Get:16 http://azure.archive.ubuntu.com/ubuntu noble-updates/universe amd64 c-n-f Metadata [31.4 kB]
2025-11-01T02:53:25.1532984Z Get:17 http://azure.archive.ubuntu.com/ubuntu noble-updates/restricted amd64 Packages [2226 kB]
2025-11-01T02:53:25.1645168Z Get:18 http://azure.archive.ubuntu.com/ubuntu noble-updates/restricted Translation-en [505 kB]
2025-11-01T02:53:25.2108777Z Get:19 http://azure.archive.ubuntu.com/ubuntu noble-updates/restricted amd64 Components [212 B]
2025-11-01T02:53:25.2121356Z Get:20 http://azure.archive.ubuntu.com/ubuntu noble-updates/multiverse amd64 Components [940 B]
2025-11-01T02:53:25.2142982Z Get:23 http://azure.archive.ubuntu.com/ubuntu noble-backports/main amd64 Components [7144 B]
2025-11-01T02:53:25.2151642Z Get:24 http://azure.archive.ubuntu.com/ubuntu noble-backports/universe amd64 Components [11.0 kB]
2025-11-01T02:53:25.2161772Z Get:25 http://azure.archive.ubuntu.com/ubuntu noble-backports/restricted amd64 Components [216 B]
2025-11-01T02:53:25.2170968Z Get:26 http://azure.archive.ubuntu.com/ubuntu noble-backports/multiverse amd64 Components [212 B]
2025-11-01T02:53:25.2367116Z Get:27 http://azure.archive.ubuntu.com/ubuntu noble-security/main amd64 Packages [1270 kB]
2025-11-01T02:53:25.2443555Z Get:28 http://azure.archive.ubuntu.com/ubuntu noble-security/main amd64 Components [21.5 kB]
2025-11-01T02:53:25.2452092Z Get:29 http://azure.archive.ubuntu.com/ubuntu noble-security/main amd64 c-n-f Metadata [9008 B]
2025-11-01T02:53:25.2460407Z Get:30 http://azure.archive.ubuntu.com/ubuntu noble-security/universe amd64 Packages [906 kB]
2025-11-01T02:53:25.2516269Z Get:31 http://azure.archive.ubuntu.com/ubuntu noble-security/universe Translation-en [203 kB]
2025-11-01T02:53:25.2534304Z Get:32 http://azure.archive.ubuntu.com/ubuntu noble-security/universe amd64 Components [52.3 kB]
2025-11-01T02:53:25.2546218Z Get:33 http://azure.archive.ubuntu.com/ubuntu noble-security/universe amd64 c-n-f Metadata [19.4 kB]
2025-11-01T02:53:25.2565592Z Get:34 http://azure.archive.ubuntu.com/ubuntu noble-security/restricted amd64 Components [212 B]
2025-11-01T02:53:25.2984610Z Get:35 http://azure.archive.ubuntu.com/ubuntu noble-security/multiverse amd64 Components [208 B]
2025-11-01T02:53:36.0249794Z Fetched 10.0 MB in 1s (7567 kB/s)
2025-11-01T02:53:36.7658033Z Reading package lists...
2025-11-01T02:53:36.7997153Z Reading package lists...
2025-11-01T02:53:36.9788009Z Building dependency tree...
2025-11-01T02:53:36.9795745Z Reading state information...
2025-11-01T02:53:37.1656265Z libpq-dev is already the newest version (18.0-1.pgdg24.04+3).
2025-11-01T02:53:37.1656762Z 0 upgraded, 0 newly installed, 0 to remove and 36 not upgraded.
2025-11-01T02:53:37.1727790Z ##[group]Run ruby/setup-ruby@v1
2025-11-01T02:53:37.1728040Z with:
2025-11-01T02:53:37.1728211Z   ruby-version: 3.3
2025-11-01T02:53:37.1728399Z   bundler-cache: true
2025-11-01T02:53:37.1728574Z env:
2025-11-01T02:53:37.1728725Z   RAILS_ENV: test
2025-11-01T02:53:37.1729408Z   DATABASE_URL: ***localhost:5432/test
2025-11-01T02:53:37.1729650Z ##[endgroup]
2025-11-01T02:53:37.3456822Z ##[group]Modifying PATH
2025-11-01T02:53:37.3461364Z Entries added to PATH to use selected Ruby:
2025-11-01T02:53:37.3465172Z   /opt/hostedtoolcache/Ruby/3.3.10/x64/bin
2025-11-01T02:53:37.3472306Z ##[endgroup]
2025-11-01T02:53:37.3473120Z ##[group]Print Ruby version
2025-11-01T02:53:37.3591847Z [command]/opt/hostedtoolcache/Ruby/3.3.10/x64/bin/ruby --version
2025-11-01T02:53:37.5674552Z ruby 3.3.10 (2025-10-23 revision 343ea05002) [x86_64-linux]
2025-11-01T02:53:37.5708766Z Took   0.22 seconds
2025-11-01T02:53:37.5710236Z ##[endgroup]
2025-11-01T02:53:37.5711429Z ##[group]Installing Bundler
2025-11-01T02:53:37.5717453Z Using Bundler 2.6.9 from Gemfile.lock BUNDLED WITH 2.6.9
2025-11-01T02:53:37.5722140Z [command]/opt/hostedtoolcache/Ruby/3.3.10/x64/bin/gem install bundler -v 2.6.9
2025-11-01T02:53:39.8854937Z Successfully installed bundler-2.6.9
2025-11-01T02:53:39.8855437Z 1 gem installed
2025-11-01T02:53:39.8906656Z Took   2.32 seconds
2025-11-01T02:53:39.8907514Z ##[endgroup]
2025-11-01T02:53:39.8910031Z > bundle install
2025-11-01T02:53:39.8926802Z [command]/opt/hostedtoolcache/Ruby/3.3.10/x64/bin/bundle config --local path /home/runner/work/restaurant/restaurant/vendor/bundle
2025-11-01T02:53:40.0655385Z [command]/opt/hostedtoolcache/Ruby/3.3.10/x64/bin/bundle config --local deployment true
2025-11-01T02:53:40.2186778Z ##[group]Print lockfile
2025-11-01T02:53:40.2203729Z [command]/usr/bin/cat Gemfile.lock
2025-11-01T02:53:40.2230031Z GEM
2025-11-01T02:53:40.2231821Z   remote: https://rubygems.org/
2025-11-01T02:53:40.2232222Z   specs:
2025-11-01T02:53:40.2232503Z     actioncable (8.0.4)
2025-11-01T02:53:40.2232872Z       actionpack (= 8.0.4)
2025-11-01T02:53:40.2233165Z       activesupport (= 8.0.4)
2025-11-01T02:53:40.2233372Z       nio4r (~> 2.0)
2025-11-01T02:53:40.2233570Z       websocket-driver (>= 0.6.1)
2025-11-01T02:53:40.2233874Z       zeitwerk (~> 2.6)
2025-11-01T02:53:40.2234083Z     actionmailbox (8.0.4)
2025-11-01T02:53:40.2234283Z       actionpack (= 8.0.4)
2025-11-01T02:53:40.2234514Z       activejob (= 8.0.4)
2025-11-01T02:53:40.2234775Z       activerecord (= 8.0.4)
2025-11-01T02:53:40.2234977Z       activestorage (= 8.0.4)
2025-11-01T02:53:40.2235182Z       activesupport (= 8.0.4)
2025-11-01T02:53:40.2235477Z       mail (>= 2.8.0)
2025-11-01T02:53:40.2235659Z     actionmailer (8.0.4)
2025-11-01T02:53:40.2235845Z       actionpack (= 8.0.4)
2025-11-01T02:53:40.2236034Z       actionview (= 8.0.4)
2025-11-01T02:53:40.2236305Z       activejob (= 8.0.4)
2025-11-01T02:53:40.2236502Z       activesupport (= 8.0.4)
2025-11-01T02:53:40.2236696Z       mail (>= 2.8.0)
2025-11-01T02:53:40.2236936Z       rails-dom-testing (~> 2.2)
2025-11-01T02:53:40.2237199Z     actionpack (8.0.4)
2025-11-01T02:53:40.2237381Z       actionview (= 8.0.4)
2025-11-01T02:53:40.2237605Z       activesupport (= 8.0.4)
2025-11-01T02:53:40.2237928Z       nokogiri (>= 1.8.5)
2025-11-01T02:53:40.2238265Z       rack (>= 2.2.4)
2025-11-01T02:53:40.2238593Z       rack-session (>= 1.0.1)
2025-11-01T02:53:40.2238958Z       rack-test (>= 0.6.3)
2025-11-01T02:53:40.2239547Z       rails-dom-testing (~> 2.2)
2025-11-01T02:53:40.2240014Z       rails-html-sanitizer (~> 1.6)
2025-11-01T02:53:40.2240481Z       useragent (~> 0.16)
2025-11-01T02:53:40.2240822Z     actiontext (8.0.4)
2025-11-01T02:53:40.2241472Z       actionpack (= 8.0.4)
2025-11-01T02:53:40.2241826Z       activerecord (= 8.0.4)
2025-11-01T02:53:40.2242207Z       activestorage (= 8.0.4)
2025-11-01T02:53:40.2242565Z       activesupport (= 8.0.4)
2025-11-01T02:53:40.2242913Z       globalid (>= 0.6.0)
2025-11-01T02:53:40.2243235Z       nokogiri (>= 1.8.5)
2025-11-01T02:53:40.2243819Z     actionview (8.0.4)
2025-11-01T02:53:40.2244156Z       activesupport (= 8.0.4)
2025-11-01T02:53:40.2244479Z       builder (~> 3.1)
2025-11-01T02:53:40.2244782Z       erubi (~> 1.11)
2025-11-01T02:53:40.2245078Z       rails-dom-testing (~> 2.2)
2025-11-01T02:53:40.2245493Z       rails-html-sanitizer (~> 1.6)
2025-11-01T02:53:40.2245875Z     activejob (8.0.4)
2025-11-01T02:53:40.2246187Z       activesupport (= 8.0.4)
2025-11-01T02:53:40.2246530Z       globalid (>= 0.3.6)
2025-11-01T02:53:40.2246847Z     activemodel (8.0.4)
2025-11-01T02:53:40.2247163Z       activesupport (= 8.0.4)
2025-11-01T02:53:40.2247516Z     activerecord (8.0.4)
2025-11-01T02:53:40.2247843Z       activemodel (= 8.0.4)
2025-11-01T02:53:40.2248181Z       activesupport (= 8.0.4)
2025-11-01T02:53:40.2248517Z       timeout (>= 0.4.0)
2025-11-01T02:53:40.2248826Z     activestorage (8.0.4)
2025-11-01T02:53:40.2249454Z       actionpack (= 8.0.4)
2025-11-01T02:53:40.2249776Z       activejob (= 8.0.4)
2025-11-01T02:53:40.2250113Z       activerecord (= 8.0.4)
2025-11-01T02:53:40.2250452Z       activesupport (= 8.0.4)
2025-11-01T02:53:40.2250799Z       marcel (~> 1.0)
2025-11-01T02:53:40.2251099Z     activesupport (8.0.4)
2025-11-01T02:53:40.2251407Z       base64
2025-11-01T02:53:40.2251690Z       benchmark (>= 0.3)
2025-11-01T02:53:40.2251998Z       bigdecimal
2025-11-01T02:53:40.2252298Z       concurrent-ruby (~> 1.0, >= 1.3.1)
2025-11-01T02:53:40.2252712Z       connection_pool (>= 2.2.5)
2025-11-01T02:53:40.2253059Z       drb
2025-11-01T02:53:40.2253322Z       i18n (>= 1.6, < 2)
2025-11-01T02:53:40.2253645Z       logger (>= 1.4.2)
2025-11-01T02:53:40.2253958Z       minitest (>= 5.1)
2025-11-01T02:53:40.2254316Z       securerandom (>= 0.3)
2025-11-01T02:53:40.2254630Z       tzinfo (~> 2.0, >= 2.0.5)
2025-11-01T02:53:40.2254975Z       uri (>= 0.13.1)
2025-11-01T02:53:40.2255206Z     addressable (2.8.7)
2025-11-01T02:53:40.2255403Z       public_suffix (>= 2.0.2, < 7.0)
2025-11-01T02:53:40.2255630Z     ast (2.4.3)
2025-11-01T02:53:40.2255933Z     base64 (0.3.0)
2025-11-01T02:53:40.2256138Z     benchmark (0.5.0)
2025-11-01T02:53:40.2256315Z     bigdecimal (3.3.1)
2025-11-01T02:53:40.2256525Z     blueprinter (1.2.1)
2025-11-01T02:53:40.2256786Z     brakeman (6.2.2)
2025-11-01T02:53:40.2256961Z       racc
2025-11-01T02:53:40.2257109Z     builder (3.3.0)
2025-11-01T02:53:40.2257299Z     bundler-audit (0.9.2)
2025-11-01T02:53:40.2257615Z       bundler (>= 1.2.0, < 3)
2025-11-01T02:53:40.2257814Z       thor (~> 1.0)
2025-11-01T02:53:40.2257990Z     concurrent-ruby (1.3.5)
2025-11-01T02:53:40.2258194Z     connection_pool (2.5.4)
2025-11-01T02:53:40.2258536Z     crass (1.0.6)
2025-11-01T02:53:40.2258842Z     csv (3.3.5)
2025-11-01T02:53:40.2259284Z     date (3.4.1)
2025-11-01T02:53:40.2259571Z     debug (1.11.0)
2025-11-01T02:53:40.2259860Z       irb (~> 1.10)
2025-11-01T02:53:40.2260149Z       reline (>= 0.3.8)
2025-11-01T02:53:40.2260475Z     diff-lcs (1.6.2)
2025-11-01T02:53:40.2260757Z     docile (1.4.1)
2025-11-01T02:53:40.2261047Z     dotenv (3.1.8)
2025-11-01T02:53:40.2261353Z     dotenv-rails (3.1.8)
2025-11-01T02:53:40.2261656Z       dotenv (= 3.1.8)
2025-11-01T02:53:40.2261976Z       railties (>= 6.1)
2025-11-01T02:53:40.2262268Z     drb (2.2.3)
2025-11-01T02:53:40.2262550Z     dry-configurable (1.3.0)
2025-11-01T02:53:40.2262889Z       dry-core (~> 1.1)
2025-11-01T02:53:40.2263116Z       zeitwerk (~> 2.6)
2025-11-01T02:53:40.2263285Z     dry-core (1.1.0)
2025-11-01T02:53:40.2263474Z       concurrent-ruby (~> 1.0)
2025-11-01T02:53:40.2263770Z       logger
2025-11-01T02:53:40.2264040Z       zeitwerk (~> 2.6)
2025-11-01T02:53:40.2264236Z     dry-inflector (1.2.0)
2025-11-01T02:53:40.2264732Z     dry-initializer (3.2.0)
2025-11-01T02:53:40.2264930Z     dry-logic (1.6.0)
2025-11-01T02:53:40.2265098Z       bigdecimal
2025-11-01T02:53:40.2265307Z       concurrent-ruby (~> 1.0)
2025-11-01T02:53:40.2265565Z       dry-core (~> 1.1)
2025-11-01T02:53:40.2265744Z       zeitwerk (~> 2.6)
2025-11-01T02:53:40.2265912Z     dry-schema (1.14.1)
2025-11-01T02:53:40.2266382Z       concurrent-ruby (~> 1.0)
2025-11-01T02:53:40.2266626Z       dry-configurable (~> 1.0, >= 1.0.1)
2025-11-01T02:53:40.2266854Z       dry-core (~> 1.1)
2025-11-01T02:53:40.2267199Z       dry-initializer (~> 3.2)
2025-11-01T02:53:40.2267543Z       dry-logic (~> 1.5)
2025-11-01T02:53:40.2267856Z       dry-types (~> 1.8)
2025-11-01T02:53:40.2268139Z       zeitwerk (~> 2.6)
2025-11-01T02:53:40.2268430Z     dry-types (1.8.3)
2025-11-01T02:53:40.2268714Z       bigdecimal (~> 3.0)
2025-11-01T02:53:40.2269172Z       concurrent-ruby (~> 1.0)
2025-11-01T02:53:40.2269500Z       dry-core (~> 1.0)
2025-11-01T02:53:40.2269788Z       dry-inflector (~> 1.0)
2025-11-01T02:53:40.2270103Z       dry-logic (~> 1.4)
2025-11-01T02:53:40.2270390Z       zeitwerk (~> 2.6)
2025-11-01T02:53:40.2270655Z     erb (5.1.3)
2025-11-01T02:53:40.2270910Z     erubi (1.13.1)
2025-11-01T02:53:40.2271180Z     factory_bot (6.5.6)
2025-11-01T02:53:40.2271472Z       activesupport (>= 6.1.0)
2025-11-01T02:53:40.2271803Z     factory_bot_rails (6.5.1)
2025-11-01T02:53:40.2272123Z       factory_bot (~> 6.5)
2025-11-01T02:53:40.2272423Z       railties (>= 6.1.0)
2025-11-01T02:53:40.2272713Z     faker (3.5.2)
2025-11-01T02:53:40.2272974Z       i18n (>= 1.8.11, < 2)
2025-11-01T02:53:40.2273260Z     globalid (1.3.0)
2025-11-01T02:53:40.2273547Z       activesupport (>= 6.1)
2025-11-01T02:53:40.2273858Z     highline (3.1.2)
2025-11-01T02:53:40.2274131Z       reline
2025-11-01T02:53:40.2274373Z     i18n (1.14.7)
2025-11-01T02:53:40.2274646Z       concurrent-ruby (~> 1.0)
2025-11-01T02:53:40.2274970Z     i18n-tasks (1.0.15)
2025-11-01T02:53:40.2275256Z       activesupport (>= 4.0.2)
2025-11-01T02:53:40.2275568Z       ast (>= 2.1.0)
2025-11-01T02:53:40.2275819Z       erubi
2025-11-01T02:53:40.2276068Z       highline (>= 2.0.0)
2025-11-01T02:53:40.2276378Z       i18n
2025-11-01T02:53:40.2276661Z       parser (>= 3.2.2.1)
2025-11-01T02:53:40.2276967Z       rails-i18n
2025-11-01T02:53:40.2277248Z       rainbow (>= 2.2.2, < 4.0)
2025-11-01T02:53:40.2277602Z       ruby-progressbar (~> 1.8, >= 1.8.1)
2025-11-01T02:53:40.2277973Z       terminal-table (>= 1.5.1)
2025-11-01T02:53:40.2278285Z     io-console (0.8.1)
2025-11-01T02:53:40.2278551Z     irb (1.15.2)
2025-11-01T02:53:40.2278811Z       pp (>= 0.6.0)
2025-11-01T02:53:40.2279210Z       rdoc (>= 4.0.0)
2025-11-01T02:53:40.2279495Z       reline (>= 0.4.2)
2025-11-01T02:53:40.2279768Z     json (2.15.2)
2025-11-01T02:53:40.2280034Z     json-schema (5.2.2)
2025-11-01T02:53:40.2280317Z       addressable (~> 2.8)
2025-11-01T02:53:40.2280650Z       bigdecimal (~> 3.1)
2025-11-01T02:53:40.2280955Z     kind (5.10.0)
2025-11-01T02:53:40.2281264Z     language_server-protocol (3.17.0.5)
2025-11-01T02:53:40.2281638Z     license_finder (7.2.1)
2025-11-01T02:53:40.2281926Z       bundler
2025-11-01T02:53:40.2282161Z       csv (~> 3.2)
2025-11-01T02:53:40.2282427Z       rubyzip (>= 1, < 3)
2025-11-01T02:53:40.2282775Z       thor (~> 1.2)
2025-11-01T02:53:40.2283120Z       tomlrb (>= 1.3, < 2.1)
2025-11-01T02:53:40.2283428Z       with_env (= 1.1.0)
2025-11-01T02:53:40.2283715Z       xml-simple (~> 1.1.9)
2025-11-01T02:53:40.2284031Z     lint_roller (1.1.0)
2025-11-01T02:53:40.2284309Z     logger (1.7.0)
2025-11-01T02:53:40.2284565Z     loofah (2.24.1)
2025-11-01T02:53:40.2284815Z       crass (~> 1.0.2)
2025-11-01T02:53:40.2285095Z       nokogiri (>= 1.12.0)
2025-11-01T02:53:40.2285383Z     mail (2.9.0)
2025-11-01T02:53:40.2285639Z       logger
2025-11-01T02:53:40.2285892Z       mini_mime (>= 0.1.1)
2025-11-01T02:53:40.2286193Z       net-imap
2025-11-01T02:53:40.2286453Z       net-pop
2025-11-01T02:53:40.2286692Z       net-smtp
2025-11-01T02:53:40.2286943Z     marcel (1.1.0)
2025-11-01T02:53:40.2287405Z     mini_mime (1.1.5)
2025-11-01T02:53:40.2287686Z     minitest (5.26.0)
2025-11-01T02:53:40.2287974Z     net-imap (0.5.12)
2025-11-01T02:53:40.2288239Z       date
2025-11-01T02:53:40.2288463Z       net-protocol
2025-11-01T02:53:40.2288713Z     net-pop (0.1.2)
2025-11-01T02:53:40.2288971Z       net-protocol
2025-11-01T02:53:40.2289593Z     net-protocol (0.2.2)
2025-11-01T02:53:40.2289901Z       timeout
2025-11-01T02:53:40.2290161Z     net-smtp (0.5.1)
2025-11-01T02:53:40.2290442Z       net-protocol
2025-11-01T02:53:40.2290693Z     nio4r (2.7.4)
2025-11-01T02:53:40.2290979Z     nokogiri (1.18.10-aarch64-linux-gnu)
2025-11-01T02:53:40.2291327Z       racc (~> 1.4)
2025-11-01T02:53:40.2291615Z     nokogiri (1.18.10-aarch64-linux-musl)
2025-11-01T02:53:40.2291949Z       racc (~> 1.4)
2025-11-01T02:53:40.2292223Z     nokogiri (1.18.10-arm-linux-gnu)
2025-11-01T02:53:40.2292540Z       racc (~> 1.4)
2025-11-01T02:53:40.2292813Z     nokogiri (1.18.10-arm-linux-musl)
2025-11-01T02:53:40.2293151Z       racc (~> 1.4)
2025-11-01T02:53:40.2293413Z     nokogiri (1.18.10-arm64-darwin)
2025-11-01T02:53:40.2293764Z       racc (~> 1.4)
2025-11-01T02:53:40.2294016Z     nokogiri (1.18.10-x86_64-darwin)
2025-11-01T02:53:40.2294328Z       racc (~> 1.4)
2025-11-01T02:53:40.2294586Z     nokogiri (1.18.10-x86_64-linux-gnu)
2025-11-01T02:53:40.2294910Z       racc (~> 1.4)
2025-11-01T02:53:40.2295176Z     nokogiri (1.18.10-x86_64-linux-musl)
2025-11-01T02:53:40.2295502Z       racc (~> 1.4)
2025-11-01T02:53:40.2295740Z     ostruct (0.6.3)
2025-11-01T02:53:40.2295988Z     pagy (6.5.0)
2025-11-01T02:53:40.2296232Z     parallel (1.27.0)
2025-11-01T02:53:40.2296494Z     parser (3.3.10.0)
2025-11-01T02:53:40.2296741Z       ast (~> 2.4.1)
2025-11-01T02:53:40.2296984Z       racc
2025-11-01T02:53:40.2297210Z     pg (1.6.2)
2025-11-01T02:53:40.2297522Z     pg (1.6.2-aarch64-linux)
2025-11-01T02:53:40.2297825Z     pg (1.6.2-aarch64-linux-musl)
2025-11-01T02:53:40.2298143Z     pg (1.6.2-arm64-darwin)
2025-11-01T02:53:40.2298433Z     pg (1.6.2-x86_64-darwin)
2025-11-01T02:53:40.2298713Z     pg (1.6.2-x86_64-linux)
2025-11-01T02:53:40.2298991Z     pg (1.6.2-x86_64-linux-musl)
2025-11-01T02:53:40.2299460Z     pp (0.6.3)
2025-11-01T02:53:40.2299699Z       prettyprint
2025-11-01T02:53:40.2299959Z     prettyprint (0.2.0)
2025-11-01T02:53:40.2300223Z     prism (1.6.0)
2025-11-01T02:53:40.2300475Z     psych (5.2.6)
2025-11-01T02:53:40.2300715Z       date
2025-11-01T02:53:40.2300927Z       stringio
2025-11-01T02:53:40.2301173Z     public_suffix (6.0.2)
2025-11-01T02:53:40.2301448Z     puma (7.1.0)
2025-11-01T02:53:40.2301692Z       nio4r (~> 2.0)
2025-11-01T02:53:40.2301930Z     racc (1.8.1)
2025-11-01T02:53:40.2302173Z     rack (3.2.3)
2025-11-01T02:53:40.2302413Z     rack-session (2.1.1)
2025-11-01T02:53:40.2302682Z       base64 (>= 0.1.0)
2025-11-01T02:53:40.2302946Z       rack (>= 3.0.0)
2025-11-01T02:53:40.2303212Z     rack-test (2.2.0)
2025-11-01T02:53:40.2303465Z       rack (>= 1.3)
2025-11-01T02:53:40.2303711Z     rackup (2.2.1)
2025-11-01T02:53:40.2303966Z       rack (>= 3)
2025-11-01T02:53:40.2304196Z     rails (8.0.4)
2025-11-01T02:53:40.2304447Z       actioncable (= 8.0.4)
2025-11-01T02:53:40.2304734Z       actionmailbox (= 8.0.4)
2025-11-01T02:53:40.2305031Z       actionmailer (= 8.0.4)
2025-11-01T02:53:40.2305323Z       actionpack (= 8.0.4)
2025-11-01T02:53:40.2305622Z       actiontext (= 8.0.4)
2025-11-01T02:53:40.2305899Z       actionview (= 8.0.4)
2025-11-01T02:53:40.2306187Z       activejob (= 8.0.4)
2025-11-01T02:53:40.2306465Z       activemodel (= 8.0.4)
2025-11-01T02:53:40.2306765Z       activerecord (= 8.0.4)
2025-11-01T02:53:40.2307055Z       activestorage (= 8.0.4)
2025-11-01T02:53:40.2307360Z       activesupport (= 8.0.4)
2025-11-01T02:53:40.2307655Z       bundler (>= 1.15.0)
2025-11-01T02:53:40.2307921Z       railties (= 8.0.4)
2025-11-01T02:53:40.2308210Z     rails-dom-testing (2.3.0)
2025-11-01T02:53:40.2308509Z       activesupport (>= 5.0.0)
2025-11-01T02:53:40.2308794Z       minitest
2025-11-01T02:53:40.2309818Z       nokogiri (>= 1.6)
2025-11-01T02:53:40.2310128Z     rails-html-sanitizer (1.6.2)
2025-11-01T02:53:40.2310430Z       loofah (~> 2.21)
2025-11-01T02:53:40.2310915Z       nokogiri (>= 1.15.7, != 1.16.7, != 1.16.6, != 1.16.5, != 1.16.4, != 1.16.3, != 1.16.2, != 1.16.1, != 1.16.0.rc1, != 1.16.0)
2025-11-01T02:53:40.2311410Z     rails-i18n (8.0.2)
2025-11-01T02:53:40.2311833Z       i18n (>= 0.7, < 2)
2025-11-01T02:53:40.2312126Z       railties (>= 8.0.0, < 9)
2025-11-01T02:53:40.2312424Z     railties (8.0.4)
2025-11-01T02:53:40.2312686Z       actionpack (= 8.0.4)
2025-11-01T02:53:40.2312977Z       activesupport (= 8.0.4)
2025-11-01T02:53:40.2313262Z       irb (~> 1.13)
2025-11-01T02:53:40.2313501Z       rackup (>= 1.0.0)
2025-11-01T02:53:40.2313761Z       rake (>= 12.2)
2025-11-01T02:53:40.2314023Z       thor (~> 1.0, >= 1.2.2)
2025-11-01T02:53:40.2314310Z       tsort (>= 0.2)
2025-11-01T02:53:40.2314558Z       zeitwerk (~> 2.6)
2025-11-01T02:53:40.2314817Z     rainbow (3.1.1)
2025-11-01T02:53:40.2315115Z     rake (13.3.0)
2025-11-01T02:53:40.2315353Z     rdoc (6.15.0)
2025-11-01T02:53:40.2315583Z       erb
2025-11-01T02:53:40.2315814Z       psych (>= 4.0.0)
2025-11-01T02:53:40.2316067Z       tsort
2025-11-01T02:53:40.2316283Z     reek (6.5.0)
2025-11-01T02:53:40.2316530Z       dry-schema (~> 1.13)
2025-11-01T02:53:40.2316809Z       logger (~> 1.6)
2025-11-01T02:53:40.2317070Z       parser (~> 3.3.0)
2025-11-01T02:53:40.2317340Z       rainbow (>= 2.0, < 4.0)
2025-11-01T02:53:40.2317643Z       rexml (~> 3.1)
2025-11-01T02:53:40.2317929Z     regexp_parser (2.11.3)
2025-11-01T02:53:40.2318219Z     reline (0.6.2)
2025-11-01T02:53:40.2318464Z       io-console (~> 0.5)
2025-11-01T02:53:40.2318730Z     rexml (3.4.4)
2025-11-01T02:53:40.2318976Z     rspec-core (3.13.6)
2025-11-01T02:53:40.2319401Z       rspec-support (~> 3.13.0)
2025-11-01T02:53:40.2319733Z     rspec-expectations (3.13.5)
2025-11-01T02:53:40.2320040Z       diff-lcs (>= 1.2.0, < 2.0)
2025-11-01T02:53:40.2320358Z       rspec-support (~> 3.13.0)
2025-11-01T02:53:40.2320666Z     rspec-mocks (3.13.6)
2025-11-01T02:53:40.2320950Z       diff-lcs (>= 1.2.0, < 2.0)
2025-11-01T02:53:40.2321247Z       rspec-support (~> 3.13.0)
2025-11-01T02:53:40.2321540Z     rspec-rails (6.1.5)
2025-11-01T02:53:40.2321800Z       actionpack (>= 6.1)
2025-11-01T02:53:40.2322094Z       activesupport (>= 6.1)
2025-11-01T02:53:40.2322443Z       railties (>= 6.1)
2025-11-01T02:53:40.2322716Z       rspec-core (~> 3.13)
2025-11-01T02:53:40.2323053Z       rspec-expectations (~> 3.13)
2025-11-01T02:53:40.2323392Z       rspec-mocks (~> 3.13)
2025-11-01T02:53:40.2323695Z       rspec-support (~> 3.13)
2025-11-01T02:53:40.2324000Z     rspec-support (3.13.6)
2025-11-01T02:53:40.2324298Z     rspec_junit_formatter (0.6.0)
2025-11-01T02:53:40.2324620Z       rspec-core (>= 2, < 4, != 2.12.0)
2025-11-01T02:53:40.2324955Z     rswag-api (2.16.0)
2025-11-01T02:53:40.2325251Z       activesupport (>= 5.2, < 8.1)
2025-11-01T02:53:40.2325575Z       railties (>= 5.2, < 8.1)
2025-11-01T02:53:40.2325871Z     rswag-specs (2.16.0)
2025-11-01T02:53:40.2326159Z       activesupport (>= 5.2, < 8.1)
2025-11-01T02:53:40.2326509Z       json-schema (>= 2.2, < 6.0)
2025-11-01T02:53:40.2326831Z       railties (>= 5.2, < 8.1)
2025-11-01T02:53:40.2327121Z       rspec-core (>= 2.14)
2025-11-01T02:53:40.2327395Z     rswag-ui (2.16.0)
2025-11-01T02:53:40.2327653Z       actionpack (>= 5.2, < 8.1)
2025-11-01T02:53:40.2327957Z       railties (>= 5.2, < 8.1)
2025-11-01T02:53:40.2328236Z     rubocop (1.81.6)
2025-11-01T02:53:40.2328487Z       json (~> 2.3)
2025-11-01T02:53:40.2328765Z       language_server-protocol (~> 3.17.0.2)
2025-11-01T02:53:40.2329264Z       lint_roller (~> 1.1.0)
2025-11-01T02:53:40.2329563Z       parallel (~> 1.10)
2025-11-01T02:53:40.2329863Z       parser (>= 3.3.0.2)
2025-11-01T02:53:40.2330155Z       rainbow (>= 2.2.2, < 4.0)
2025-11-01T02:53:40.2330455Z       regexp_parser (>= 2.9.3, < 3.0)
2025-11-01T02:53:40.2330785Z       rubocop-ast (>= 1.47.1, < 2.0)
2025-11-01T02:53:40.2331106Z       ruby-progressbar (~> 1.7)
2025-11-01T02:53:40.2331627Z       unicode-display_width (>= 2.4.0, < 4.0)
2025-11-01T02:53:40.2331971Z     rubocop-ast (1.47.1)
2025-11-01T02:53:40.2332245Z       parser (>= 3.3.7.2)
2025-11-01T02:53:40.2332517Z       prism (~> 1.4)
2025-11-01T02:53:40.2332795Z     rubocop-capybara (2.22.1)
2025-11-01T02:53:40.2333134Z       lint_roller (~> 1.1)
2025-11-01T02:53:40.2333572Z       rubocop (~> 1.72, >= 1.72.1)
2025-11-01T02:53:40.2333917Z     rubocop-factory_bot (2.27.1)
2025-11-01T02:53:40.2334226Z       lint_roller (~> 1.1)
2025-11-01T02:53:40.2334507Z       rubocop (~> 1.72, >= 1.72.1)
2025-11-01T02:53:40.2334810Z     rubocop-rails (2.33.4)
2025-11-01T02:53:40.2335104Z       activesupport (>= 4.2.0)
2025-11-01T02:53:40.2335398Z       lint_roller (~> 1.1)
2025-11-01T02:53:40.2335670Z       rack (>= 1.1)
2025-11-01T02:53:40.2335945Z       rubocop (>= 1.75.0, < 2.0)
2025-11-01T02:53:40.2336267Z       rubocop-ast (>= 1.44.0, < 2.0)
2025-11-01T02:53:40.2336593Z     rubocop-rspec (2.31.0)
2025-11-01T02:53:40.2336877Z       rubocop (~> 1.40)
2025-11-01T02:53:40.2337158Z       rubocop-capybara (~> 2.17)
2025-11-01T02:53:40.2337479Z       rubocop-factory_bot (~> 2.22)
2025-11-01T02:53:40.2337811Z       rubocop-rspec_rails (~> 2.28)
2025-11-01T02:53:40.2338136Z     rubocop-rspec_rails (2.29.1)
2025-11-01T02:53:40.2338445Z       rubocop (~> 1.61)
2025-11-01T02:53:40.2338728Z     ruby-progressbar (1.13.0)
2025-11-01T02:53:40.2339171Z     rubyzip (2.4.1)
2025-11-01T02:53:40.2339433Z     securerandom (0.4.1)
2025-11-01T02:53:40.2339722Z     shoulda-matchers (6.5.0)
2025-11-01T02:53:40.2340026Z       activesupport (>= 5.2.0)
2025-11-01T02:53:40.2340321Z     simplecov (0.22.0)
2025-11-01T02:53:40.2340583Z       docile (~> 1.1)
2025-11-01T02:53:40.2340842Z       simplecov-html (~> 0.11)
2025-11-01T02:53:40.2341156Z       simplecov_json_formatter (~> 0.1)
2025-11-01T02:53:40.2341493Z     simplecov-html (0.13.2)
2025-11-01T02:53:40.2341798Z     simplecov_json_formatter (0.1.4)
2025-11-01T02:53:40.2342115Z     stringio (3.1.7)
2025-11-01T02:53:40.2342391Z     terminal-table (4.0.0)
2025-11-01T02:53:40.2342694Z       unicode-display_width (>= 1.1.1, < 4)
2025-11-01T02:53:40.2343040Z     thor (1.4.0)
2025-11-01T02:53:40.2343281Z     timeout (0.4.3)
2025-11-01T02:53:40.2343518Z     tomlrb (2.0.3)
2025-11-01T02:53:40.2343756Z     tsort (0.2.0)
2025-11-01T02:53:40.2343988Z     tzinfo (2.0.6)
2025-11-01T02:53:40.2344248Z       concurrent-ruby (~> 1.0)
2025-11-01T02:53:40.2344542Z     u-attributes (2.8.0)
2025-11-01T02:53:40.2344815Z       kind (>= 4.0, < 6.0)
2025-11-01T02:53:40.2345076Z     u-case (4.5.2)
2025-11-01T02:53:40.2345316Z       kind (>= 5.6, < 6.0)
2025-11-01T02:53:40.2345638Z       u-attributes (>= 2.7, < 3.0)
2025-11-01T02:53:40.2345972Z     unicode-display_width (3.2.0)
2025-11-01T02:53:40.2346343Z       unicode-emoji (~> 4.1)
2025-11-01T02:53:40.2346647Z     unicode-emoji (4.1.0)
2025-11-01T02:53:40.2346915Z     uri (1.0.4)
2025-11-01T02:53:40.2347151Z     useragent (0.16.11)
2025-11-01T02:53:40.2347426Z     websocket-driver (0.8.0)
2025-11-01T02:53:40.2347726Z       base64
2025-11-01T02:53:40.2348004Z       websocket-extensions (>= 0.1.0)
2025-11-01T02:53:40.2348358Z     websocket-extensions (0.1.5)
2025-11-01T02:53:40.2348669Z     with_env (1.1.0)
2025-11-01T02:53:40.2348921Z     xml-simple (1.1.9)
2025-11-01T02:53:40.2349345Z       rexml
2025-11-01T02:53:40.2349597Z     zeitwerk (2.7.3)
2025-11-01T02:53:40.2349772Z 
2025-11-01T02:53:40.2349870Z PLATFORMS
2025-11-01T02:53:40.2350094Z   aarch64-linux
2025-11-01T02:53:40.2350335Z   aarch64-linux-gnu
2025-11-01T02:53:40.2350588Z   aarch64-linux-musl
2025-11-01T02:53:40.2350840Z   arm-linux-gnu
2025-11-01T02:53:40.2351081Z   arm-linux-musl
2025-11-01T02:53:40.2351315Z   arm64-darwin
2025-11-01T02:53:40.2351543Z   x86_64-darwin
2025-11-01T02:53:40.2351762Z   x86_64-linux
2025-11-01T02:53:40.2351993Z   x86_64-linux-gnu
2025-11-01T02:53:40.2352228Z   x86_64-linux-musl
2025-11-01T02:53:40.2352385Z 
2025-11-01T02:53:40.2352480Z DEPENDENCIES
2025-11-01T02:53:40.2352902Z   blueprinter (~> 1.0)
2025-11-01T02:53:40.2353171Z   brakeman (~> 6.1)
2025-11-01T02:53:40.2353431Z   bundler-audit (~> 0.9)
2025-11-01T02:53:40.2353697Z   debug
2025-11-01T02:53:40.2353914Z   dotenv-rails
2025-11-01T02:53:40.2354158Z   factory_bot_rails (~> 6.4)
2025-11-01T02:53:40.2354448Z   faker (~> 3.2)
2025-11-01T02:53:40.2354676Z   i18n-tasks
2025-11-01T02:53:40.2355055Z   license_finder
2025-11-01T02:53:40.2355298Z   ostruct
2025-11-01T02:53:40.2355515Z   pagy (~> 6.0)
2025-11-01T02:53:40.2355742Z   pg (~> 1.1)
2025-11-01T02:53:40.2355968Z   puma (>= 5.0)
2025-11-01T02:53:40.2356192Z   rails (~> 8.0.2)
2025-11-01T02:53:40.2356431Z   rails-i18n
2025-11-01T02:53:40.2356643Z   reek
2025-11-01T02:53:40.2356863Z   rspec-rails (~> 6.1)
2025-11-01T02:53:40.2357141Z   rspec_junit_formatter (~> 0.6)
2025-11-01T02:53:40.2357488Z   rswag-api (~> 2.13)
2025-11-01T02:53:40.2357782Z   rswag-specs (~> 2.13)
2025-11-01T02:53:40.2358048Z   rswag-ui (~> 2.13)
2025-11-01T02:53:40.2358300Z   rubocop (~> 1.59)
2025-11-01T02:53:40.2358562Z   rubocop-rails (~> 2.23)
2025-11-01T02:53:40.2358850Z   rubocop-rspec (~> 2.26)
2025-11-01T02:53:40.2359276Z   shoulda-matchers (~> 6.0)
2025-11-01T02:53:40.2359576Z   simplecov (~> 0.22)
2025-11-01T02:53:40.2359848Z   tzinfo-data
2025-11-01T02:53:40.2360086Z   u-case (~> 4.5)
2025-11-01T02:53:40.2360234Z 
2025-11-01T02:53:40.2360327Z BUNDLED WITH
2025-11-01T02:53:40.2360564Z    2.6.9
2025-11-01T02:53:40.2361099Z ##[endgroup]
2025-11-01T02:53:40.2362294Z Cache key: setup-ruby-bundler-cache-v6-ubuntu-24.04-x64-ruby-3.3.10-wd-/home/runner/work/restaurant/restaurant-with--without--only--Gemfile.lock-d55fc1d3465e457c9082700b0ff103cce4170f5a7a5755fdbc99aa04b04c6fe6
2025-11-01T02:53:40.5703056Z Cache hit for: setup-ruby-bundler-cache-v6-ubuntu-24.04-x64-ruby-3.3.10-wd-/home/runner/work/restaurant/restaurant-with--without--only--Gemfile.lock-d55fc1d3465e457c9082700b0ff103cce4170f5a7a5755fdbc99aa04b04c6fe6
2025-11-01T02:53:41.8915341Z Received 0 of 58822349 (0.0%), 0.0 MBs/sec
2025-11-01T02:53:42.4325540Z Received 58822349 of 58822349 (100.0%), 36.4 MBs/sec
2025-11-01T02:53:42.4326665Z Cache Size: ~56 MB (58822349 B)
2025-11-01T02:53:42.4420108Z [command]/usr/bin/tar -xf /home/runner/work/_temp/0a834f9d-fbce-4a32-9980-cceaf722c005/cache.tzst -P -C /home/runner/work/restaurant/restaurant --use-compress-program unzstd
2025-11-01T02:53:43.0171876Z Cache restored successfully
2025-11-01T02:53:43.0291963Z Found cache for key: setup-ruby-bundler-cache-v6-ubuntu-24.04-x64-ruby-3.3.10-wd-/home/runner/work/restaurant/restaurant-with--without--only--Gemfile.lock-d55fc1d3465e457c9082700b0ff103cce4170f5a7a5755fdbc99aa04b04c6fe6
2025-11-01T02:53:43.0304569Z [command]/opt/hostedtoolcache/Ruby/3.3.10/x64/bin/bundle install --jobs 4
2025-11-01T02:53:43.4379212Z Bundle complete! 28 Gemfile dependencies, 137 gems now installed.
2025-11-01T02:53:43.4380108Z Bundled gems are installed into `./vendor/bundle`
2025-11-01T02:53:43.4381232Z 1 installed gem you directly depend on is looking for funding.
2025-11-01T02:53:43.4381801Z   Run `bundle fund` for details
2025-11-01T02:53:43.4539341Z Took   3.56 seconds
2025-11-01T02:53:43.4661561Z ##[group]Run bin/rails db:prepare
2025-11-01T02:53:43.4661857Z [36;1mbin/rails db:prepare[0m
2025-11-01T02:53:43.4696411Z shell: /usr/bin/bash -e {0}
2025-11-01T02:53:43.4696636Z env:
2025-11-01T02:53:43.4696803Z   RAILS_ENV: test
2025-11-01T02:53:43.4697238Z   DATABASE_URL: ***localhost:5432/test
2025-11-01T02:53:43.4697482Z ##[endgroup]
2025-11-01T02:54:07.0062577Z Created database 'test'
2025-11-01T02:54:07.0269386Z ##[group]Run bundle exec rspec --format progress --format RspecJunitFormatter --out tmp/rspec.xml
2025-11-01T02:54:07.0270488Z [36;1mbundle exec rspec --format progress --format RspecJunitFormatter --out tmp/rspec.xml[0m
2025-11-01T02:54:07.0305977Z shell: /usr/bin/bash -e {0}
2025-11-01T02:54:07.0306214Z env:
2025-11-01T02:54:07.0306381Z   RAILS_ENV: test
2025-11-01T02:54:07.0306810Z   DATABASE_URL: ***localhost:5432/test
2025-11-01T02:54:07.0307057Z ##[endgroup]
2025-11-01T02:54:08.0438949Z /home/runner/work/restaurant/restaurant/vendor/bundle/ruby/3.3.0/gems/u-case-4.5.2/lib/micro/case.rb:74: warning: method redefined; discarding old inherited
2025-11-01T02:54:08.0440920Z /home/runner/work/restaurant/restaurant/vendor/bundle/ruby/3.3.0/gems/u-attributes-2.8.0/lib/micro/attributes.rb:22: warning: previous definition of inherited was here
2025-11-01T02:54:08.8628211Z /home/runner/work/restaurant/restaurant/app/repositories/persistence/menu_items_repository.rb:67: warning: mismatched indentations at 'end' with 'class' at 4
2025-11-01T02:54:08.8630679Z /home/runner/work/restaurant/restaurant/app/repositories/persistence/menus_repository.rb:65: warning: mismatched indentations at 'end' with 'class' at 4
2025-11-01T02:54:08.8634600Z /home/runner/work/restaurant/restaurant/app/repositories/persistence/restaurants_repository.rb:79: warning: mismatched indentations at 'end' with 'class' at 4
2025-11-01T02:54:11.7783235Z /home/runner/work/restaurant/restaurant/spec/models/menu_item_spec.rb:36: warning: assigned but unused variable - item3
2025-11-01T02:54:11.7784321Z /home/runner/work/restaurant/restaurant/spec/models/menu_item_spec.rb:37: warning: assigned but unused variable - item1
2025-11-01T02:54:11.7785297Z /home/runner/work/restaurant/restaurant/spec/models/menu_item_spec.rb:38: warning: assigned but unused variable - item2
2025-11-01T02:54:11.7882421Z /home/runner/work/restaurant/restaurant/spec/models/menu_spec.rb:38: warning: assigned but unused variable - menu3
2025-11-01T02:54:11.7883698Z /home/runner/work/restaurant/restaurant/spec/models/menu_spec.rb:39: warning: assigned but unused variable - menu1
2025-11-01T02:54:11.7884653Z /home/runner/work/restaurant/restaurant/spec/models/menu_spec.rb:40: warning: assigned but unused variable - menu2
2025-11-01T02:54:11.7933650Z /home/runner/work/restaurant/restaurant/spec/models/restaurant_spec.rb:37: warning: assigned but unused variable - restaurant3
2025-11-01T02:54:11.7934896Z /home/runner/work/restaurant/restaurant/spec/models/restaurant_spec.rb:38: warning: assigned but unused variable - restaurant1
2025-11-01T02:54:11.7935928Z /home/runner/work/restaurant/restaurant/spec/models/restaurant_spec.rb:39: warning: assigned but unused variable - restaurant2
2025-11-01T02:54:11.9160236Z 
2025-11-01T02:54:11.9160695Z Randomized with seed 8715
2025-11-01T02:57:45.0344474Z /home/runner/work/restaurant/restaurant/vendor/bundle/ruby/3.3.0/gems/rspec-rails-6.1.5/lib/rspec/rails/matchers/have_http_status.rb:219: warning: Status code :unprocessable_entity is deprecated and will be removed in a future version of Rack. Please use :unprocessable_content instead.
2025-11-01T02:57:50.2323636Z /home/runner/work/restaurant/restaurant/vendor/bundle/ruby/3.3.0/gems/rspec-rails-6.1.5/lib/rspec/rails/matchers/have_http_status.rb:219: warning: Status code :unprocessable_entity is deprecated and will be removed in a future version of Rack. Please use :unprocessable_content instead.
2025-11-01T02:57:50.9332954Z /home/runner/work/restaurant/restaurant/vendor/bundle/ruby/3.3.0/gems/rspec-rails-6.1.5/lib/rspec/rails/matchers/have_http_status.rb:219: warning: Status code :unprocessable_entity is deprecated and will be removed in a future version of Rack. Please use :unprocessable_content instead.
2025-11-01T02:58:16.8635632Z ............................F.........F.....................FFF...............................................................................................................................FF......................................................
2025-11-01T02:58:16.9762935Z 
2025-11-01T02:58:16.9763276Z Failures:
2025-11-01T02:58:16.9763524Z 
2025-11-01T02:58:16.9763796Z   1) MenuItem scopes .ordered orders menu items by id
2025-11-01T02:58:16.9764512Z      Failure/Error: to_create { |instance| instance.save! }
2025-11-01T02:58:16.9764884Z 
2025-11-01T02:58:16.9771561Z      ActiveRecord::RecordInvalid:
2025-11-01T02:58:16.9771943Z        Validation failed: Name has already been taken
2025-11-01T02:58:16.9772477Z      # ./spec/support/config/factory_bot.rb:27:in `block (2 levels) in <top (required)>'
2025-11-01T02:58:16.9773338Z      # ./spec/models/menu_item_spec.rb:36:in `block (4 levels) in <top (required)>'
2025-11-01T02:58:16.9773700Z 
2025-11-01T02:58:16.9773956Z   2) MenuItem callbacks normalizes :name strips leading and trailing whitespace
2025-11-01T02:58:16.9774500Z      Failure/Error: to_create { |instance| instance.save! }
2025-11-01T02:58:16.9774779Z 
2025-11-01T02:58:16.9774896Z      ActiveRecord::RecordInvalid:
2025-11-01T02:58:16.9775181Z        Validation failed: Name has already been taken
2025-11-01T02:58:16.9775587Z      # ./spec/support/config/factory_bot.rb:27:in `block (2 levels) in <top (required)>'
2025-11-01T02:58:16.9776067Z      # ./spec/models/menu_item_spec.rb:17:in `block (4 levels) in <top (required)>'
2025-11-01T02:58:16.9776337Z 
2025-11-01T02:58:16.9776589Z   3) MenuBlueprint.render with menu_item_placements association includes prices for each item
2025-11-01T02:58:16.9777046Z      Failure/Error: to_create { |instance| instance.save! }
2025-11-01T02:58:16.9777272Z 
2025-11-01T02:58:16.9777362Z      ActiveRecord::RecordInvalid:
2025-11-01T02:58:16.9777627Z        Validation failed: Name has already been taken
2025-11-01T02:58:16.9778026Z      # ./spec/support/config/factory_bot.rb:27:in `block (2 levels) in <top (required)>'
2025-11-01T02:58:16.9778545Z      # ./spec/blueprints/menu_blueprint_spec.rb:31:in `block (4 levels) in <top (required)>'
2025-11-01T02:58:16.9779261Z      # ./spec/blueprints/menu_blueprint_spec.rb:33:in `block (4 levels) in <top (required)>'
2025-11-01T02:58:16.9779577Z 
2025-11-01T02:58:16.9779881Z   4) MenuBlueprint.render with menu_item_placements association renders items with MenuItemPlacementBlueprint
2025-11-01T02:58:16.9780407Z      Failure/Error: to_create { |instance| instance.save! }
2025-11-01T02:58:16.9780616Z 
2025-11-01T02:58:16.9780730Z      ActiveRecord::RecordInvalid:
2025-11-01T02:58:16.9780993Z        Validation failed: Name has already been taken
2025-11-01T02:58:16.9781381Z      # ./spec/support/config/factory_bot.rb:27:in `block (2 levels) in <top (required)>'
2025-11-01T02:58:16.9781874Z      # ./spec/blueprints/menu_blueprint_spec.rb:31:in `block (4 levels) in <top (required)>'
2025-11-01T02:58:16.9782370Z      # ./spec/blueprints/menu_blueprint_spec.rb:33:in `block (4 levels) in <top (required)>'
2025-11-01T02:58:16.9782680Z 
2025-11-01T02:58:16.9783394Z   5) MenuBlueprint.render with menu_item_placements association includes all menu item placements as items
2025-11-01T02:58:16.9784031Z      Failure/Error: to_create { |instance| instance.save! }
2025-11-01T02:58:16.9784284Z 
2025-11-01T02:58:16.9784440Z      ActiveRecord::RecordInvalid:
2025-11-01T02:58:16.9784868Z        Validation failed: Name has already been taken
2025-11-01T02:58:16.9785516Z      # ./spec/support/config/factory_bot.rb:27:in `block (2 levels) in <top (required)>'
2025-11-01T02:58:16.9786346Z      # ./spec/blueprints/menu_blueprint_spec.rb:31:in `block (4 levels) in <top (required)>'
2025-11-01T02:58:16.9787197Z      # ./spec/blueprints/menu_blueprint_spec.rb:33:in `block (4 levels) in <top (required)>'
2025-11-01T02:58:16.9787705Z 
2025-11-01T02:58:16.9788106Z   6) Api::V1::Restaurants /api/v1/restaurants get restaurants found returns a 200 response
2025-11-01T02:58:16.9788754Z      Failure/Error: expect(json.size).to eq(3)
2025-11-01T02:58:16.9789196Z 
2025-11-01T02:58:16.9789317Z        expected: 3
2025-11-01T02:58:16.9789593Z             got: 100
2025-11-01T02:58:16.9789775Z 
2025-11-01T02:58:16.9790090Z        (compared using ==)
2025-11-01T02:58:16.9790628Z      # ./spec/requests/api/v1/restaurants_spec.rb:26:in `block (5 levels) in <top (required)>'
2025-11-01T02:58:16.9791150Z 
2025-11-01T02:58:16.9791577Z   7) Api::V1::Restaurants /api/v1/restaurants get empty list when no restaurants returns a 200 response
2025-11-01T02:58:16.9792272Z      Failure/Error: expect(json).to eq([])
2025-11-01T02:58:16.9792560Z 
2025-11-01T02:58:16.9792670Z        expected: []
2025-11-01T02:58:16.9793428Z             got: [{"id"=>1, "menus"=>[{"id"=>1, "items"=>[{"id"=>344, "name"=>"Nuggets 5", "price"=>"13.09"}, {"id"=>4... {"id"=>47, "name"=>"Sirloin", "price"=>"10.44"}], "name"=>"Drinks"}], "name"=>"Restaurant 000100"}]
2025-11-01T02:58:16.9794147Z 
2025-11-01T02:58:16.9794230Z        (compared using ==)
2025-11-01T02:58:16.9794361Z 
2025-11-01T02:58:16.9794424Z        Diff:
2025-11-01T02:58:16.9794593Z        @@ -1 +1,1300 @@
2025-11-01T02:58:16.9794791Z        -[]
2025-11-01T02:58:16.9794944Z        +[{"id"=>1,
2025-11-01T02:58:16.9795113Z        +  "menus"=>
2025-11-01T02:58:16.9795278Z        +   [{"id"=>1,
2025-11-01T02:58:16.9795444Z        +     "items"=>
2025-11-01T02:58:16.9795660Z        +      [{"id"=>344, "name"=>"Nuggets 5", "price"=>"13.09"},
2025-11-01T02:58:16.9795946Z        +       {"id"=>430, "name"=>"Tea 6", "price"=>"10.63"}],
2025-11-01T02:58:16.9796193Z        +     "name"=>"Main"},
2025-11-01T02:58:16.9796388Z        +    {"id"=>2,
2025-11-01T02:58:16.9796561Z        +     "items"=>
2025-11-01T02:58:16.9796777Z        +      [{"id"=>59, "name"=>"PannaCotta", "price"=>"30.56"},
2025-11-01T02:58:16.9797088Z        +       {"id"=>344, "name"=>"Nuggets 5", "price"=>"21.13"}],
2025-11-01T02:58:16.9797348Z        +     "name"=>"Drinks"}],
2025-11-01T02:58:16.9797566Z        +  "name"=>"Restaurant 000001"},
2025-11-01T02:58:16.9797784Z        + {"id"=>2,
2025-11-01T02:58:16.9797951Z        +  "menus"=>
2025-11-01T02:58:16.9798119Z        +   [{"id"=>3,
2025-11-01T02:58:16.9798281Z        +     "items"=>
2025-11-01T02:58:16.9798493Z        +      [{"id"=>484, "name"=>"Steak 7", "price"=>"48.82"},
2025-11-01T02:58:16.9798771Z        +       {"id"=>361, "name"=>"Juice 5", "price"=>"25.37"}],
2025-11-01T02:58:16.9799180Z        +     "name"=>"Main"},
2025-11-01T02:58:16.9799396Z        +    {"id"=>4,
2025-11-01T02:58:16.9799564Z        +     "items"=>
2025-11-01T02:58:16.9799773Z        +      [{"id"=>480, "name"=>"Sashimi 7", "price"=>"15.45"},
2025-11-01T02:58:16.9800067Z        +       {"id"=>347, "name"=>"Cheesecake 5", "price"=>"15.27"}],
2025-11-01T02:58:16.9800337Z        +     "name"=>"Drinks"}],
2025-11-01T02:58:16.9800553Z        +  "name"=>"Restaurant 000002"},
2025-11-01T02:58:16.9800768Z        + {"id"=>3,
2025-11-01T02:58:16.9800929Z        +  "menus"=>
2025-11-01T02:58:16.9801095Z        +   [{"id"=>5,
2025-11-01T02:58:16.9801261Z        +     "items"=>
2025-11-01T02:58:16.9801467Z        +      [{"id"=>182, "name"=>"Tacos 3", "price"=>"39.82"},
2025-11-01T02:58:16.9801749Z        +       {"id"=>430, "name"=>"Tea 6", "price"=>"33.69"}],
2025-11-01T02:58:16.9801993Z        +     "name"=>"Main"},
2025-11-01T02:58:16.9802186Z        +    {"id"=>6,
2025-11-01T02:58:16.9802356Z        +     "items"=>
2025-11-01T02:58:16.9802552Z        +      [{"id"=>215, "name"=>"Juice 3", "price"=>"33.9"},
2025-11-01T02:58:16.9802826Z        +       {"id"=>312, "name"=>"Salad 5", "price"=>"30.52"}],
2025-11-01T02:58:16.9803079Z        +     "name"=>"Drinks"}],
2025-11-01T02:58:16.9803289Z        +  "name"=>"Restaurant 000003"},
2025-11-01T02:58:16.9803505Z        + {"id"=>4,
2025-11-01T02:58:16.9803666Z        +  "menus"=>
2025-11-01T02:58:16.9803830Z        +   [{"id"=>7,
2025-11-01T02:58:16.9803995Z        +     "items"=>
2025-11-01T02:58:16.9804204Z        +      [{"id"=>169, "name"=>"Caprese 3", "price"=>"32.74"},
2025-11-01T02:58:16.9804489Z        +       {"id"=>7, "name"=>"Pizza", "price"=>"44.2"}],
2025-11-01T02:58:16.9804735Z        +     "name"=>"Main"},
2025-11-01T02:58:16.9804926Z        +    {"id"=>8,
2025-11-01T02:58:16.9805213Z        +     "items"=>
2025-11-01T02:58:16.9805417Z        +      [{"id"=>406, "name"=>"Nigiri 6", "price"=>"28.67"},
2025-11-01T02:58:16.9805704Z        +       {"id"=>371, "name"=>"FishBurger 6", "price"=>"49.07"}],
2025-11-01T02:58:16.9805967Z        +     "name"=>"Drinks"}],
2025-11-01T02:58:16.9806175Z        +  "name"=>"Restaurant 000004"},
2025-11-01T02:58:16.9806385Z        + {"id"=>5,
2025-11-01T02:58:16.9806545Z        +  "menus"=>
2025-11-01T02:58:16.9806706Z        +   [{"id"=>9,
2025-11-01T02:58:16.9806975Z        +     "items"=>
2025-11-01T02:58:16.9807181Z        +      [{"id"=>485, "name"=>"Sirloin 7", "price"=>"49.36"},
2025-11-01T02:58:16.9807476Z        +       {"id"=>440, "name"=>"Cheeseburger 7", "price"=>"46.92"}],
2025-11-01T02:58:16.9807736Z        +     "name"=>"Main"},
2025-11-01T02:58:16.9807925Z        +    {"id"=>10,
2025-11-01T02:58:16.9808091Z        +     "items"=>
2025-11-01T02:58:16.9808302Z        +      [{"id"=>244, "name"=>"Soup 4", "price"=>"12.86"},
2025-11-01T02:58:16.9808598Z        +       {"id"=>278, "name"=>"PannaCotta 4", "price"=>"49.88"}],
2025-11-01T02:58:16.9808859Z        +     "name"=>"Drinks"}],
2025-11-01T02:58:16.9809271Z        +  "name"=>"Restaurant 000005"},
2025-11-01T02:58:16.9809490Z        + {"id"=>6,
2025-11-01T02:58:16.9809656Z        +  "menus"=>
2025-11-01T02:58:16.9809819Z        +   [{"id"=>11,
2025-11-01T02:58:16.9809982Z        +     "items"=>
2025-11-01T02:58:16.9810193Z        +      [{"id"=>78, "name"=>"ChickenBurger 2", "price"=>"44.68"},
2025-11-01T02:58:16.9810499Z        +       {"id"=>230, "name"=>"Calabrese 4", "price"=>"10.32"}],
2025-11-01T02:58:16.9810750Z        +     "name"=>"Main"},
2025-11-01T02:58:16.9810944Z        +    {"id"=>12,
2025-11-01T02:58:16.9811112Z        +     "items"=>
2025-11-01T02:58:16.9811312Z        +      [{"id"=>254, "name"=>"HamTurkey 4", "price"=>"43.29"},
2025-11-01T02:58:16.9811588Z        +       {"id"=>171, "name"=>"Soup 3", "price"=>"46.85"}],
2025-11-01T02:58:16.9811842Z        +     "name"=>"Drinks"}],
2025-11-01T02:58:16.9812049Z        +  "name"=>"Restaurant 000006"},
2025-11-01T02:58:16.9812256Z        + {"id"=>7,
2025-11-01T02:58:16.9812416Z        +  "menus"=>
2025-11-01T02:58:16.9812579Z        +   [{"id"=>13,
2025-11-01T02:58:16.9812742Z        +     "items"=>
2025-11-01T02:58:16.9812946Z        +      [{"id"=>475, "name"=>"Burrito 7", "price"=>"33.01"},
2025-11-01T02:58:16.9813216Z        +       {"id"=>170, "name"=>"Cobb 3", "price"=>"29.81"}],
2025-11-01T02:58:16.9813455Z        +     "name"=>"Main"},
2025-11-01T02:58:16.9813654Z        +    {"id"=>14,
2025-11-01T02:58:16.9813820Z        +     "items"=>
2025-11-01T02:58:16.9814017Z        +      [{"id"=>331, "name"=>"Nachos 5", "price"=>"20.53"},
2025-11-01T02:58:16.9814299Z        +       {"id"=>449, "name"=>"Calabrese 7", "price"=>"42.29"}],
2025-11-01T02:58:16.9814562Z        +     "name"=>"Drinks"}],
2025-11-01T02:58:16.9814765Z        +  "name"=>"Restaurant 000007"},
2025-11-01T02:58:16.9814979Z        + {"id"=>8,
2025-11-01T02:58:16.9815144Z        +  "menus"=>
2025-11-01T02:58:16.9815308Z        +   [{"id"=>15,
2025-11-01T02:58:16.9815471Z        +     "items"=>
2025-11-01T02:58:16.9815670Z        +      [{"id"=>287, "name"=>"Chai 4", "price"=>"26.23"},
2025-11-01T02:58:16.9815945Z        +       {"id"=>411, "name"=>"Steak 6", "price"=>"18.22"}],
2025-11-01T02:58:16.9816184Z        +     "name"=>"Main"},
2025-11-01T02:58:16.9816373Z        +    {"id"=>16,
2025-11-01T02:58:16.9816538Z        +     "items"=>
2025-11-01T02:58:16.9816747Z        +      [{"id"=>300, "name"=>"Margherita 5", "price"=>"46.63"},
2025-11-01T02:58:16.9817041Z        +       {"id"=>373, "name"=>"Margherita 6", "price"=>"27.46"}],
2025-11-01T02:58:16.9817302Z        +     "name"=>"Drinks"}],
2025-11-01T02:58:16.9817505Z        +  "name"=>"Restaurant 000008"},
2025-11-01T02:58:16.9817719Z        + {"id"=>9,
2025-11-01T02:58:16.9817879Z        +  "menus"=>
2025-11-01T02:58:16.9818113Z        +   [{"id"=>17,
2025-11-01T02:58:16.9818585Z        +     "items"=>
2025-11-01T02:58:16.9818929Z        +      [{"id"=>187, "name"=>"Nigiri 3", "price"=>"18.19"},
2025-11-01T02:58:16.9819452Z        +       {"id"=>21, "name"=>"Caesar", "price"=>"28.64"}],
2025-11-01T02:58:16.9819699Z        +     "name"=>"Main"},
2025-11-01T02:58:16.9819891Z        +    {"id"=>18,
2025-11-01T02:58:16.9820059Z        +     "items"=>
2025-11-01T02:58:16.9820260Z        +      [{"id"=>234, "name"=>"Bolognese 4", "price"=>"23.13"},
2025-11-01T02:58:16.9820542Z        +       {"id"=>232, "name"=>"Pasta 4", "price"=>"24.63"}],
2025-11-01T02:58:16.9820928Z        +     "name"=>"Drinks"}],
2025-11-01T02:58:16.9821131Z        +  "name"=>"Restaurant 000009"},
2025-11-01T02:58:16.9821344Z        + {"id"=>10,
2025-11-01T02:58:16.9821505Z        +  "menus"=>
2025-11-01T02:58:16.9821662Z        +   [{"id"=>19,
2025-11-01T02:58:16.9821829Z        +     "items"=>
2025-11-01T02:58:16.9822025Z        +      [{"id"=>500, "name"=>"Latte 7", "price"=>"36.8"},
2025-11-01T02:58:16.9822307Z        +       {"id"=>49, "name"=>"FiletMignon", "price"=>"20.45"}],
2025-11-01T02:58:16.9822558Z        +     "name"=>"Main"},
2025-11-01T02:58:16.9822749Z        +    {"id"=>20,
2025-11-01T02:58:16.9822916Z        +     "items"=>
2025-11-01T02:58:16.9823107Z        +      [{"id"=>93, "name"=>"Salad 2", "price"=>"44.43"},
2025-11-01T02:58:16.9823383Z        +       {"id"=>475, "name"=>"Burrito 7", "price"=>"28.26"}],
2025-11-01T02:58:16.9823636Z        +     "name"=>"Drinks"}],
2025-11-01T02:58:16.9823840Z        +  "name"=>"Restaurant 000010"},
2025-11-01T02:58:16.9824062Z        + {"id"=>11,
2025-11-01T02:58:16.9824223Z        +  "menus"=>
2025-11-01T02:58:16.9824380Z        +   [{"id"=>21,
2025-11-01T02:58:16.9824547Z        +     "items"=>
2025-11-01T02:58:16.9824745Z        +      [{"id"=>107, "name"=>"Tuna 2", "price"=>"46.27"},
2025-11-01T02:58:16.9825019Z        +       {"id"=>87, "name"=>"Carbonara 2", "price"=>"43.89"}],
2025-11-01T02:58:16.9825262Z        +     "name"=>"Main"},
2025-11-01T02:58:16.9825455Z        +    {"id"=>22,
2025-11-01T02:58:16.9825624Z        +     "items"=>
2025-11-01T02:58:16.9825822Z        +      [{"id"=>475, "name"=>"Burrito 7", "price"=>"28.63"},
2025-11-01T02:58:16.9826095Z        +       {"id"=>249, "name"=>"Onion 4", "price"=>"48.19"}],
2025-11-01T02:58:16.9826343Z        +     "name"=>"Drinks"}],
2025-11-01T02:58:16.9826548Z        +  "name"=>"Restaurant 000011"},
2025-11-01T02:58:16.9826759Z        + {"id"=>12,
2025-11-01T02:58:16.9826922Z        +  "menus"=>
2025-11-01T02:58:16.9827085Z        +   [{"id"=>23,
2025-11-01T02:58:16.9827252Z        +     "items"=>
2025-11-01T02:58:16.9827449Z        +      [{"id"=>338, "name"=>"Steak 5", "price"=>"12.29"},
2025-11-01T02:58:16.9827717Z        +       {"id"=>356, "name"=>"Mocha 5", "price"=>"45.13"}],
2025-11-01T02:58:16.9827954Z        +     "name"=>"Main"},
2025-11-01T02:58:16.9828152Z        +    {"id"=>24,
2025-11-01T02:58:16.9828332Z        +     "items"=>
2025-11-01T02:58:16.9828548Z        +      [{"id"=>6, "name"=>"FishBurger", "price"=>"28.91"},
2025-11-01T02:58:16.9828848Z        +       {"id"=>327, "name"=>"HamTurkey 5", "price"=>"48.59"}],
2025-11-01T02:58:16.9829268Z        +     "name"=>"Drinks"}],
2025-11-01T02:58:16.9829483Z        +  "name"=>"Restaurant 000012"},
2025-11-01T02:58:16.9829707Z        + {"id"=>13,
2025-11-01T02:58:16.9829879Z        +  "menus"=>
2025-11-01T02:58:16.9830040Z        +   [{"id"=>25,
2025-11-01T02:58:16.9830213Z        +     "items"=>
2025-11-01T02:58:16.9830418Z        +      [{"id"=>143, "name"=>"Orange 2", "price"=>"48.64"},
2025-11-01T02:58:16.9830709Z        +       {"id"=>28, "name"=>"Noodle", "price"=>"17.98"}],
2025-11-01T02:58:16.9830957Z        +     "name"=>"Main"},
2025-11-01T02:58:16.9831151Z        +    {"id"=>26,
2025-11-01T02:58:16.9831323Z        +     "items"=>
2025-11-01T02:58:16.9831519Z        +      [{"id"=>313, "name"=>"Caesar 5", "price"=>"14.98"},
2025-11-01T02:58:16.9831801Z        +       {"id"=>206, "name"=>"Coffee 3", "price"=>"21.57"}],
2025-11-01T02:58:16.9832175Z        +     "name"=>"Drinks"}],
2025-11-01T02:58:16.9832394Z        +  "name"=>"Restaurant 000013"},
2025-11-01T02:58:16.9832615Z        + {"id"=>14,
2025-11-01T02:58:16.9832779Z        +  "menus"=>
2025-11-01T02:58:16.9832935Z        +   [{"id"=>27,
2025-11-01T02:58:16.9833105Z        +     "items"=>
2025-11-01T02:58:16.9833310Z        +      [{"id"=>41, "name"=>"Nigiri", "price"=>"14.32"},
2025-11-01T02:58:16.9833583Z        +       {"id"=>80, "name"=>"Pizza 2", "price"=>"44.18"}],
2025-11-01T02:58:16.9833836Z        +     "name"=>"Main"},
2025-11-01T02:58:16.9834137Z        +    {"id"=>28,
2025-11-01T02:58:16.9834304Z        +     "items"=>
2025-11-01T02:58:16.9834512Z        +      [{"id"=>155, "name"=>"Pepperoni 3", "price"=>"29.41"},
2025-11-01T02:58:16.9834799Z        +       {"id"=>241, "name"=>"Greek 4", "price"=>"32.09"}],
2025-11-01T02:58:16.9835046Z        +     "name"=>"Drinks"}],
2025-11-01T02:58:16.9835253Z        +  "name"=>"Restaurant 000014"},
2025-11-01T02:58:16.9835471Z        + {"id"=>15,
2025-11-01T02:58:16.9835643Z        +  "menus"=>
2025-11-01T02:58:16.9835801Z        +   [{"id"=>29,
2025-11-01T02:58:16.9835972Z        +     "items"=>
2025-11-01T02:58:16.9836183Z        +      [{"id"=>191, "name"=>"DragonRoll 3", "price"=>"12.72"},
2025-11-01T02:58:16.9836463Z        +       {"id"=>226, "name"=>"Pizza 4", "price"=>"12.98"}],
2025-11-01T02:58:16.9836708Z        +     "name"=>"Main"},
2025-11-01T02:58:16.9836900Z        +    {"id"=>30,
2025-11-01T02:58:16.9837068Z        +     "items"=>
2025-11-01T02:58:16.9837282Z        +      [{"id"=>431, "name"=>"BlackTea 6", "price"=>"27.32"},
2025-11-01T02:58:16.9837575Z        +       {"id"=>257, "name"=>"Quesadilla 4", "price"=>"42.75"}],
2025-11-01T02:58:16.9837836Z        +     "name"=>"Drinks"}],
2025-11-01T02:58:16.9838042Z        +  "name"=>"Restaurant 000015"},
2025-11-01T02:58:16.9838258Z        + {"id"=>16,
2025-11-01T02:58:16.9838422Z        +  "menus"=>
2025-11-01T02:58:16.9838585Z        +   [{"id"=>31,
2025-11-01T02:58:16.9838758Z        +     "items"=>
2025-11-01T02:58:16.9838959Z        +      [{"id"=>328, "name"=>"Tacos 5", "price"=>"22.12"},
2025-11-01T02:58:16.9839337Z        +       {"id"=>118, "name"=>"DragonRoll 2", "price"=>"11.39"}],
2025-11-01T02:58:16.9839595Z        +     "name"=>"Main"},
2025-11-01T02:58:16.9839786Z        +    {"id"=>32,
2025-11-01T02:58:16.9839955Z        +     "items"=>
2025-11-01T02:58:16.9840151Z        +      [{"id"=>260, "name"=>"Nigiri 4", "price"=>"32.84"},
2025-11-01T02:58:16.9840434Z        +       {"id"=>201, "name"=>"Cheesecake 3", "price"=>"22.04"}],
2025-11-01T02:58:16.9840699Z        +     "name"=>"Drinks"}],
2025-11-01T02:58:16.9840902Z        +  "name"=>"Restaurant 000016"},
2025-11-01T02:58:16.9841139Z        + {"id"=>17,
2025-11-01T02:58:16.9841305Z        +  "menus"=>
2025-11-01T02:58:16.9841460Z        +   [{"id"=>33,
2025-11-01T02:58:16.9841628Z        +     "items"=>
2025-11-01T02:58:16.9841824Z        +      [{"id"=>176, "name"=>"Onion 3", "price"=>"17.97"},
2025-11-01T02:58:16.9842096Z        +       {"id"=>430, "name"=>"Tea 6", "price"=>"17.74"}],
2025-11-01T02:58:16.9842343Z        +     "name"=>"Main"},
2025-11-01T02:58:16.9842534Z        +    {"id"=>34,
2025-11-01T02:58:16.9842703Z        +     "items"=>
2025-11-01T02:58:16.9842900Z        +      [{"id"=>13, "name"=>"Pasta", "price"=>"12.3"},
2025-11-01T02:58:16.9843191Z        +       {"id"=>443, "name"=>"ChickenBurger 7", "price"=>"20.8"}],
2025-11-01T02:58:16.9843457Z        +     "name"=>"Drinks"}],
2025-11-01T02:58:16.9843661Z        +  "name"=>"Restaurant 000017"},
2025-11-01T02:58:16.9843883Z        + {"id"=>18,
2025-11-01T02:58:16.9844049Z        +  "menus"=>
2025-11-01T02:58:16.9844207Z        +   [{"id"=>35,
2025-11-01T02:58:16.9844377Z        +     "items"=>
2025-11-01T02:58:16.9844596Z        +      [{"id"=>67, "name"=>"GreenTea", "price"=>"40.28"},
2025-11-01T02:58:16.9844860Z        +       {"id"=>316, "name"=>"Cobb 5", "price"=>"18.33"}],
2025-11-01T02:58:16.9845103Z        +     "name"=>"Main"},
2025-11-01T02:58:16.9845406Z        +    {"id"=>36,
2025-11-01T02:58:16.9845580Z        +     "items"=>
2025-11-01T02:58:16.9845789Z        +      [{"id"=>132, "name"=>"PannaCotta 2", "price"=>"14.21"},
2025-11-01T02:58:16.9846100Z        +       {"id"=>189, "name"=>"CaliforniaRoll 3", "price"=>"23.54"}],
2025-11-01T02:58:16.9846373Z        +     "name"=>"Drinks"}],
2025-11-01T02:58:16.9846577Z        +  "name"=>"Restaurant 000018"},
2025-11-01T02:58:16.9846791Z        + {"id"=>19,
2025-11-01T02:58:16.9846952Z        +  "menus"=>
2025-11-01T02:58:16.9847212Z        +   [{"id"=>37,
2025-11-01T02:58:16.9847381Z        +     "items"=>
2025-11-01T02:58:16.9847589Z        +      [{"id"=>476, "name"=>"Quesadilla 7", "price"=>"34.39"},
2025-11-01T02:58:16.9847870Z        +       {"id"=>254, "name"=>"HamTurkey 4", "price"=>"11.42"}],
2025-11-01T02:58:16.9848122Z        +     "name"=>"Main"},
2025-11-01T02:58:16.9848314Z        +    {"id"=>38,
2025-11-01T02:58:16.9848484Z        +     "items"=>
2025-11-01T02:58:16.9848693Z        +      [{"id"=>499, "name"=>"Espresso 7", "price"=>"16.76"},
2025-11-01T02:58:16.9848989Z        +       {"id"=>295, "name"=>"DoubleBurger 5", "price"=>"36.43"}],
2025-11-01T02:58:16.9849351Z        +     "name"=>"Drinks"}],
2025-11-01T02:58:16.9849557Z        +  "name"=>"Restaurant 000019"},
2025-11-01T02:58:16.9849772Z        + {"id"=>20,
2025-11-01T02:58:16.9849935Z        +  "menus"=>
2025-11-01T02:58:16.9850091Z        +   [{"id"=>39,
2025-11-01T02:58:16.9850265Z        +     "items"=>
2025-11-01T02:58:16.9850473Z        +      [{"id"=>233, "name"=>"Carbonara 4", "price"=>"44.76"},
2025-11-01T02:58:16.9850764Z        +       {"id"=>124, "name"=>"OnionRings 2", "price"=>"33.77"}],
2025-11-01T02:58:16.9851020Z        +     "name"=>"Main"},
2025-11-01T02:58:16.9851210Z        +    {"id"=>40,
2025-11-01T02:58:16.9851377Z        +     "items"=>
2025-11-01T02:58:16.9851582Z        +      [{"id"=>381, "name"=>"Alfredo 6", "price"=>"15.12"},
2025-11-01T02:58:16.9851872Z        +       {"id"=>45, "name"=>"DragonRoll", "price"=>"29.79"}],
2025-11-01T02:58:16.9852129Z        +     "name"=>"Drinks"}],
2025-11-01T02:58:16.9852335Z        +  "name"=>"Restaurant 000020"},
2025-11-01T02:58:16.9852548Z        + {"id"=>21,
2025-11-01T02:58:16.9852710Z        +  "menus"=>
2025-11-01T02:58:16.9852867Z        +   [{"id"=>41,
2025-11-01T02:58:16.9853035Z        +     "items"=>
2025-11-01T02:58:16.9853234Z        +      [{"id"=>50, "name"=>"Fries", "price"=>"32.7"},
2025-11-01T02:58:16.9853509Z        +       {"id"=>302, "name"=>"FourCheese 5", "price"=>"11.58"}],
2025-11-01T02:58:16.9853770Z        +     "name"=>"Main"},
2025-11-01T02:58:16.9853960Z        +    {"id"=>42,
2025-11-01T02:58:16.9854125Z        +     "items"=>
2025-11-01T02:58:16.9854327Z        +      [{"id"=>364, "name"=>"Grape 5", "price"=>"38.7"},
2025-11-01T02:58:16.9854603Z        +       {"id"=>309, "name"=>"Pesto 5", "price"=>"37.74"}],
2025-11-01T02:58:16.9854856Z        +     "name"=>"Drinks"}],
2025-11-01T02:58:16.9855063Z        +  "name"=>"Restaurant 000021"},
2025-11-01T02:58:16.9855282Z        + {"id"=>22,
2025-11-01T02:58:16.9855445Z        +  "menus"=>
2025-11-01T02:58:16.9855603Z        +   [{"id"=>43,
2025-11-01T02:58:16.9855774Z        +     "items"=>
2025-11-01T02:58:16.9855974Z        +      [{"id"=>290, "name"=>"Apple 4", "price"=>"49.19"},
2025-11-01T02:58:16.9856241Z        +       {"id"=>145, "name"=>"Grape 2", "price"=>"25.02"}],
2025-11-01T02:58:16.9856486Z        +     "name"=>"Main"},
2025-11-01T02:58:16.9856676Z        +    {"id"=>44,
2025-11-01T02:58:16.9856844Z        +     "items"=>
2025-11-01T02:58:16.9857054Z        +      [{"id"=>266, "name"=>"Sirloin 4", "price"=>"15.73"},
2025-11-01T02:58:16.9857335Z        +       {"id"=>20, "name"=>"Salad", "price"=>"15.61"}],
2025-11-01T02:58:16.9857583Z        +     "name"=>"Drinks"}],
2025-11-01T02:58:16.9857791Z        +  "name"=>"Restaurant 000022"},
2025-11-01T02:58:16.9858007Z        + {"id"=>23,
2025-11-01T02:58:16.9858168Z        +  "menus"=>
2025-11-01T02:58:16.9858325Z        +   [{"id"=>45,
2025-11-01T02:58:16.9858608Z        +     "items"=>
2025-11-01T02:58:16.9858811Z        +      [{"id"=>333, "name"=>"Nigiri 5", "price"=>"46.2"},
2025-11-01T02:58:16.9859211Z        +       {"id"=>146, "name"=>"Lemonade 2", "price"=>"14.97"}],
2025-11-01T02:58:16.9859465Z        +     "name"=>"Main"},
2025-11-01T02:58:16.9859654Z        +    {"id"=>46,
2025-11-01T02:58:16.9859817Z        +     "items"=>
2025-11-01T02:58:16.9860026Z        +      [{"id"=>132, "name"=>"PannaCotta 2", "price"=>"25.4"},
2025-11-01T02:58:16.9860459Z        +       {"id"=>466, "name"=>"Noodle 7", "price"=>"48.73"}],
2025-11-01T02:58:16.9860709Z        +     "name"=>"Drinks"}],
2025-11-01T02:58:16.9860911Z        +  "name"=>"Restaurant 000023"},
2025-11-01T02:58:16.9861124Z        + {"id"=>24,
2025-11-01T02:58:16.9861286Z        +  "menus"=>
2025-11-01T02:58:16.9861441Z        +   [{"id"=>47,
2025-11-01T02:58:16.9861607Z        +     "items"=>
2025-11-01T02:58:16.9861809Z        +      [{"id"=>37, "name"=>"Burrito", "price"=>"44.89"},
2025-11-01T02:58:16.9862088Z        +       {"id"=>121, "name"=>"Ribeye 2", "price"=>"12.08"}],
2025-11-01T02:58:16.9862338Z        +     "name"=>"Main"},
2025-11-01T02:58:16.9862528Z        +    {"id"=>48,
2025-11-01T02:58:16.9862692Z        +     "items"=>
2025-11-01T02:58:16.9862892Z        +      [{"id"=>47, "name"=>"Sirloin", "price"=>"28.76"},
2025-11-01T02:58:16.9863171Z        +       {"id"=>280, "name"=>"Espresso 4", "price"=>"25.53"}],
2025-11-01T02:58:16.9863424Z        +     "name"=>"Drinks"}],
2025-11-01T02:58:16.9863634Z        +  "name"=>"Restaurant 000024"},
2025-11-01T02:58:16.9863850Z        + {"id"=>25,
2025-11-01T02:58:16.9864011Z        +  "menus"=>
2025-11-01T02:58:16.9864167Z        +   [{"id"=>49,
2025-11-01T02:58:16.9864337Z        +     "items"=>
2025-11-01T02:58:16.9864536Z        +      [{"id"=>407, "name"=>"Sashimi 6", "price"=>"40.56"},
2025-11-01T02:58:16.9864806Z        +       {"id"=>60, "name"=>"Coffee", "price"=>"34.7"}],
2025-11-01T02:58:16.9865052Z        +     "name"=>"Main"},
2025-11-01T02:58:16.9865247Z        +    {"id"=>50,
2025-11-01T02:58:16.9865410Z        +     "items"=>
2025-11-01T02:58:16.9865606Z        +      [{"id"=>65, "name"=>"Tea", "price"=>"13.39"},
2025-11-01T02:58:16.9865877Z        +       {"id"=>91, "name"=>"Lasagna 2", "price"=>"27.29"}],
2025-11-01T02:58:16.9866131Z        +     "name"=>"Drinks"}],
2025-11-01T02:58:16.9866353Z        +  "name"=>"Restaurant 000025"},
2025-11-01T02:58:16.9866568Z        + {"id"=>26,
2025-11-01T02:58:16.9866731Z        +  "menus"=>
2025-11-01T02:58:16.9866896Z        +   [{"id"=>51,
2025-11-01T02:58:16.9867064Z        +     "items"=>
2025-11-01T02:58:16.9867265Z        +      [{"id"=>220, "name"=>"Burger 4", "price"=>"22.74"},
2025-11-01T02:58:16.9867535Z        +       {"id"=>96, "name"=>"Caprese 2", "price"=>"43.78"}],
2025-11-01T02:58:16.9867781Z        +     "name"=>"Main"},
2025-11-01T02:58:16.9867973Z        +    {"id"=>52,
2025-11-01T02:58:16.9868136Z        +     "items"=>
2025-11-01T02:58:16.9868339Z        +      [{"id"=>361, "name"=>"Juice 5", "price"=>"28.74"},
2025-11-01T02:58:16.9868609Z        +       {"id"=>364, "name"=>"Grape 5", "price"=>"14.46"}],
2025-11-01T02:58:16.9868850Z        +     "name"=>"Drinks"}],
2025-11-01T02:58:16.9869160Z        +  "name"=>"Restaurant 000026"},
2025-11-01T02:58:16.9869382Z        + {"id"=>27,
2025-11-01T02:58:16.9869546Z        +  "menus"=>
2025-11-01T02:58:16.9869704Z        +   [{"id"=>53,
2025-11-01T02:58:16.9869873Z        +     "items"=>
2025-11-01T02:58:16.9870070Z        +      [{"id"=>36, "name"=>"Tacos", "price"=>"21.61"},
2025-11-01T02:58:16.9870344Z        +       {"id"=>105, "name"=>"BLT 2", "price"=>"44.3"}],
2025-11-01T02:58:16.9870588Z        +     "name"=>"Main"},
2025-11-01T02:58:16.9870779Z        +    {"id"=>54,
2025-11-01T02:58:16.9870941Z        +     "items"=>
2025-11-01T02:58:16.9871153Z        +      [{"id"=>483, "name"=>"DragonRoll 7", "price"=>"21.41"},
2025-11-01T02:58:16.9871440Z        +       {"id"=>478, "name"=>"Sushi 7", "price"=>"22.38"}],
2025-11-01T02:58:16.9871803Z        +     "name"=>"Drinks"}],
2025-11-01T02:58:16.9872022Z        +  "name"=>"Restaurant 000027"},
2025-11-01T02:58:16.9872236Z        + {"id"=>28,
2025-11-01T02:58:16.9872397Z        +  "menus"=>
2025-11-01T02:58:16.9872553Z        +   [{"id"=>55,
2025-11-01T02:58:16.9872721Z        +     "items"=>
2025-11-01T02:58:16.9872919Z        +      [{"id"=>386, "name"=>"Caesar 6", "price"=>"35.56"},
2025-11-01T02:58:16.9873188Z        +       {"id"=>14, "name"=>"Carbonara", "price"=>"45.2"}],
2025-11-01T02:58:16.9873540Z        +     "name"=>"Main"},
2025-11-01T02:58:16.9873730Z        +    {"id"=>56,
2025-11-01T02:58:16.9873893Z        +     "items"=>
2025-11-01T02:58:16.9874099Z        +      [{"id"=>273, "name"=>"IceCream 4", "price"=>"14.24"},
2025-11-01T02:58:16.9874383Z        +       {"id"=>45, "name"=>"DragonRoll", "price"=>"10.84"}],
2025-11-01T02:58:16.9874627Z        +     "name"=>"Drinks"}],
2025-11-01T02:58:16.9874839Z        +  "name"=>"Restaurant 000028"},
2025-11-01T02:58:16.9875061Z        + {"id"=>29,
2025-11-01T02:58:16.9875223Z        +  "menus"=>
2025-11-01T02:58:16.9875384Z        +   [{"id"=>57,
2025-11-01T02:58:16.9875556Z        +     "items"=>
2025-11-01T02:58:16.9875767Z        +      [{"id"=>49, "name"=>"FiletMignon", "price"=>"10.35"},
2025-11-01T02:58:16.9876055Z        +       {"id"=>397, "name"=>"BLT 6", "price"=>"31.13"}],
2025-11-01T02:58:16.9876306Z        +     "name"=>"Main"},
2025-11-01T02:58:16.9876504Z        +    {"id"=>58,
2025-11-01T02:58:16.9876673Z        +     "items"=>
2025-11-01T02:58:16.9876908Z        +      [{"id"=>30, "name"=>"Onion", "price"=>"11.81"},
2025-11-01T02:58:16.9877197Z        +       {"id"=>306, "name"=>"Carbonara 5", "price"=>"45.44"}],
2025-11-01T02:58:16.9877457Z        +     "name"=>"Drinks"}],
2025-11-01T02:58:16.9877698Z        +  "name"=>"Restaurant 000029"},
2025-11-01T02:58:16.9877923Z        + {"id"=>30,
2025-11-01T02:58:16.9878084Z        +  "menus"=>
2025-11-01T02:58:16.9878249Z        +   [{"id"=>59,
2025-11-01T02:58:16.9878433Z        +     "items"=>
2025-11-01T02:58:16.9878635Z        +      [{"id"=>468, "name"=>"Onion 7", "price"=>"37.2"},
2025-11-01T02:58:16.9878905Z        +       {"id"=>435, "name"=>"Orange 6", "price"=>"29.5"}],
2025-11-01T02:58:16.9879258Z        +     "name"=>"Main"},
2025-11-01T02:58:16.9879449Z        +    {"id"=>60,
2025-11-01T02:58:16.9879613Z        +     "items"=>
2025-11-01T02:58:16.9879813Z        +      [{"id"=>439, "name"=>"Burger 7", "price"=>"43.77"},
2025-11-01T02:58:16.9880098Z        +       {"id"=>449, "name"=>"Calabrese 7", "price"=>"26.01"}],
2025-11-01T02:58:16.9880357Z        +     "name"=>"Drinks"}],
2025-11-01T02:58:16.9880571Z        +  "name"=>"Restaurant 000030"},
2025-11-01T02:58:16.9880788Z        + {"id"=>31,
2025-11-01T02:58:16.9880950Z        +  "menus"=>
2025-11-01T02:58:16.9881117Z        +   [{"id"=>61,
2025-11-01T02:58:16.9881288Z        +     "items"=>
2025-11-01T02:58:16.9881489Z        +      [{"id"=>387, "name"=>"Greek 6", "price"=>"44.72"},
2025-11-01T02:58:16.9881764Z        +       {"id"=>232, "name"=>"Pasta 4", "price"=>"12.54"}],
2025-11-01T02:58:16.9882010Z        +     "name"=>"Main"},
2025-11-01T02:58:16.9882200Z        +    {"id"=>62,
2025-11-01T02:58:16.9882365Z        +     "items"=>
2025-11-01T02:58:16.9882566Z        +      [{"id"=>97, "name"=>"Cobb 2", "price"=>"49.81"},
2025-11-01T02:58:16.9882841Z        +       {"id"=>17, "name"=>"Pesto", "price"=>"12.91"}],
2025-11-01T02:58:16.9883084Z        +     "name"=>"Drinks"}],
2025-11-01T02:58:16.9883294Z        +  "name"=>"Restaurant 000031"},
2025-11-01T02:58:16.9883516Z        + {"id"=>32,
2025-11-01T02:58:16.9883676Z        +  "menus"=>
2025-11-01T02:58:16.9883838Z        +   [{"id"=>63,
2025-11-01T02:58:16.9884007Z        +     "items"=>
2025-11-01T02:58:16.9884228Z        +      [{"id"=>323, "name"=>"Sandwich 5", "price"=>"27.99"},
2025-11-01T02:58:16.9884521Z        +       {"id"=>88, "name"=>"Bolognese 2", "price"=>"41.39"}],
2025-11-01T02:58:16.9884776Z        +     "name"=>"Main"},
2025-11-01T02:58:16.9885084Z        +    {"id"=>64,
2025-11-01T02:58:16.9885253Z        +     "items"=>
2025-11-01T02:58:16.9885450Z        +      [{"id"=>105, "name"=>"BLT 2", "price"=>"36.83"},
2025-11-01T02:58:16.9885733Z        +       {"id"=>201, "name"=>"Cheesecake 3", "price"=>"42.98"}],
2025-11-01T02:58:16.9885991Z        +     "name"=>"Drinks"}],
2025-11-01T02:58:16.9886206Z        +  "name"=>"Restaurant 000032"},
2025-11-01T02:58:16.9886422Z        + {"id"=>33,
2025-11-01T02:58:16.9886582Z        +  "menus"=>
2025-11-01T02:58:16.9886850Z        +   [{"id"=>65,
2025-11-01T02:58:16.9887021Z        +     "items"=>
2025-11-01T02:58:16.9887218Z        +      [{"id"=>214, "name"=>"Chai 3", "price"=>"28.94"},
2025-11-01T02:58:16.9887490Z        +       {"id"=>16, "name"=>"Alfredo", "price"=>"46.02"}],
2025-11-01T02:58:16.9887739Z        +     "name"=>"Main"},
2025-11-01T02:58:16.9887957Z        +    {"id"=>66,
2025-11-01T02:58:16.9888121Z        +     "items"=>
2025-11-01T02:58:16.9888326Z        +      [{"id"=>434, "name"=>"Juice 6", "price"=>"16.14"},
2025-11-01T02:58:16.9888621Z        +       {"id"=>306, "name"=>"Carbonara 5", "price"=>"22.24"}],
2025-11-01T02:58:16.9888874Z        +     "name"=>"Drinks"}],
2025-11-01T02:58:16.9889173Z        +  "name"=>"Restaurant 000033"},
2025-11-01T02:58:16.9889387Z        + {"id"=>34,
2025-11-01T02:58:16.9889545Z        +  "menus"=>
2025-11-01T02:58:16.9889706Z        +   [{"id"=>67,
2025-11-01T02:58:16.9889879Z        +     "items"=>
2025-11-01T02:58:16.9890074Z        +      [{"id"=>293, "name"=>"Burger 5", "price"=>"37.42"},
2025-11-01T02:58:16.9890353Z        +       {"id"=>41, "name"=>"Nigiri", "price"=>"43.4"}],
2025-11-01T02:58:16.9890597Z        +     "name"=>"Main"},
2025-11-01T02:58:16.9890784Z        +    {"id"=>68,
2025-11-01T02:58:16.9890947Z        +     "items"=>
2025-11-01T02:58:16.9891143Z        +      [{"id"=>249, "name"=>"Onion 4", "price"=>"49.57"},
2025-11-01T02:58:16.9891416Z        +       {"id"=>345, "name"=>"Wings 5", "price"=>"22.76"}],
2025-11-01T02:58:16.9891713Z        +     "name"=>"Drinks"}],
2025-11-01T02:58:16.9892023Z        +  "name"=>"Restaurant 000034"},
2025-11-01T02:58:16.9892330Z        + {"id"=>35,
2025-11-01T02:58:16.9892668Z        +  "menus"=>
2025-11-01T02:58:16.9892969Z        +   [{"id"=>69,
2025-11-01T02:58:16.9893201Z        +     "items"=>
2025-11-01T02:58:16.9893565Z        +      [{"id"=>49, "name"=>"FiletMignon", "price"=>"15.04"},
2025-11-01T02:58:16.9893964Z        +       {"id"=>378, "name"=>"Pasta 6", "price"=>"43.33"}],
2025-11-01T02:58:16.9894275Z        +     "name"=>"Main"},
2025-11-01T02:58:16.9941733Z        +    {"id"=>70,
2025-11-01T02:58:16.9941944Z        +     "items"=>
2025-11-01T02:58:16.9942157Z        +      [{"id"=>435, "name"=>"Orange 6", "price"=>"19.53"},
2025-11-01T02:58:16.9942479Z        +       {"id"=>234, "name"=>"Bolognese 4", "price"=>"15.79"}],
2025-11-01T02:58:16.9942770Z        +     "name"=>"Drinks"}],
2025-11-01T02:58:16.9942994Z        +  "name"=>"Restaurant 000035"},
2025-11-01T02:58:16.9943223Z        + {"id"=>36,
2025-11-01T02:58:16.9943396Z        +  "menus"=>
2025-11-01T02:58:16.9943564Z        +   [{"id"=>71,
2025-11-01T02:58:16.9943738Z        +     "items"=>
2025-11-01T02:58:16.9943947Z        +      [{"id"=>259, "name"=>"Sushi 4", "price"=>"29.54"},
2025-11-01T02:58:16.9944252Z        +       {"id"=>492, "name"=>"IceCream 7", "price"=>"27.64"}],
2025-11-01T02:58:16.9944511Z        +     "name"=>"Main"},
2025-11-01T02:58:16.9944707Z        +    {"id"=>72,
2025-11-01T02:58:16.9944883Z        +     "items"=>
2025-11-01T02:58:16.9945090Z        +      [{"id"=>486, "name"=>"Ribeye 7", "price"=>"36.71"},
2025-11-01T02:58:16.9945371Z        +       {"id"=>97, "name"=>"Cobb 2", "price"=>"48.7"}],
2025-11-01T02:58:16.9945623Z        +     "name"=>"Drinks"}],
2025-11-01T02:58:16.9945838Z        +  "name"=>"Restaurant 000036"},
2025-11-01T02:58:16.9946053Z        + {"id"=>37,
2025-11-01T02:58:16.9946221Z        +  "menus"=>
2025-11-01T02:58:16.9946384Z        +   [{"id"=>73,
2025-11-01T02:58:16.9946712Z        +     "items"=>
2025-11-01T02:58:16.9946920Z        +      [{"id"=>74, "name"=>"Burger 2", "price"=>"30.53"},
2025-11-01T02:58:16.9947215Z        +       {"id"=>294, "name"=>"Cheeseburger 5", "price"=>"21.64"}],
2025-11-01T02:58:16.9947476Z        +     "name"=>"Main"},
2025-11-01T02:58:16.9947668Z        +    {"id"=>74,
2025-11-01T02:58:16.9947837Z        +     "items"=>
2025-11-01T02:58:16.9948039Z        +      [{"id"=>63, "name"=>"Cappuccino", "price"=>"11.96"},
2025-11-01T02:58:16.9948346Z        +       {"id"=>367, "name"=>"Cheeseburger 6", "price"=>"35.28"}],
2025-11-01T02:58:16.9948727Z        +     "name"=>"Drinks"}],
2025-11-01T02:58:16.9948940Z        +  "name"=>"Restaurant 000037"},
2025-11-01T02:58:16.9949290Z        + {"id"=>38,
2025-11-01T02:58:16.9949454Z        +  "menus"=>
2025-11-01T02:58:16.9949617Z        +   [{"id"=>75,
2025-11-01T02:58:16.9949780Z        +     "items"=>
2025-11-01T02:58:16.9949982Z        +      [{"id"=>498, "name"=>"Coffee 7", "price"=>"38.54"},
2025-11-01T02:58:16.9950269Z        +       {"id"=>160, "name"=>"Carbonara 3", "price"=>"42.6"}],
2025-11-01T02:58:16.9950520Z        +     "name"=>"Main"},
2025-11-01T02:58:16.9950709Z        +    {"id"=>76,
2025-11-01T02:58:16.9950878Z        +     "items"=>
2025-11-01T02:58:16.9951075Z        +      [{"id"=>283, "name"=>"Mocha 4", "price"=>"19.93"},
2025-11-01T02:58:16.9951347Z        +       {"id"=>36, "name"=>"Tacos", "price"=>"12.45"}],
2025-11-01T02:58:16.9951598Z        +     "name"=>"Drinks"}],
2025-11-01T02:58:16.9951808Z        +  "name"=>"Restaurant 000038"},
2025-11-01T02:58:16.9952026Z        + {"id"=>39,
2025-11-01T02:58:16.9952187Z        +  "menus"=>
2025-11-01T02:58:16.9952349Z        +   [{"id"=>77,
2025-11-01T02:58:16.9952514Z        +     "items"=>
2025-11-01T02:58:16.9952724Z        +      [{"id"=>154, "name"=>"Margherita 3", "price"=>"10.11"},
2025-11-01T02:58:16.9953014Z        +       {"id"=>393, "name"=>"Noodle 6", "price"=>"20.62"}],
2025-11-01T02:58:16.9953258Z        +     "name"=>"Main"},
2025-11-01T02:58:16.9953449Z        +    {"id"=>78,
2025-11-01T02:58:16.9953618Z        +     "items"=>
2025-11-01T02:58:16.9953810Z        +      [{"id"=>73, "name"=>"Lemonade", "price"=>"11.43"},
2025-11-01T02:58:16.9954094Z        +       {"id"=>110, "name"=>"Burrito 2", "price"=>"41.42"}],
2025-11-01T02:58:16.9954345Z        +     "name"=>"Drinks"}],
2025-11-01T02:58:16.9954548Z        +  "name"=>"Restaurant 000039"},
2025-11-01T02:58:16.9954766Z        + {"id"=>40,
2025-11-01T02:58:16.9954925Z        +  "menus"=>
2025-11-01T02:58:16.9955094Z        +   [{"id"=>79,
2025-11-01T02:58:16.9955266Z        +     "items"=>
2025-11-01T02:58:16.9955467Z        +      [{"id"=>331, "name"=>"Nachos 5", "price"=>"18.11"},
2025-11-01T02:58:16.9955752Z        +       {"id"=>223, "name"=>"VeggieBurger 4", "price"=>"48.29"}],
2025-11-01T02:58:16.9956008Z        +     "name"=>"Main"},
2025-11-01T02:58:16.9956197Z        +    {"id"=>80,
2025-11-01T02:58:16.9956363Z        +     "items"=>
2025-11-01T02:58:16.9956560Z        +      [{"id"=>342, "name"=>"Fries 5", "price"=>"27.42"},
2025-11-01T02:58:16.9956842Z        +       {"id"=>428, "name"=>"Cappuccino 6", "price"=>"10.09"}],
2025-11-01T02:58:16.9957100Z        +     "name"=>"Drinks"}],
2025-11-01T02:58:16.9957304Z        +  "name"=>"Restaurant 000040"},
2025-11-01T02:58:16.9957516Z        + {"id"=>41,
2025-11-01T02:58:16.9957678Z        +  "menus"=>
2025-11-01T02:58:16.9957835Z        +   [{"id"=>81,
2025-11-01T02:58:16.9958003Z        +     "items"=>
2025-11-01T02:58:16.9958206Z        +      [{"id"=>293, "name"=>"Burger 5", "price"=>"31.81"},
2025-11-01T02:58:16.9958484Z        +       {"id"=>23, "name"=>"Caprese", "price"=>"48.59"}],
2025-11-01T02:58:16.9958725Z        +     "name"=>"Main"},
2025-11-01T02:58:16.9958917Z        +    {"id"=>82,
2025-11-01T02:58:16.9959193Z        +     "items"=>
2025-11-01T02:58:16.9959394Z        +      [{"id"=>106, "name"=>"Club 2", "price"=>"10.99"},
2025-11-01T02:58:16.9959682Z        +       {"id"=>261, "name"=>"Sashimi 4", "price"=>"20.78"}],
2025-11-01T02:58:16.9960056Z        +     "name"=>"Drinks"}],
2025-11-01T02:58:16.9960271Z        +  "name"=>"Restaurant 000041"},
2025-11-01T02:58:16.9960490Z        + {"id"=>42,
2025-11-01T02:58:16.9960655Z        +  "menus"=>
2025-11-01T02:58:16.9960812Z        +   [{"id"=>83,
2025-11-01T02:58:16.9960982Z        +     "items"=>
2025-11-01T02:58:16.9961188Z        +      [{"id"=>70, "name"=>"Orange", "price"=>"10.97"},
2025-11-01T02:58:16.9961463Z        +       {"id"=>62, "name"=>"Latte", "price"=>"22.11"}],
2025-11-01T02:58:16.9961813Z        +     "name"=>"Main"},
2025-11-01T02:58:16.9962003Z        +    {"id"=>84,
2025-11-01T02:58:16.9962172Z        +     "items"=>
2025-11-01T02:58:16.9962365Z        +      [{"id"=>249, "name"=>"Onion 4", "price"=>"44.68"},
2025-11-01T02:58:16.9962639Z        +       {"id"=>418, "name"=>"Wings 6", "price"=>"35.57"}],
2025-11-01T02:58:16.9962888Z        +     "name"=>"Drinks"}],
2025-11-01T02:58:16.9963093Z        +  "name"=>"Restaurant 000042"},
2025-11-01T02:58:16.9963315Z        + {"id"=>43,
2025-11-01T02:58:16.9963479Z        +  "menus"=>
2025-11-01T02:58:16.9963637Z        +   [{"id"=>85,
2025-11-01T02:58:16.9963807Z        +     "items"=>
2025-11-01T02:58:16.9964022Z        +      [{"id"=>304, "name"=>"Portuguesa 5", "price"=>"32.92"},
2025-11-01T02:58:16.9964314Z        +       {"id"=>496, "name"=>"ApplePie 7", "price"=>"15.89"}],
2025-11-01T02:58:16.9964569Z        +     "name"=>"Main"},
2025-11-01T02:58:16.9964787Z        +    {"id"=>86,
2025-11-01T02:58:16.9964961Z        +     "items"=>
2025-11-01T02:58:16.9965163Z        +      [{"id"=>227, "name"=>"Margherita 4", "price"=>"37.06"},
2025-11-01T02:58:16.9965449Z        +       {"id"=>353, "name"=>"Espresso 5", "price"=>"40.86"}],
2025-11-01T02:58:16.9965700Z        +     "name"=>"Drinks"}],
2025-11-01T02:58:16.9965904Z        +  "name"=>"Restaurant 000043"},
2025-11-01T02:58:16.9966123Z        + {"id"=>44,
2025-11-01T02:58:16.9966293Z        +  "menus"=>
2025-11-01T02:58:16.9966456Z        +   [{"id"=>87,
2025-11-01T02:58:16.9966632Z        +     "items"=>
2025-11-01T02:58:16.9966836Z        +      [{"id"=>71, "name"=>"Apple", "price"=>"18.0"},
2025-11-01T02:58:16.9967124Z        +       {"id"=>59, "name"=>"PannaCotta", "price"=>"35.1"}],
2025-11-01T02:58:16.9967378Z        +     "name"=>"Main"},
2025-11-01T02:58:16.9967574Z        +    {"id"=>88,
2025-11-01T02:58:16.9967752Z        +     "items"=>
2025-11-01T02:58:16.9967959Z        +      [{"id"=>319, "name"=>"Chicken 5", "price"=>"48.25"},
2025-11-01T02:58:16.9968251Z        +       {"id"=>436, "name"=>"Apple 6", "price"=>"28.2"}],
2025-11-01T02:58:16.9968502Z        +     "name"=>"Drinks"}],
2025-11-01T02:58:16.9968715Z        +  "name"=>"Restaurant 000044"},
2025-11-01T02:58:16.9968938Z        + {"id"=>45,
2025-11-01T02:58:16.9969206Z        +  "menus"=>
2025-11-01T02:58:16.9969367Z        +   [{"id"=>89,
2025-11-01T02:58:16.9969538Z        +     "items"=>
2025-11-01T02:58:16.9969753Z        +      [{"id"=>343, "name"=>"OnionRings 5", "price"=>"44.18"},
2025-11-01T02:58:16.9970048Z        +       {"id"=>219, "name"=>"Lemonade 3", "price"=>"15.49"}],
2025-11-01T02:58:16.9970302Z        +     "name"=>"Main"},
2025-11-01T02:58:16.9970495Z        +    {"id"=>90,
2025-11-01T02:58:16.9970666Z        +     "items"=>
2025-11-01T02:58:16.9970874Z        +      [{"id"=>263, "name"=>"SpicyTuna 4", "price"=>"19.9"},
2025-11-01T02:58:16.9971159Z        +       {"id"=>299, "name"=>"Pizza 5", "price"=>"23.67"}],
2025-11-01T02:58:16.9971411Z        +     "name"=>"Drinks"}],
2025-11-01T02:58:16.9971623Z        +  "name"=>"Restaurant 000045"},
2025-11-01T02:58:16.9971841Z        + {"id"=>46,
2025-11-01T02:58:16.9972002Z        +  "menus"=>
2025-11-01T02:58:16.9972160Z        +   [{"id"=>91,
2025-11-01T02:58:16.9972327Z        +     "items"=>
2025-11-01T02:58:16.9972539Z        +      [{"id"=>301, "name"=>"Pepperoni 5", "price"=>"39.1"},
2025-11-01T02:58:16.9972834Z        +       {"id"=>410, "name"=>"DragonRoll 6", "price"=>"35.58"}],
2025-11-01T02:58:16.9973204Z        +     "name"=>"Main"},
2025-11-01T02:58:16.9973400Z        +    {"id"=>92,
2025-11-01T02:58:16.9973568Z        +     "items"=>
2025-11-01T02:58:16.9973765Z        +      [{"id"=>239, "name"=>"Salad 4", "price"=>"26.73"},
2025-11-01T02:58:16.9974035Z        +       {"id"=>342, "name"=>"Fries 5", "price"=>"18.28"}],
2025-11-01T02:58:16.9974282Z        +     "name"=>"Drinks"}],
2025-11-01T02:58:16.9974492Z        +  "name"=>"Restaurant 000046"},
2025-11-01T02:58:16.9974702Z        + {"id"=>47,
2025-11-01T02:58:16.9974865Z        +  "menus"=>
2025-11-01T02:58:16.9975136Z        +   [{"id"=>93,
2025-11-01T02:58:16.9975300Z        +     "items"=>
2025-11-01T02:58:16.9975509Z        +      [{"id"=>493, "name"=>"Cheesecake 7", "price"=>"47.51"},
2025-11-01T02:58:16.9975800Z        +       {"id"=>288, "name"=>"Juice 4", "price"=>"15.15"}],
2025-11-01T02:58:16.9976059Z        +     "name"=>"Main"},
2025-11-01T02:58:16.9976252Z        +    {"id"=>94,
2025-11-01T02:58:16.9976429Z        +     "items"=>
2025-11-01T02:58:16.9976647Z        +      [{"id"=>58, "name"=>"ApplePie", "price"=>"14.29"},
2025-11-01T02:58:16.9976928Z        +       {"id"=>178, "name"=>"BLT 3", "price"=>"18.73"}],
2025-11-01T02:58:16.9977182Z        +     "name"=>"Drinks"}],
2025-11-01T02:58:16.9977398Z        +  "name"=>"Restaurant 000047"},
2025-11-01T02:58:16.9977616Z        + {"id"=>48,
2025-11-01T02:58:16.9977785Z        +  "menus"=>
2025-11-01T02:58:16.9977953Z        +   [{"id"=>95,
2025-11-01T02:58:16.9978125Z        +     "items"=>
2025-11-01T02:58:16.9978333Z        +      [{"id"=>41, "name"=>"Nigiri", "price"=>"26.47"},
2025-11-01T02:58:16.9978615Z        +       {"id"=>176, "name"=>"Onion 3", "price"=>"46.95"}],
2025-11-01T02:58:16.9978882Z        +     "name"=>"Main"},
2025-11-01T02:58:16.9979279Z        +    {"id"=>96,
2025-11-01T02:58:16.9979463Z        +     "items"=>
2025-11-01T02:58:16.9979679Z        +      [{"id"=>330, "name"=>"Quesadilla 5", "price"=>"19.8"},
2025-11-01T02:58:16.9979965Z        +       {"id"=>105, "name"=>"BLT 2", "price"=>"46.41"}],
2025-11-01T02:58:16.9980217Z        +     "name"=>"Drinks"}],
2025-11-01T02:58:16.9980434Z        +  "name"=>"Restaurant 000048"},
2025-11-01T02:58:16.9980646Z        + {"id"=>49,
2025-11-01T02:58:16.9980808Z        +  "menus"=>
2025-11-01T02:58:16.9980969Z        +   [{"id"=>97,
2025-11-01T02:58:16.9981132Z        +     "items"=>
2025-11-01T02:58:16.9981332Z        +      [{"id"=>436, "name"=>"Apple 6", "price"=>"45.67"},
2025-11-01T02:58:16.9981618Z        +       {"id"=>124, "name"=>"OnionRings 2", "price"=>"10.81"}],
2025-11-01T02:58:16.9981880Z        +     "name"=>"Main"},
2025-11-01T02:58:16.9982073Z        +    {"id"=>98,
2025-11-01T02:58:16.9982248Z        +     "items"=>
2025-11-01T02:58:16.9982448Z        +      [{"id"=>281, "name"=>"Latte 4", "price"=>"24.07"},
2025-11-01T02:58:16.9982724Z        +       {"id"=>146, "name"=>"Lemonade 2", "price"=>"26.63"}],
2025-11-01T02:58:16.9982982Z        +     "name"=>"Drinks"}],
2025-11-01T02:58:16.9983193Z        +  "name"=>"Restaurant 000049"},
2025-11-01T02:58:16.9983418Z        + {"id"=>50,
2025-11-01T02:58:16.9983581Z        +  "menus"=>
2025-11-01T02:58:16.9983739Z        +   [{"id"=>99,
2025-11-01T02:58:16.9983906Z        +     "items"=>
2025-11-01T02:58:16.9984104Z        +      [{"id"=>397, "name"=>"BLT 6", "price"=>"34.57"},
2025-11-01T02:58:16.9984381Z        +       {"id"=>83, "name"=>"FourCheese 2", "price"=>"45.9"}],
2025-11-01T02:58:16.9984632Z        +     "name"=>"Main"},
2025-11-01T02:58:16.9984824Z        +    {"id"=>100,
2025-11-01T02:58:16.9985005Z        +     "items"=>
2025-11-01T02:58:16.9985206Z        +      [{"id"=>380, "name"=>"Bolognese 6", "price"=>"43.28"},
2025-11-01T02:58:16.9985496Z        +       {"id"=>263, "name"=>"SpicyTuna 4", "price"=>"22.57"}],
2025-11-01T02:58:16.9985754Z        +     "name"=>"Drinks"}],
2025-11-01T02:58:16.9985963Z        +  "name"=>"Restaurant 000050"},
2025-11-01T02:58:16.9986175Z        + {"id"=>51,
2025-11-01T02:58:16.9986334Z        +  "menus"=>
2025-11-01T02:58:16.9986611Z        +   [{"id"=>101,
2025-11-01T02:58:16.9986791Z        +     "items"=>
2025-11-01T02:58:16.9986995Z        +      [{"id"=>29, "name"=>"Pumpkin", "price"=>"31.12"},
2025-11-01T02:58:16.9987278Z        +       {"id"=>319, "name"=>"Chicken 5", "price"=>"24.55"}],
2025-11-01T02:58:16.9987526Z        +     "name"=>"Main"},
2025-11-01T02:58:16.9987722Z        +    {"id"=>102,
2025-11-01T02:58:16.9987892Z        +     "items"=>
2025-11-01T02:58:16.9988126Z        +      [{"id"=>212, "name"=>"BlackTea 3", "price"=>"46.36"},
2025-11-01T02:58:16.9988521Z        +       {"id"=>123, "name"=>"Fries 2", "price"=>"23.41"}],
2025-11-01T02:58:16.9988767Z        +     "name"=>"Drinks"}],
2025-11-01T02:58:16.9988974Z        +  "name"=>"Restaurant 000051"},
2025-11-01T02:58:16.9989294Z        + {"id"=>52,
2025-11-01T02:58:16.9989455Z        +  "menus"=>
2025-11-01T02:58:16.9989610Z        +   [{"id"=>103,
2025-11-01T02:58:16.9989785Z        +     "items"=>
2025-11-01T02:58:16.9989994Z        +      [{"id"=>8, "name"=>"Margherita", "price"=>"34.81"},
2025-11-01T02:58:16.9990262Z        +       {"id"=>287, "name"=>"Chai 4", "price"=>"31.99"}],
2025-11-01T02:58:16.9990506Z        +     "name"=>"Main"},
2025-11-01T02:58:16.9990697Z        +    {"id"=>104,
2025-11-01T02:58:16.9990869Z        +     "items"=>
2025-11-01T02:58:16.9991084Z        +      [{"id"=>443, "name"=>"ChickenBurger 7", "price"=>"19.73"},
2025-11-01T02:58:16.9991374Z        +       {"id"=>241, "name"=>"Greek 4", "price"=>"31.84"}],
2025-11-01T02:58:16.9991618Z        +     "name"=>"Drinks"}],
2025-11-01T02:58:16.9991825Z        +  "name"=>"Restaurant 000052"},
2025-11-01T02:58:16.9992037Z        + {"id"=>53,
2025-11-01T02:58:16.9992198Z        +  "menus"=>
2025-11-01T02:58:16.9992437Z        +   [{"id"=>105,
2025-11-01T02:58:16.9992702Z        +     "items"=>
2025-11-01T02:58:16.9993043Z        +      [{"id"=>488, "name"=>"Fries 7", "price"=>"32.19"},
2025-11-01T02:58:16.9993344Z        +       {"id"=>480, "name"=>"Sashimi 7", "price"=>"20.79"}],
2025-11-01T02:58:16.9993601Z        +     "name"=>"Main"},
2025-11-01T02:58:16.9993790Z        +    {"id"=>106,
2025-11-01T02:58:16.9993961Z        +     "items"=>
2025-11-01T02:58:16.9994170Z        +      [{"id"=>209, "name"=>"Cappuccino 3", "price"=>"11.75"},
2025-11-01T02:58:16.9994461Z        +       {"id"=>187, "name"=>"Nigiri 3", "price"=>"27.25"}],
2025-11-01T02:58:16.9994716Z        +     "name"=>"Drinks"}],
2025-11-01T02:58:16.9994925Z        +  "name"=>"Restaurant 000053"},
2025-11-01T02:58:16.9995137Z        + {"id"=>54,
2025-11-01T02:58:16.9995302Z        +  "menus"=>
2025-11-01T02:58:16.9995456Z        +   [{"id"=>107,
2025-11-01T02:58:16.9995626Z        +     "items"=>
2025-11-01T02:58:16.9995830Z        +      [{"id"=>102, "name"=>"Pumpkin 2", "price"=>"11.66"},
2025-11-01T02:58:16.9996108Z        +       {"id"=>213, "name"=>"GreenTea 3", "price"=>"44.72"}],
2025-11-01T02:58:16.9996378Z        +     "name"=>"Main"},
2025-11-01T02:58:16.9996569Z        +    {"id"=>108,
2025-11-01T02:58:16.9996739Z        +     "items"=>
2025-11-01T02:58:16.9996939Z        +      [{"id"=>439, "name"=>"Burger 7", "price"=>"21.57"},
2025-11-01T02:58:16.9997204Z        +       {"id"=>360, "name"=>"Chai 5", "price"=>"45.27"}],
2025-11-01T02:58:16.9997450Z        +     "name"=>"Drinks"}],
2025-11-01T02:58:16.9997653Z        +  "name"=>"Restaurant 000054"},
2025-11-01T02:58:16.9997866Z        + {"id"=>55,
2025-11-01T02:58:16.9998023Z        +  "menus"=>
2025-11-01T02:58:16.9998182Z        +   [{"id"=>109,
2025-11-01T02:58:16.9998354Z        +     "items"=>
2025-11-01T02:58:16.9998568Z        +      [{"id"=>374, "name"=>"Pepperoni 6", "price"=>"10.6"},
2025-11-01T02:58:16.9998842Z        +       {"id"=>245, "name"=>"Tomato 4", "price"=>"42.28"}],
2025-11-01T02:58:16.9999194Z        +     "name"=>"Main"},
2025-11-01T02:58:16.9999383Z        +    {"id"=>110,
2025-11-01T02:58:16.9999550Z        +     "items"=>
2025-11-01T02:58:16.9999754Z        +      [{"id"=>49, "name"=>"FiletMignon", "price"=>"22.07"},
2025-11-01T02:58:17.0000192Z        +       {"id"=>268, "name"=>"FiletMignon 4", "price"=>"33.02"}],
2025-11-01T02:58:17.0000458Z        +     "name"=>"Drinks"}],
2025-11-01T02:58:17.0000663Z        +  "name"=>"Restaurant 000055"},
2025-11-01T02:58:17.0000872Z        + {"id"=>56,
2025-11-01T02:58:17.0001030Z        +  "menus"=>
2025-11-01T02:58:17.0001184Z        +   [{"id"=>111,
2025-11-01T02:58:17.0001352Z        +     "items"=>
2025-11-01T02:58:17.0001562Z        +      [{"id"=>81, "name"=>"Margherita 2", "price"=>"22.17"},
2025-11-01T02:58:17.0001871Z        +       {"id"=>203, "name"=>"Tiramisu 3", "price"=>"44.05"}],
2025-11-01T02:58:17.0002231Z        +     "name"=>"Main"},
2025-11-01T02:58:17.0002423Z        +    {"id"=>112,
2025-11-01T02:58:17.0002588Z        +     "items"=>
2025-11-01T02:58:17.0002783Z        +      [{"id"=>103, "name"=>"Onion 2", "price"=>"36.83"},
2025-11-01T02:58:17.0003054Z        +       {"id"=>27, "name"=>"Chicken", "price"=>"47.93"}],
2025-11-01T02:58:17.0003297Z        +     "name"=>"Drinks"}],
2025-11-01T02:58:17.0003503Z        +  "name"=>"Restaurant 000056"},
2025-11-01T02:58:17.0003714Z        + {"id"=>57,
2025-11-01T02:58:17.0003871Z        +  "menus"=>
2025-11-01T02:58:17.0004027Z        +   [{"id"=>113,
2025-11-01T02:58:17.0004199Z        +     "items"=>
2025-11-01T02:58:17.0004400Z        +      [{"id"=>352, "name"=>"Coffee 5", "price"=>"47.32"},
2025-11-01T02:58:17.0004675Z        +       {"id"=>127, "name"=>"IceCream 2", "price"=>"46.34"}],
2025-11-01T02:58:17.0004930Z        +     "name"=>"Main"},
2025-11-01T02:58:17.0005129Z        +    {"id"=>114,
2025-11-01T02:58:17.0005294Z        +     "items"=>
2025-11-01T02:58:17.0005493Z        +      [{"id"=>54, "name"=>"IceCream", "price"=>"31.75"},
2025-11-01T02:58:17.0005763Z        +       {"id"=>415, "name"=>"Fries 6", "price"=>"23.85"}],
2025-11-01T02:58:17.0006010Z        +     "name"=>"Drinks"}],
2025-11-01T02:58:17.0006213Z        +  "name"=>"Restaurant 000057"},
2025-11-01T02:58:17.0006425Z        + {"id"=>58,
2025-11-01T02:58:17.0006584Z        +  "menus"=>
2025-11-01T02:58:17.0006747Z        +   [{"id"=>115,
2025-11-01T02:58:17.0006917Z        +     "items"=>
2025-11-01T02:58:17.0007120Z        +      [{"id"=>494, "name"=>"Brownie 7", "price"=>"26.94"},
2025-11-01T02:58:17.0007385Z        +       {"id"=>500, "name"=>"Latte 7", "price"=>"29.03"}],
2025-11-01T02:58:17.0007625Z        +     "name"=>"Main"},
2025-11-01T02:58:17.0007815Z        +    {"id"=>116,
2025-11-01T02:58:17.0007980Z        +     "items"=>
2025-11-01T02:58:17.0008176Z        +      [{"id"=>484, "name"=>"Steak 7", "price"=>"41.75"},
2025-11-01T02:58:17.0008445Z        +       {"id"=>119, "name"=>"Steak 2", "price"=>"41.66"}],
2025-11-01T02:58:17.0008689Z        +     "name"=>"Drinks"}],
2025-11-01T02:58:17.0008896Z        +  "name"=>"Restaurant 000058"},
2025-11-01T02:58:17.0009210Z        + {"id"=>59,
2025-11-01T02:58:17.0009371Z        +  "menus"=>
2025-11-01T02:58:17.0009526Z        +   [{"id"=>117,
2025-11-01T02:58:17.0009694Z        +     "items"=>
2025-11-01T02:58:17.0009897Z        +      [{"id"=>328, "name"=>"Tacos 5", "price"=>"49.65"},
2025-11-01T02:58:17.0010180Z        +       {"id"=>148, "name"=>"Cheeseburger 3", "price"=>"24.76"}],
2025-11-01T02:58:17.0010444Z        +     "name"=>"Main"},
2025-11-01T02:58:17.0010632Z        +    {"id"=>118,
2025-11-01T02:58:17.0010797Z        +     "items"=>
2025-11-01T02:58:17.0010996Z        +      [{"id"=>159, "name"=>"Pasta 3", "price"=>"16.8"},
2025-11-01T02:58:17.0011264Z        +       {"id"=>283, "name"=>"Mocha 4", "price"=>"17.18"}],
2025-11-01T02:58:17.0011513Z        +     "name"=>"Drinks"}],
2025-11-01T02:58:17.0011717Z        +  "name"=>"Restaurant 000059"},
2025-11-01T02:58:17.0011927Z        + {"id"=>60,
2025-11-01T02:58:17.0012087Z        +  "menus"=>
2025-11-01T02:58:17.0012243Z        +   [{"id"=>119,
2025-11-01T02:58:17.0012412Z        +     "items"=>
2025-11-01T02:58:17.0012607Z        +      [{"id"=>46, "name"=>"Steak", "price"=>"24.75"},
2025-11-01T02:58:17.0012893Z        +       {"id"=>343, "name"=>"OnionRings 5", "price"=>"44.95"}],
2025-11-01T02:58:17.0013264Z        +     "name"=>"Main"},
2025-11-01T02:58:17.0013588Z        +    {"id"=>120,
2025-11-01T02:58:17.0013797Z        +     "items"=>
2025-11-01T02:58:17.0014005Z        +      [{"id"=>495, "name"=>"Tiramisu 7", "price"=>"21.76"},
2025-11-01T02:58:17.0014291Z        +       {"id"=>375, "name"=>"FourCheese 6", "price"=>"43.75"}],
2025-11-01T02:58:17.0014547Z        +     "name"=>"Drinks"}],
2025-11-01T02:58:17.0014754Z        +  "name"=>"Restaurant 000060"},
2025-11-01T02:58:17.0015095Z        + {"id"=>61,
2025-11-01T02:58:17.0015253Z        +  "menus"=>
2025-11-01T02:58:17.0015408Z        +   [{"id"=>121,
2025-11-01T02:58:17.0015575Z        +     "items"=>
2025-11-01T02:58:17.0015774Z        +      [{"id"=>326, "name"=>"Tuna 5", "price"=>"10.77"},
2025-11-01T02:58:17.0016040Z        +       {"id"=>324, "name"=>"BLT 5", "price"=>"23.82"}],
2025-11-01T02:58:17.0016285Z        +     "name"=>"Main"},
2025-11-01T02:58:17.0016474Z        +    {"id"=>122,
2025-11-01T02:58:17.0016646Z        +     "items"=>
2025-11-01T02:58:17.0016857Z        +      [{"id"=>296, "name"=>"VeggieBurger 5", "price"=>"24.63"},
2025-11-01T02:58:17.0017151Z        +       {"id"=>82, "name"=>"Pepperoni 2", "price"=>"25.99"}],
2025-11-01T02:58:17.0017406Z        +     "name"=>"Drinks"}],
2025-11-01T02:58:17.0017614Z        +  "name"=>"Restaurant 000061"},
2025-11-01T02:58:17.0017825Z        + {"id"=>62,
2025-11-01T02:58:17.0017983Z        +  "menus"=>
2025-11-01T02:58:17.0018138Z        +   [{"id"=>123,
2025-11-01T02:58:17.0018312Z        +     "items"=>
2025-11-01T02:58:17.0018513Z        +      [{"id"=>17, "name"=>"Pesto", "price"=>"32.49"},
2025-11-01T02:58:17.0018781Z        +       {"id"=>52, "name"=>"Nuggets", "price"=>"26.23"}],
2025-11-01T02:58:17.0019299Z        +     "name"=>"Main"},
2025-11-01T02:58:17.0019505Z        +    {"id"=>124,
2025-11-01T02:58:17.0019679Z        +     "items"=>
2025-11-01T02:58:17.0019899Z        +      [{"id"=>5, "name"=>"ChickenBurger", "price"=>"12.84"},
2025-11-01T02:58:17.0020184Z        +       {"id"=>342, "name"=>"Fries 5", "price"=>"22.88"}],
2025-11-01T02:58:17.0020426Z        +     "name"=>"Drinks"}],
2025-11-01T02:58:17.0020634Z        +  "name"=>"Restaurant 000062"},
2025-11-01T02:58:17.0020843Z        + {"id"=>63,
2025-11-01T02:58:17.0021003Z        +  "menus"=>
2025-11-01T02:58:17.0021160Z        +   [{"id"=>125,
2025-11-01T02:58:17.0021329Z        +     "items"=>
2025-11-01T02:58:17.0021539Z        +      [{"id"=>282, "name"=>"Cappuccino 4", "price"=>"45.05"},
2025-11-01T02:58:17.0021831Z        +       {"id"=>118, "name"=>"DragonRoll 2", "price"=>"21.42"}],
2025-11-01T02:58:17.0022083Z        +     "name"=>"Main"},
2025-11-01T02:58:17.0022275Z        +    {"id"=>126,
2025-11-01T02:58:17.0022440Z        +     "items"=>
2025-11-01T02:58:17.0022647Z        +      [{"id"=>111, "name"=>"Quesadilla 2", "price"=>"28.1"},
2025-11-01T02:58:17.0022931Z        +       {"id"=>392, "name"=>"Chicken 6", "price"=>"48.62"}],
2025-11-01T02:58:17.0023176Z        +     "name"=>"Drinks"}],
2025-11-01T02:58:17.0023387Z        +  "name"=>"Restaurant 000063"},
2025-11-01T02:58:17.0023598Z        + {"id"=>64,
2025-11-01T02:58:17.0023758Z        +  "menus"=>
2025-11-01T02:58:17.0023915Z        +   [{"id"=>127,
2025-11-01T02:58:17.0024082Z        +     "items"=>
2025-11-01T02:58:17.0024290Z        +      [{"id"=>301, "name"=>"Pepperoni 5", "price"=>"48.1"},
2025-11-01T02:58:17.0024559Z        +       {"id"=>170, "name"=>"Cobb 3", "price"=>"37.62"}],
2025-11-01T02:58:17.0024807Z        +     "name"=>"Main"},
2025-11-01T02:58:17.0025007Z        +    {"id"=>128,
2025-11-01T02:58:17.0025177Z        +     "items"=>
2025-11-01T02:58:17.0025390Z        +      [{"id"=>266, "name"=>"Sirloin 4", "price"=>"35.38"},
2025-11-01T02:58:17.0025672Z        +       {"id"=>460, "name"=>"Greek 7", "price"=>"14.75"}],
2025-11-01T02:58:17.0025913Z        +     "name"=>"Drinks"}],
2025-11-01T02:58:17.0026125Z        +  "name"=>"Restaurant 000064"},
2025-11-01T02:58:17.0026341Z        + {"id"=>65,
2025-11-01T02:58:17.0026622Z        +  "menus"=>
2025-11-01T02:58:17.0026795Z        +   [{"id"=>129,
2025-11-01T02:58:17.0026971Z        +     "items"=>
2025-11-01T02:58:17.0027184Z        +      [{"id"=>482, "name"=>"SpicyTuna 7", "price"=>"13.02"},
2025-11-01T02:58:17.0027464Z        +       {"id"=>334, "name"=>"Sashimi 5", "price"=>"38.79"}],
2025-11-01T02:58:17.0027712Z        +     "name"=>"Main"},
2025-11-01T02:58:17.0027901Z        +    {"id"=>130,
2025-11-01T02:58:17.0028067Z        +     "items"=>
2025-11-01T02:58:17.0028279Z        +      [{"id"=>351, "name"=>"PannaCotta 5", "price"=>"20.03"},
2025-11-01T02:58:17.0028674Z        +       {"id"=>247, "name"=>"Noodle 4", "price"=>"38.06"}],
2025-11-01T02:58:17.0028920Z        +     "name"=>"Drinks"}],
2025-11-01T02:58:17.0029272Z        +  "name"=>"Restaurant 000065"},
2025-11-01T02:58:17.0029489Z        + {"id"=>66,
2025-11-01T02:58:17.0029653Z        +  "menus"=>
2025-11-01T02:58:17.0029811Z        +   [{"id"=>131,
2025-11-01T02:58:17.0029984Z        +     "items"=>
2025-11-01T02:58:17.0030187Z        +      [{"id"=>338, "name"=>"Steak 5", "price"=>"19.71"},
2025-11-01T02:58:17.0030469Z        +       {"id"=>46, "name"=>"Steak", "price"=>"40.03"}],
2025-11-01T02:58:17.0030716Z        +     "name"=>"Main"},
2025-11-01T02:58:17.0030912Z        +    {"id"=>132,
2025-11-01T02:58:17.0031086Z        +     "items"=>
2025-11-01T02:58:17.0031300Z        +      [{"id"=>10, "name"=>"FourCheese", "price"=>"23.55"},
2025-11-01T02:58:17.0031583Z        +       {"id"=>391, "name"=>"Tomato 6", "price"=>"27.67"}],
2025-11-01T02:58:17.0031835Z        +     "name"=>"Drinks"}],
2025-11-01T02:58:17.0032052Z        +  "name"=>"Restaurant 000066"},
2025-11-01T02:58:17.0032283Z        + {"id"=>67,
2025-11-01T02:58:17.0032445Z        +  "menus"=>
2025-11-01T02:58:17.0032614Z        +   [{"id"=>133,
2025-11-01T02:58:17.0032790Z        +     "items"=>
2025-11-01T02:58:17.0032996Z        +      [{"id"=>352, "name"=>"Coffee 5", "price"=>"45.6"},
2025-11-01T02:58:17.0033291Z        +       {"id"=>453, "name"=>"Bolognese 7", "price"=>"32.15"}],
2025-11-01T02:58:17.0033557Z        +     "name"=>"Main"},
2025-11-01T02:58:17.0033751Z        +    {"id"=>134,
2025-11-01T02:58:17.0033921Z        +     "items"=>
2025-11-01T02:58:17.0034122Z        +      [{"id"=>385, "name"=>"Salad 6", "price"=>"18.65"},
2025-11-01T02:58:17.0034411Z        +       {"id"=>453, "name"=>"Bolognese 7", "price"=>"26.82"}],
2025-11-01T02:58:17.0034666Z        +     "name"=>"Drinks"}],
2025-11-01T02:58:17.0034879Z        +  "name"=>"Restaurant 000067"},
2025-11-01T02:58:17.0035103Z        + {"id"=>68,
2025-11-01T02:58:17.0035262Z        +  "menus"=>
2025-11-01T02:58:17.0035427Z        +   [{"id"=>135,
2025-11-01T02:58:17.0035600Z        +     "items"=>
2025-11-01T02:58:17.0035800Z        +      [{"id"=>137, "name"=>"Mocha 2", "price"=>"46.15"},
2025-11-01T02:58:17.0036067Z        +       {"id"=>19, "name"=>"Ravioli", "price"=>"10.58"}],
2025-11-01T02:58:17.0036318Z        +     "name"=>"Main"},
2025-11-01T02:58:17.0036515Z        +    {"id"=>136,
2025-11-01T02:58:17.0036692Z        +     "items"=>
2025-11-01T02:58:17.0036899Z        +      [{"id"=>406, "name"=>"Nigiri 6", "price"=>"38.37"},
2025-11-01T02:58:17.0037182Z        +       {"id"=>220, "name"=>"Burger 4", "price"=>"17.98"}],
2025-11-01T02:58:17.0037434Z        +     "name"=>"Drinks"}],
2025-11-01T02:58:17.0037645Z        +  "name"=>"Restaurant 000068"},
2025-11-01T02:58:17.0037861Z        + {"id"=>69,
2025-11-01T02:58:17.0038018Z        +  "menus"=>
2025-11-01T02:58:17.0038183Z        +   [{"id"=>137,
2025-11-01T02:58:17.0038363Z        +     "items"=>
2025-11-01T02:58:17.0038564Z        +      [{"id"=>271, "name"=>"Nuggets 4", "price"=>"42.48"},
2025-11-01T02:58:17.0038866Z        +       {"id"=>335, "name"=>"CaliforniaRoll 5", "price"=>"37.89"}],
2025-11-01T02:58:17.0039236Z        +     "name"=>"Main"},
2025-11-01T02:58:17.0039432Z        +    {"id"=>138,
2025-11-01T02:58:17.0039600Z        +     "items"=>
2025-11-01T02:58:17.0039914Z        +      [{"id"=>434, "name"=>"Juice 6", "price"=>"28.06"},
2025-11-01T02:58:17.0040196Z        +       {"id"=>57, "name"=>"Tiramisu", "price"=>"13.51"}],
2025-11-01T02:58:17.0040441Z        +     "name"=>"Drinks"}],
2025-11-01T02:58:17.0040651Z        +  "name"=>"Restaurant 000069"},
2025-11-01T02:58:17.0040867Z        + {"id"=>70,
2025-11-01T02:58:17.0041026Z        +  "menus"=>
2025-11-01T02:58:17.0041190Z        +   [{"id"=>139,
2025-11-01T02:58:17.0041365Z        +     "items"=>
2025-11-01T02:58:17.0041561Z        +      [{"id"=>433, "name"=>"Chai 6", "price"=>"28.81"},
2025-11-01T02:58:17.0041985Z        +       {"id"=>90, "name"=>"Pesto 2", "price"=>"34.79"}],
2025-11-01T02:58:17.0042233Z        +     "name"=>"Main"},
2025-11-01T02:58:17.0042424Z        +    {"id"=>140,
2025-11-01T02:58:17.0042592Z        +     "items"=>
2025-11-01T02:58:17.0042793Z        +      [{"id"=>389, "name"=>"Cobb 6", "price"=>"10.16"},
2025-11-01T02:58:17.0043067Z        +       {"id"=>322, "name"=>"Onion 5", "price"=>"14.46"}],
2025-11-01T02:58:17.0043315Z        +     "name"=>"Drinks"}],
2025-11-01T02:58:17.0043526Z        +  "name"=>"Restaurant 000070"},
2025-11-01T02:58:17.0043739Z        + {"id"=>71,
2025-11-01T02:58:17.0043898Z        +  "menus"=>
2025-11-01T02:58:17.0044061Z        +   [{"id"=>141,
2025-11-01T02:58:17.0044233Z        +     "items"=>
2025-11-01T02:58:17.0044443Z        +      [{"id"=>277, "name"=>"ApplePie 4", "price"=>"36.03"},
2025-11-01T02:58:17.0044728Z        +       {"id"=>494, "name"=>"Brownie 7", "price"=>"45.66"}],
2025-11-01T02:58:17.0044976Z        +     "name"=>"Main"},
2025-11-01T02:58:17.0045177Z        +    {"id"=>142,
2025-11-01T02:58:17.0045346Z        +     "items"=>
2025-11-01T02:58:17.0045545Z        +      [{"id"=>411, "name"=>"Steak 6", "price"=>"13.38"},
2025-11-01T02:58:17.0045819Z        +       {"id"=>390, "name"=>"Soup 6", "price"=>"28.01"}],
2025-11-01T02:58:17.0046067Z        +     "name"=>"Drinks"}],
2025-11-01T02:58:17.0046281Z        +  "name"=>"Restaurant 000071"},
2025-11-01T02:58:17.0046499Z        + {"id"=>72,
2025-11-01T02:58:17.0046663Z        +  "menus"=>
2025-11-01T02:58:17.0046830Z        +   [{"id"=>143,
2025-11-01T02:58:17.0047003Z        +     "items"=>
2025-11-01T02:58:17.0047206Z        +      [{"id"=>364, "name"=>"Grape 5", "price"=>"23.89"},
2025-11-01T02:58:17.0047481Z        +       {"id"=>30, "name"=>"Onion", "price"=>"27.24"}],
2025-11-01T02:58:17.0047734Z        +     "name"=>"Main"},
2025-11-01T02:58:17.0047924Z        +    {"id"=>144,
2025-11-01T02:58:17.0048093Z        +     "items"=>
2025-11-01T02:58:17.0048307Z        +      [{"id"=>405, "name"=>"Sushi 6", "price"=>"31.23"},
2025-11-01T02:58:17.0048581Z        +       {"id"=>170, "name"=>"Cobb 3", "price"=>"23.7"}],
2025-11-01T02:58:17.0048826Z        +     "name"=>"Drinks"}],
2025-11-01T02:58:17.0049133Z        +  "name"=>"Restaurant 000072"},
2025-11-01T02:58:17.0049349Z        + {"id"=>73,
2025-11-01T02:58:17.0049510Z        +  "menus"=>
2025-11-01T02:58:17.0049673Z        +   [{"id"=>145,
2025-11-01T02:58:17.0049845Z        +     "items"=>
2025-11-01T02:58:17.0050050Z        +      [{"id"=>127, "name"=>"IceCream 2", "price"=>"44.26"},
2025-11-01T02:58:17.0050330Z        +       {"id"=>485, "name"=>"Sirloin 7", "price"=>"46.33"}],
2025-11-01T02:58:17.0050575Z        +     "name"=>"Main"},
2025-11-01T02:58:17.0050766Z        +    {"id"=>146,
2025-11-01T02:58:17.0050934Z        +     "items"=>
2025-11-01T02:58:17.0051130Z        +      [{"id"=>182, "name"=>"Tacos 3", "price"=>"25.62"},
2025-11-01T02:58:17.0051401Z        +       {"id"=>485, "name"=>"Sirloin 7", "price"=>"27.11"}],
2025-11-01T02:58:17.0051651Z        +     "name"=>"Drinks"}],
2025-11-01T02:58:17.0051862Z        +  "name"=>"Restaurant 000073"},
2025-11-01T02:58:17.0052075Z        + {"id"=>74,
2025-11-01T02:58:17.0052232Z        +  "menus"=>
2025-11-01T02:58:17.0052394Z        +   [{"id"=>147,
2025-11-01T02:58:17.0052566Z        +     "items"=>
2025-11-01T02:58:17.0052765Z        +      [{"id"=>277, "name"=>"ApplePie 4", "price"=>"36.66"},
2025-11-01T02:58:17.0053163Z        +       {"id"=>438, "name"=>"Lemonade 6", "price"=>"37.83"}],
2025-11-01T02:58:17.0053428Z        +     "name"=>"Main"},
2025-11-01T02:58:17.0053613Z        +    {"id"=>148,
2025-11-01T02:58:17.0053787Z        +     "items"=>
2025-11-01T02:58:17.0053995Z        +      [{"id"=>161, "name"=>"Bolognese 3", "price"=>"11.14"},
2025-11-01T02:58:17.0054281Z        +       {"id"=>469, "name"=>"Sandwich 7", "price"=>"18.84"}],
2025-11-01T02:58:17.0054530Z        +     "name"=>"Drinks"}],
2025-11-01T02:58:17.0054740Z        +  "name"=>"Restaurant 000074"},
2025-11-01T02:58:17.0055067Z        + {"id"=>75,
2025-11-01T02:58:17.0055226Z        +  "menus"=>
2025-11-01T02:58:17.0055389Z        +   [{"id"=>149,
2025-11-01T02:58:17.0055561Z        +     "items"=>
2025-11-01T02:58:17.0055760Z        +      [{"id"=>100, "name"=>"Chicken 2", "price"=>"46.08"},
2025-11-01T02:58:17.0056054Z        +       {"id"=>296, "name"=>"VeggieBurger 5", "price"=>"41.73"}],
2025-11-01T02:58:17.0056319Z        +     "name"=>"Main"},
2025-11-01T02:58:17.0056510Z        +    {"id"=>150,
2025-11-01T02:58:17.0056683Z        +     "items"=>
2025-11-01T02:58:17.0056881Z        +      [{"id"=>364, "name"=>"Grape 5", "price"=>"21.64"},
2025-11-01T02:58:17.0057155Z        +       {"id"=>29, "name"=>"Pumpkin", "price"=>"40.01"}],
2025-11-01T02:58:17.0057394Z        +     "name"=>"Drinks"}],
2025-11-01T02:58:17.0057604Z        +  "name"=>"Restaurant 000075"},
2025-11-01T02:58:17.0057823Z        + {"id"=>76,
2025-11-01T02:58:17.0057884Z        +  "menus"=>
2025-11-01T02:58:17.0057954Z        +   [{"id"=>151,
2025-11-01T02:58:17.0058023Z        +     "items"=>
2025-11-01T02:58:17.0058116Z        +      [{"id"=>291, "name"=>"Grape 4", "price"=>"16.35"},
2025-11-01T02:58:17.0058214Z        +       {"id"=>31, "name"=>"Sandwich", "price"=>"37.95"}],
2025-11-01T02:58:17.0058286Z        +     "name"=>"Main"},
2025-11-01T02:58:17.0058349Z        +    {"id"=>152,
2025-11-01T02:58:17.0058416Z        +     "items"=>
2025-11-01T02:58:17.0058523Z        +      [{"id"=>374, "name"=>"Pepperoni 6", "price"=>"42.67"},
2025-11-01T02:58:17.0058618Z        +       {"id"=>363, "name"=>"Apple 5", "price"=>"28.87"}],
2025-11-01T02:58:17.0058691Z        +     "name"=>"Drinks"}],
2025-11-01T02:58:17.0058766Z        +  "name"=>"Restaurant 000076"},
2025-11-01T02:58:17.0058828Z        + {"id"=>77,
2025-11-01T02:58:17.0058893Z        +  "menus"=>
2025-11-01T02:58:17.0058957Z        +   [{"id"=>153,
2025-11-01T02:58:17.0059140Z        +     "items"=>
2025-11-01T02:58:17.0059243Z        +      [{"id"=>35, "name"=>"HamTurkey", "price"=>"40.71"},
2025-11-01T02:58:17.0059345Z        +       {"id"=>115, "name"=>"Sashimi 2", "price"=>"37.65"}],
2025-11-01T02:58:17.0059414Z        +     "name"=>"Main"},
2025-11-01T02:58:17.0059480Z        +    {"id"=>154,
2025-11-01T02:58:17.0059542Z        +     "items"=>
2025-11-01T02:58:17.0059637Z        +      [{"id"=>340, "name"=>"Ribeye 5", "price"=>"25.19"},
2025-11-01T02:58:17.0059749Z        +       {"id"=>131, "name"=>"ApplePie 2", "price"=>"12.41"}],
2025-11-01T02:58:17.0059836Z        +     "name"=>"Drinks"}],
2025-11-01T02:58:17.0059916Z        +  "name"=>"Restaurant 000077"},
2025-11-01T02:58:17.0059981Z        + {"id"=>78,
2025-11-01T02:58:17.0060043Z        +  "menus"=>
2025-11-01T02:58:17.0060109Z        +   [{"id"=>155,
2025-11-01T02:58:17.0060170Z        +     "items"=>
2025-11-01T02:58:17.0060266Z        +      [{"id"=>41, "name"=>"Nigiri", "price"=>"42.58"},
2025-11-01T02:58:17.0060367Z        +       {"id"=>34, "name"=>"Tuna", "price"=>"16.41"}],
2025-11-01T02:58:17.0060440Z        +     "name"=>"Main"},
2025-11-01T02:58:17.0060511Z        +    {"id"=>156,
2025-11-01T02:58:17.0060572Z        +     "items"=>
2025-11-01T02:58:17.0060663Z        +      [{"id"=>293, "name"=>"Burger 5", "price"=>"15.44"},
2025-11-01T02:58:17.0060759Z        +       {"id"=>90, "name"=>"Pesto 2", "price"=>"42.92"}],
2025-11-01T02:58:17.0060828Z        +     "name"=>"Drinks"}],
2025-11-01T02:58:17.0060905Z        +  "name"=>"Restaurant 000078"},
2025-11-01T02:58:17.0061082Z        + {"id"=>79,
2025-11-01T02:58:17.0061146Z        +  "menus"=>
2025-11-01T02:58:17.0061209Z        +   [{"id"=>157,
2025-11-01T02:58:17.0061277Z        +     "items"=>
2025-11-01T02:58:17.0061372Z        +      [{"id"=>71, "name"=>"Apple", "price"=>"31.82"},
2025-11-01T02:58:17.0061463Z        +       {"id"=>210, "name"=>"Mocha 3", "price"=>"22.87"}],
2025-11-01T02:58:17.0061534Z        +     "name"=>"Main"},
2025-11-01T02:58:17.0061596Z        +    {"id"=>158,
2025-11-01T02:58:17.0061663Z        +     "items"=>
2025-11-01T02:58:17.0061863Z        +      [{"id"=>230, "name"=>"Calabrese 4", "price"=>"38.71"},
2025-11-01T02:58:17.0061959Z        +       {"id"=>494, "name"=>"Brownie 7", "price"=>"12.56"}],
2025-11-01T02:58:17.0062032Z        +     "name"=>"Drinks"}],
2025-11-01T02:58:17.0062107Z        +  "name"=>"Restaurant 000079"},
2025-11-01T02:58:17.0062168Z        + {"id"=>80,
2025-11-01T02:58:17.0062233Z        +  "menus"=>
2025-11-01T02:58:17.0062296Z        +   [{"id"=>159,
2025-11-01T02:58:17.0062363Z        +     "items"=>
2025-11-01T02:58:17.0062477Z        +      [{"id"=>268, "name"=>"FiletMignon 4", "price"=>"33.93"},
2025-11-01T02:58:17.0062578Z        +       {"id"=>3, "name"=>"DoubleBurger", "price"=>"48.67"}],
2025-11-01T02:58:17.0062650Z        +     "name"=>"Main"},
2025-11-01T02:58:17.0062713Z        +    {"id"=>160,
2025-11-01T02:58:17.0062775Z        +     "items"=>
2025-11-01T02:58:17.0062873Z        +      [{"id"=>272, "name"=>"Wings 4", "price"=>"14.32"},
2025-11-01T02:58:17.0062970Z        +       {"id"=>267, "name"=>"Ribeye 4", "price"=>"10.18"}],
2025-11-01T02:58:17.0063045Z        +     "name"=>"Drinks"}],
2025-11-01T02:58:17.0063124Z        +  "name"=>"Restaurant 000080"},
2025-11-01T02:58:17.0063188Z        + {"id"=>81,
2025-11-01T02:58:17.0063249Z        +  "menus"=>
2025-11-01T02:58:17.0063316Z        +   [{"id"=>161,
2025-11-01T02:58:17.0063377Z        +     "items"=>
2025-11-01T02:58:17.0063472Z        +      [{"id"=>471, "name"=>"Club 7", "price"=>"23.72"},
2025-11-01T02:58:17.0063575Z        +       {"id"=>411, "name"=>"Steak 6", "price"=>"37.04"}],
2025-11-01T02:58:17.0063641Z        +     "name"=>"Main"},
2025-11-01T02:58:17.0063708Z        +    {"id"=>162,
2025-11-01T02:58:17.0063769Z        +     "items"=>
2025-11-01T02:58:17.0063861Z        +      [{"id"=>299, "name"=>"Pizza 5", "price"=>"10.55"},
2025-11-01T02:58:17.0063959Z        +       {"id"=>390, "name"=>"Soup 6", "price"=>"43.82"}],
2025-11-01T02:58:17.0064028Z        +     "name"=>"Drinks"}],
2025-11-01T02:58:17.0064103Z        +  "name"=>"Restaurant 000081"},
2025-11-01T02:58:17.0064175Z        + {"id"=>82,
2025-11-01T02:58:17.0064236Z        +  "menus"=>
2025-11-01T02:58:17.0064303Z        +   [{"id"=>163,
2025-11-01T02:58:17.0064372Z        +     "items"=>
2025-11-01T02:58:17.0064470Z        +      [{"id"=>475, "name"=>"Burrito 7", "price"=>"25.75"},
2025-11-01T02:58:17.0064580Z        +       {"id"=>327, "name"=>"HamTurkey 5", "price"=>"28.14"}],
2025-11-01T02:58:17.0064648Z        +     "name"=>"Main"},
2025-11-01T02:58:17.0064717Z        +    {"id"=>164,
2025-11-01T02:58:17.0064785Z        +     "items"=>
2025-11-01T02:58:17.0064891Z        +      [{"id"=>268, "name"=>"FiletMignon 4", "price"=>"18.22"},
2025-11-01T02:58:17.0064993Z        +       {"id"=>476, "name"=>"Quesadilla 7", "price"=>"40.9"}],
2025-11-01T02:58:17.0065069Z        +     "name"=>"Drinks"}],
2025-11-01T02:58:17.0065145Z        +  "name"=>"Restaurant 000082"},
2025-11-01T02:58:17.0065207Z        + {"id"=>83,
2025-11-01T02:58:17.0065274Z        +  "menus"=>
2025-11-01T02:58:17.0065342Z        +   [{"id"=>165,
2025-11-01T02:58:17.0065410Z        +     "items"=>
2025-11-01T02:58:17.0065509Z        +      [{"id"=>286, "name"=>"GreenTea 4", "price"=>"45.87"},
2025-11-01T02:58:17.0065603Z        +       {"id"=>226, "name"=>"Pizza 4", "price"=>"46.89"}],
2025-11-01T02:58:17.0065675Z        +     "name"=>"Main"},
2025-11-01T02:58:17.0065738Z        +    {"id"=>166,
2025-11-01T02:58:17.0065801Z        +     "items"=>
2025-11-01T02:58:17.0065990Z        +      [{"id"=>270, "name"=>"OnionRings 4", "price"=>"14.31"},
2025-11-01T02:58:17.0066090Z        +       {"id"=>246, "name"=>"Chicken 4", "price"=>"43.38"}],
2025-11-01T02:58:17.0066160Z        +     "name"=>"Drinks"}],
2025-11-01T02:58:17.0066243Z        +  "name"=>"Restaurant 000083"},
2025-11-01T02:58:17.0066306Z        + {"id"=>84,
2025-11-01T02:58:17.0066368Z        +  "menus"=>
2025-11-01T02:58:17.0066436Z        +   [{"id"=>167,
2025-11-01T02:58:17.0066499Z        +     "items"=>
2025-11-01T02:58:17.0066598Z        +      [{"id"=>126, "name"=>"Wings 2", "price"=>"36.32"},
2025-11-01T02:58:17.0066783Z        +       {"id"=>487, "name"=>"FiletMignon 7", "price"=>"49.42"}],
2025-11-01T02:58:17.0066850Z        +     "name"=>"Main"},
2025-11-01T02:58:17.0066918Z        +    {"id"=>168,
2025-11-01T02:58:17.0066980Z        +     "items"=>
2025-11-01T02:58:17.0067080Z        +      [{"id"=>60, "name"=>"Coffee", "price"=>"17.89"},
2025-11-01T02:58:17.0067202Z        +       {"id"=>492, "name"=>"IceCream 7", "price"=>"13.1"}],
2025-11-01T02:58:17.0067272Z        +     "name"=>"Drinks"}],
2025-11-01T02:58:17.0067347Z        +  "name"=>"Restaurant 000084"},
2025-11-01T02:58:17.0067415Z        + {"id"=>85,
2025-11-01T02:58:17.0067476Z        +  "menus"=>
2025-11-01T02:58:17.0067545Z        +   [{"id"=>169,
2025-11-01T02:58:17.0067607Z        +     "items"=>
2025-11-01T02:58:17.0067709Z        +      [{"id"=>377, "name"=>"Portuguesa 6", "price"=>"36.15"},
2025-11-01T02:58:17.0067809Z        +       {"id"=>419, "name"=>"IceCream 6", "price"=>"26.2"}],
2025-11-01T02:58:17.0067881Z        +     "name"=>"Main"},
2025-11-01T02:58:17.0067944Z        +    {"id"=>170,
2025-11-01T02:58:17.0068012Z        +     "items"=>
2025-11-01T02:58:17.0068104Z        +      [{"id"=>425, "name"=>"Coffee 6", "price"=>"30.84"},
2025-11-01T02:58:17.0068197Z        +       {"id"=>179, "name"=>"Club 3", "price"=>"19.42"}],
2025-11-01T02:58:17.0068271Z        +     "name"=>"Drinks"}],
2025-11-01T02:58:17.0068349Z        +  "name"=>"Restaurant 000085"},
2025-11-01T02:58:17.0068422Z        + {"id"=>86,
2025-11-01T02:58:17.0068485Z        +  "menus"=>
2025-11-01T02:58:17.0068548Z        +   [{"id"=>171,
2025-11-01T02:58:17.0068616Z        +     "items"=>
2025-11-01T02:58:17.0068713Z        +      [{"id"=>177, "name"=>"Sandwich 3", "price"=>"42.37"},
2025-11-01T02:58:17.0068812Z        +       {"id"=>380, "name"=>"Bolognese 6", "price"=>"33.08"}],
2025-11-01T02:58:17.0068885Z        +     "name"=>"Main"},
2025-11-01T02:58:17.0068947Z        +    {"id"=>172,
2025-11-01T02:58:17.0069120Z        +     "items"=>
2025-11-01T02:58:17.0069231Z        +      [{"id"=>5, "name"=>"ChickenBurger", "price"=>"26.37"},
2025-11-01T02:58:17.0069339Z        +       {"id"=>136, "name"=>"Cappuccino 2", "price"=>"24.09"}],
2025-11-01T02:58:17.0069409Z        +     "name"=>"Drinks"}],
2025-11-01T02:58:17.0069491Z        +  "name"=>"Restaurant 000086"},
2025-11-01T02:58:17.0069553Z        + {"id"=>87,
2025-11-01T02:58:17.0069620Z        +  "menus"=>
2025-11-01T02:58:17.0069688Z        +   [{"id"=>173,
2025-11-01T02:58:17.0069750Z        +     "items"=>
2025-11-01T02:58:17.0069855Z        +      [{"id"=>12, "name"=>"Portuguesa", "price"=>"16.97"},
2025-11-01T02:58:17.0069959Z        +       {"id"=>424, "name"=>"PannaCotta 6", "price"=>"21.06"}],
2025-11-01T02:58:17.0070027Z        +     "name"=>"Main"},
2025-11-01T02:58:17.0070095Z        +    {"id"=>174,
2025-11-01T02:58:17.0070158Z        +     "items"=>
2025-11-01T02:58:17.0070256Z        +      [{"id"=>157, "name"=>"Calabrese 3", "price"=>"24.16"},
2025-11-01T02:58:17.0070359Z        +       {"id"=>364, "name"=>"Grape 5", "price"=>"47.7"}],
2025-11-01T02:58:17.0070428Z        +     "name"=>"Drinks"}],
2025-11-01T02:58:17.0070507Z        +  "name"=>"Restaurant 000087"},
2025-11-01T02:58:17.0070570Z        + {"id"=>88,
2025-11-01T02:58:17.0070631Z        +  "menus"=>
2025-11-01T02:58:17.0070699Z        +   [{"id"=>175,
2025-11-01T02:58:17.0070765Z        +     "items"=>
2025-11-01T02:58:17.0070979Z        +      [{"id"=>195, "name"=>"FiletMignon 3", "price"=>"49.84"},
2025-11-01T02:58:17.0071081Z        +       {"id"=>123, "name"=>"Fries 2", "price"=>"32.23"}],
2025-11-01T02:58:17.0071149Z        +     "name"=>"Main"},
2025-11-01T02:58:17.0071213Z        +    {"id"=>176,
2025-11-01T02:58:17.0071280Z        +     "items"=>
2025-11-01T02:58:17.0071394Z        +      [{"id"=>370, "name"=>"ChickenBurger 6", "price"=>"41.15"},
2025-11-01T02:58:17.0071493Z        +       {"id"=>22, "name"=>"Greek", "price"=>"23.38"}],
2025-11-01T02:58:17.0071563Z        +     "name"=>"Drinks"}],
2025-11-01T02:58:17.0071741Z        +  "name"=>"Restaurant 000088"},
2025-11-01T02:58:17.0071807Z        + {"id"=>89,
2025-11-01T02:58:17.0071868Z        +  "menus"=>
2025-11-01T02:58:17.0071932Z        +   [{"id"=>177,
2025-11-01T02:58:17.0071999Z        +     "items"=>
2025-11-01T02:58:17.0072105Z        +      [{"id"=>209, "name"=>"Cappuccino 3", "price"=>"43.87"},
2025-11-01T02:58:17.0072196Z        +       {"id"=>180, "name"=>"Tuna 3", "price"=>"36.71"}],
2025-11-01T02:58:17.0072274Z        +     "name"=>"Main"},
2025-11-01T02:58:17.0072338Z        +    {"id"=>178,
2025-11-01T02:58:17.0072400Z        +     "items"=>
2025-11-01T02:58:17.0072504Z        +      [{"id"=>204, "name"=>"ApplePie 3", "price"=>"12.41"},
2025-11-01T02:58:17.0072602Z        +       {"id"=>432, "name"=>"GreenTea 6", "price"=>"24.52"}],
2025-11-01T02:58:17.0072677Z        +     "name"=>"Drinks"}],
2025-11-01T02:58:17.0072752Z        +  "name"=>"Restaurant 000089"},
2025-11-01T02:58:17.0072813Z        + {"id"=>90,
2025-11-01T02:58:17.0072887Z        +  "menus"=>
2025-11-01T02:58:17.0072951Z        +   [{"id"=>179,
2025-11-01T02:58:17.0073013Z        +     "items"=>
2025-11-01T02:58:17.0073111Z        +      [{"id"=>26, "name"=>"Tomato", "price"=>"21.18"},
2025-11-01T02:58:17.0073202Z        +       {"id"=>113, "name"=>"Sushi 2", "price"=>"21.2"}],
2025-11-01T02:58:17.0073269Z        +     "name"=>"Main"},
2025-11-01T02:58:17.0073338Z        +    {"id"=>180,
2025-11-01T02:58:17.0073405Z        +     "items"=>
2025-11-01T02:58:17.0073504Z        +      [{"id"=>356, "name"=>"Mocha 5", "price"=>"42.77"},
2025-11-01T02:58:17.0073599Z        +       {"id"=>397, "name"=>"BLT 6", "price"=>"44.45"}],
2025-11-01T02:58:17.0073669Z        +     "name"=>"Drinks"}],
2025-11-01T02:58:17.0073748Z        +  "name"=>"Restaurant 000090"},
2025-11-01T02:58:17.0073810Z        + {"id"=>91,
2025-11-01T02:58:17.0073871Z        +  "menus"=>
2025-11-01T02:58:17.0073941Z        +   [{"id"=>181,
2025-11-01T02:58:17.0074004Z        +     "items"=>
2025-11-01T02:58:17.0074100Z        +      [{"id"=>389, "name"=>"Cobb 6", "price"=>"27.14"},
2025-11-01T02:58:17.0074208Z        +       {"id"=>337, "name"=>"DragonRoll 5", "price"=>"41.73"}],
2025-11-01T02:58:17.0074276Z        +     "name"=>"Main"},
2025-11-01T02:58:17.0074341Z        +    {"id"=>182,
2025-11-01T02:58:17.0074408Z        +     "items"=>
2025-11-01T02:58:17.0074502Z        +      [{"id"=>91, "name"=>"Lasagna 2", "price"=>"35.09"},
2025-11-01T02:58:17.0074599Z        +       {"id"=>109, "name"=>"Tacos 2", "price"=>"48.04"}],
2025-11-01T02:58:17.0074669Z        +     "name"=>"Drinks"}],
2025-11-01T02:58:17.0074745Z        +  "name"=>"Restaurant 000091"},
2025-11-01T02:58:17.0074812Z        + {"id"=>92,
2025-11-01T02:58:17.0074880Z        +  "menus"=>
2025-11-01T02:58:17.0074943Z        +   [{"id"=>183,
2025-11-01T02:58:17.0075010Z        +     "items"=>
2025-11-01T02:58:17.0075108Z        +      [{"id"=>307, "name"=>"Bolognese 5", "price"=>"20.57"},
2025-11-01T02:58:17.0075207Z        +       {"id"=>201, "name"=>"Cheesecake 3", "price"=>"18.27"}],
2025-11-01T02:58:17.0075284Z        +     "name"=>"Main"},
2025-11-01T02:58:17.0075346Z        +    {"id"=>184,
2025-11-01T02:58:17.0075410Z        +     "items"=>
2025-11-01T02:58:17.0075513Z        +      [{"id"=>132, "name"=>"PannaCotta 2", "price"=>"25.47"},
2025-11-01T02:58:17.0075607Z        +       {"id"=>133, "name"=>"Coffee 2", "price"=>"21.67"}],
2025-11-01T02:58:17.0075678Z        +     "name"=>"Drinks"}],
2025-11-01T02:58:17.0075835Z        +  "name"=>"Restaurant 000092"},
2025-11-01T02:58:17.0075899Z        + {"id"=>93,
2025-11-01T02:58:17.0075963Z        +  "menus"=>
2025-11-01T02:58:17.0076028Z        +   [{"id"=>185,
2025-11-01T02:58:17.0076089Z        +     "items"=>
2025-11-01T02:58:17.0076199Z        +      [{"id"=>368, "name"=>"DoubleBurger 6", "price"=>"10.67"},
2025-11-01T02:58:17.0076299Z        +       {"id"=>278, "name"=>"PannaCotta 4", "price"=>"17.85"}],
2025-11-01T02:58:17.0076367Z        +     "name"=>"Main"},
2025-11-01T02:58:17.0076503Z        +    {"id"=>186,
2025-11-01T02:58:17.0076562Z        +     "items"=>
2025-11-01T02:58:17.0076656Z        +      [{"id"=>162, "name"=>"Alfredo 3", "price"=>"43.2"},
2025-11-01T02:58:17.0076756Z        +       {"id"=>5, "name"=>"ChickenBurger", "price"=>"23.46"}],
2025-11-01T02:58:17.0076824Z        +     "name"=>"Drinks"}],
2025-11-01T02:58:17.0076898Z        +  "name"=>"Restaurant 000093"},
2025-11-01T02:58:17.0076957Z        + {"id"=>94,
2025-11-01T02:58:17.0077023Z        +  "menus"=>
2025-11-01T02:58:17.0077086Z        +   [{"id"=>187,
2025-11-01T02:58:17.0077147Z        +     "items"=>
2025-11-01T02:58:17.0077236Z        +      [{"id"=>178, "name"=>"BLT 3", "price"=>"24.35"},
2025-11-01T02:58:17.0077331Z        +       {"id"=>176, "name"=>"Onion 3", "price"=>"13.54"}],
2025-11-01T02:58:17.0077398Z        +     "name"=>"Main"},
2025-11-01T02:58:17.0077465Z        +    {"id"=>188,
2025-11-01T02:58:17.0077527Z        +     "items"=>
2025-11-01T02:58:17.0077619Z        +      [{"id"=>312, "name"=>"Salad 5", "price"=>"33.19"},
2025-11-01T02:58:17.0077728Z        +       {"id"=>422, "name"=>"Tiramisu 6", "price"=>"33.45"}],
2025-11-01T02:58:17.0077798Z        +     "name"=>"Drinks"}],
2025-11-01T02:58:17.0077873Z        +  "name"=>"Restaurant 000094"},
2025-11-01T02:58:17.0077940Z        + {"id"=>95,
2025-11-01T02:58:17.0078002Z        +  "menus"=>
2025-11-01T02:58:17.0078069Z        +   [{"id"=>189,
2025-11-01T02:58:17.0078137Z        +     "items"=>
2025-11-01T02:58:17.0078232Z        +      [{"id"=>101, "name"=>"Noodle 2", "price"=>"39.24"},
2025-11-01T02:58:17.0078334Z        +       {"id"=>435, "name"=>"Orange 6", "price"=>"42.71"}],
2025-11-01T02:58:17.0078400Z        +     "name"=>"Main"},
2025-11-01T02:58:17.0078464Z        +    {"id"=>190,
2025-11-01T02:58:17.0078531Z        +     "items"=>
2025-11-01T02:58:17.0078628Z        +      [{"id"=>422, "name"=>"Tiramisu 6", "price"=>"20.27"},
2025-11-01T02:58:17.0078721Z        +       {"id"=>18, "name"=>"Lasagna", "price"=>"43.97"}],
2025-11-01T02:58:17.0078800Z        +     "name"=>"Drinks"}],
2025-11-01T02:58:17.0078874Z        +  "name"=>"Restaurant 000095"},
2025-11-01T02:58:17.0078936Z        + {"id"=>96,
2025-11-01T02:58:17.0079003Z        +  "menus"=>
2025-11-01T02:58:17.0079165Z        +   [{"id"=>191,
2025-11-01T02:58:17.0079228Z        +     "items"=>
2025-11-01T02:58:17.0079325Z        +      [{"id"=>92, "name"=>"Ravioli 2", "price"=>"38.82"},
2025-11-01T02:58:17.0079429Z        +       {"id"=>197, "name"=>"OnionRings 3", "price"=>"40.95"}],
2025-11-01T02:58:17.0079502Z        +     "name"=>"Main"},
2025-11-01T02:58:17.0079566Z        +    {"id"=>192,
2025-11-01T02:58:17.0079629Z        +     "items"=>
2025-11-01T02:58:17.0079730Z        +      [{"id"=>364, "name"=>"Grape 5", "price"=>"26.8"},
2025-11-01T02:58:17.0079826Z        +       {"id"=>61, "name"=>"Espresso", "price"=>"45.34"}],
2025-11-01T02:58:17.0079897Z        +     "name"=>"Drinks"}],
2025-11-01T02:58:17.0079978Z        +  "name"=>"Restaurant 000096"},
2025-11-01T02:58:17.0080049Z        + {"id"=>97,
2025-11-01T02:58:17.0080111Z        +  "menus"=>
2025-11-01T02:58:17.0080179Z        +   [{"id"=>193,
2025-11-01T02:58:17.0080245Z        +     "items"=>
2025-11-01T02:58:17.0080350Z        +      [{"id"=>315, "name"=>"Caprese 5", "price"=>"10.02"},
2025-11-01T02:58:17.0080441Z        +       {"id"=>166, "name"=>"Salad 3", "price"=>"23.43"}],
2025-11-01T02:58:17.0080508Z        +     "name"=>"Main"},
2025-11-01T02:58:17.0080575Z        +    {"id"=>194,
2025-11-01T02:58:17.0080750Z        +     "items"=>
2025-11-01T02:58:17.0080846Z        +      [{"id"=>288, "name"=>"Juice 4", "price"=>"28.53"},
2025-11-01T02:58:17.0080951Z        +       {"id"=>467, "name"=>"Pumpkin 7", "price"=>"22.96"}],
2025-11-01T02:58:17.0081022Z        +     "name"=>"Drinks"}],
2025-11-01T02:58:17.0081097Z        +  "name"=>"Restaurant 000097"},
2025-11-01T02:58:17.0081166Z        + {"id"=>98,
2025-11-01T02:58:17.0081227Z        +  "menus"=>
2025-11-01T02:58:17.0081290Z        +   [{"id"=>195,
2025-11-01T02:58:17.0081477Z        +     "items"=>
2025-11-01T02:58:17.0081573Z        +      [{"id"=>246, "name"=>"Chicken 4", "price"=>"41.62"},
2025-11-01T02:58:17.0081680Z        +       {"id"=>419, "name"=>"IceCream 6", "price"=>"17.84"}],
2025-11-01T02:58:17.0081748Z        +     "name"=>"Main"},
2025-11-01T02:58:17.0081812Z        +    {"id"=>196,
2025-11-01T02:58:17.0081879Z        +     "items"=>
2025-11-01T02:58:17.0081973Z        +      [{"id"=>31, "name"=>"Sandwich", "price"=>"41.47"},
2025-11-01T02:58:17.0082072Z        +       {"id"=>185, "name"=>"Nachos 3", "price"=>"43.52"}],
2025-11-01T02:58:17.0082147Z        +     "name"=>"Drinks"}],
2025-11-01T02:58:17.0082223Z        +  "name"=>"Restaurant 000098"},
2025-11-01T02:58:17.0082287Z        + {"id"=>99,
2025-11-01T02:58:17.0082354Z        +  "menus"=>
2025-11-01T02:58:17.0082418Z        +   [{"id"=>197,
2025-11-01T02:58:17.0082486Z        +     "items"=>
2025-11-01T02:58:17.0082579Z        +      [{"id"=>252, "name"=>"Club 4", "price"=>"44.16"},
2025-11-01T02:58:17.0082677Z        +       {"id"=>28, "name"=>"Noodle", "price"=>"48.37"}],
2025-11-01T02:58:17.0082748Z        +     "name"=>"Main"},
2025-11-01T02:58:17.0082812Z        +    {"id"=>198,
2025-11-01T02:58:17.0082874Z        +     "items"=>
2025-11-01T02:58:17.0082973Z        +      [{"id"=>317, "name"=>"Soup 5", "price"=>"12.03"},
2025-11-01T02:58:17.0083070Z        +       {"id"=>308, "name"=>"Alfredo 5", "price"=>"48.27"}],
2025-11-01T02:58:17.0083139Z        +     "name"=>"Drinks"}],
2025-11-01T02:58:17.0083224Z        +  "name"=>"Restaurant 000099"},
2025-11-01T02:58:17.0083287Z        + {"id"=>100,
2025-11-01T02:58:17.0083353Z        +  "menus"=>
2025-11-01T02:58:17.0083418Z        +   [{"id"=>199,
2025-11-01T02:58:17.0083480Z        +     "items"=>
2025-11-01T02:58:17.0083583Z        +      [{"id"=>261, "name"=>"Sashimi 4", "price"=>"38.81"},
2025-11-01T02:58:17.0083683Z        +       {"id"=>233, "name"=>"Carbonara 4", "price"=>"36.39"}],
2025-11-01T02:58:17.0083750Z        +     "name"=>"Main"},
2025-11-01T02:58:17.0083825Z        +    {"id"=>200,
2025-11-01T02:58:17.0083888Z        +     "items"=>
2025-11-01T02:58:17.0083983Z        +      [{"id"=>394, "name"=>"Pumpkin 6", "price"=>"41.47"},
2025-11-01T02:58:17.0084081Z        +       {"id"=>47, "name"=>"Sirloin", "price"=>"10.44"}],
2025-11-01T02:58:17.0084156Z        +     "name"=>"Drinks"}],
2025-11-01T02:58:17.0084230Z        +  "name"=>"Restaurant 000100"}]
2025-11-01T02:58:17.0084484Z      # ./spec/requests/api/v1/restaurants_spec.rb:33:in `block (5 levels) in <top (required)>'
2025-11-01T02:58:17.0084491Z 
2025-11-01T02:58:17.0084635Z Top 10 slowest examples (242.43 seconds, 99.0% of total time):
2025-11-01T02:58:17.0084936Z   Restaurants::List#call! when successful returns an empty relation when no restaurants exist
2025-11-01T02:58:17.0085120Z     202.08 seconds ./spec/use_cases/restaurants/list_spec.rb:27
2025-11-01T02:58:17.0085449Z   API V1 Restaurants pagination GET /api/v1/restaurants returns paginated results (default 100) when Pagy is available
2025-11-01T02:58:17.0085627Z     5.64 seconds ./spec/requests/api/v1/restaurants_pagination_spec.rb:7
2025-11-01T02:58:17.0085816Z   Restaurants::List#call! when successful includes eager loaded associations
2025-11-01T02:58:17.0085947Z     5.33 seconds ./spec/use_cases/restaurants/list_spec.rb:35
2025-11-01T02:58:17.0086128Z   Restaurants::List#call! when successful returns a relation with restaurants
2025-11-01T02:58:17.0086334Z     5.26 seconds ./spec/use_cases/restaurants/list_spec.rb:17
2025-11-01T02:58:17.0086552Z   Restaurant API Contract GET /api/v1/restaurants returns response matching the schema
2025-11-01T02:58:17.0086687Z     4.91 seconds ./spec/contracts/restaurant_contract_spec.rb:11
2025-11-01T02:58:17.0086936Z   Api::V1::Restaurants /api/v1/restaurants get empty list when no restaurants returns a 200 response
2025-11-01T02:58:17.0087000Z     4.86 seconds 
2025-11-01T02:58:17.0087342Z   Persistence::RestaurantsRepository query performance #relation_for_index eager loads associations to avoid N+1 queries
2025-11-01T02:58:17.0087630Z     4.59 seconds ./spec/repositories/persistence/restaurants_repository_spec.rb:159
2025-11-01T02:58:17.0087972Z   Persistence::RestaurantsRepository#relation_for_index returns ordered relation including nested associations
2025-11-01T02:58:17.0088180Z     4.58 seconds ./spec/repositories/persistence/restaurants_repository_spec.rb:9
2025-11-01T02:58:17.0088392Z   Api::V1::Restaurants /api/v1/restaurants get restaurants found returns a 200 response
2025-11-01T02:58:17.0088457Z     4.51 seconds 
2025-11-01T02:58:17.0088766Z   MenuItemPlacement is expected to validate that :menu_id is case-sensitively unique within the scope of :menu_item_id
2025-11-01T02:58:17.0088905Z     0.67705 seconds ./spec/models/menu_item_placement_spec.rb:11
2025-11-01T02:58:17.0088910Z 
2025-11-01T02:58:17.0088999Z Top 10 slowest example groups:
2025-11-01T02:58:17.0089177Z   Restaurants::List
2025-11-01T02:58:17.0089399Z     35.44 seconds average (212.67 seconds / 6 examples) ./spec/use_cases/restaurants/list_spec.rb:5
2025-11-01T02:58:17.0089493Z   API V1 Restaurants pagination
2025-11-01T02:58:17.0089742Z     5.65 seconds average (5.65 seconds / 1 example) ./spec/requests/api/v1/restaurants_pagination_spec.rb:5
2025-11-01T02:58:17.0089821Z   Api::V1::Restaurants
2025-11-01T02:58:17.0090046Z     0.78645 seconds average (9.44 seconds / 12 examples) ./spec/requests/api/v1/restaurants_spec.rb:5
2025-11-01T02:58:17.0090123Z   Restaurant API Contract
2025-11-01T02:58:17.0090361Z     0.71225 seconds average (4.99 seconds / 7 examples) ./spec/contracts/restaurant_contract_spec.rb:7
2025-11-01T02:58:17.0090454Z   Persistence::RestaurantsRepository
2025-11-01T02:58:17.0090755Z     0.51627 seconds average (9.29 seconds / 18 examples) ./spec/repositories/persistence/restaurants_repository_spec.rb:5
2025-11-01T02:58:17.0090831Z   MenuItemPlacement
2025-11-01T02:58:17.0091061Z     0.06849 seconds average (0.75339 seconds / 11 examples) ./spec/models/menu_item_placement_spec.rb:5
2025-11-01T02:58:17.0091134Z   Menu
2025-11-01T02:58:17.0091321Z     0.0349 seconds average (0.55834 seconds / 16 examples) ./spec/models/menu_spec.rb:5
2025-11-01T02:58:17.0091390Z   Menus::Create
2025-11-01T02:58:17.0091608Z     0.02193 seconds average (0.1974 seconds / 9 examples) ./spec/use_cases/menus/create_spec.rb:5
2025-11-01T02:58:17.0091697Z   Persistence::MenuItemsRepository
2025-11-01T02:58:17.0091998Z     0.01603 seconds average (0.04808 seconds / 3 examples) ./spec/repositories/persistence/menu_items_repository_spec.rb:5
2025-11-01T02:58:17.0092073Z   Api::V1::MenuItems
2025-11-01T02:58:17.0092294Z     0.01352 seconds average (0.1352 seconds / 10 examples) ./spec/requests/api/v1/menu_items_spec.rb:5
2025-11-01T02:58:17.0092300Z 
2025-11-01T02:58:17.0092456Z Finished in 4 minutes 5 seconds (files took 4.59 seconds to load)
2025-11-01T02:58:17.0092529Z 246 examples, 7 failures
2025-11-01T02:58:17.0092534Z 
2025-11-01T02:58:17.0092602Z Failed examples:
2025-11-01T02:58:17.0092606Z 
2025-11-01T02:58:17.0092843Z rspec ./spec/models/menu_item_spec.rb:35 # MenuItem scopes .ordered orders menu items by id
2025-11-01T02:58:17.0093149Z rspec ./spec/models/menu_item_spec.rb:16 # MenuItem callbacks normalizes :name strips leading and trailing whitespace
2025-11-01T02:58:17.0093547Z rspec ./spec/blueprints/menu_blueprint_spec.rb:48 # MenuBlueprint.render with menu_item_placements association includes prices for each item
2025-11-01T02:58:17.0094136Z rspec ./spec/blueprints/menu_blueprint_spec.rb:43 # MenuBlueprint.render with menu_item_placements association renders items with MenuItemPlacementBlueprint
2025-11-01T02:58:17.0094563Z rspec ./spec/blueprints/menu_blueprint_spec.rb:38 # MenuBlueprint.render with menu_item_placements association includes all menu item placements as items
2025-11-01T02:58:17.0094948Z rspec ./spec/requests/api/v1/restaurants_spec.rb:15 # Api::V1::Restaurants /api/v1/restaurants get restaurants found returns a 200 response
2025-11-01T02:58:17.0095351Z rspec ./spec/requests/api/v1/restaurants_spec.rb:31 # Api::V1::Restaurants /api/v1/restaurants get empty list when no restaurants returns a 200 response
2025-11-01T02:58:17.0164319Z 
2025-11-01T02:58:17.0164535Z Randomized with seed 8715
2025-11-01T02:58:17.0164545Z 
2025-11-01T02:58:17.3131167Z ##[error]Process completed with exit code 1.
2025-11-01T02:58:17.3198519Z ##[group]Run actions/upload-artifact@v4
2025-11-01T02:58:17.3198775Z with:
2025-11-01T02:58:17.3198944Z   name: test-reports
2025-11-01T02:58:17.3199454Z   path: tmp/rspec.xml
coverage/

2025-11-01T02:58:17.3199837Z   if-no-files-found: warn
2025-11-01T02:58:17.3200048Z   compression-level: 6
2025-11-01T02:58:17.3200241Z   overwrite: false
2025-11-01T02:58:17.3200431Z   include-hidden-files: false
2025-11-01T02:58:17.3200632Z env:
2025-11-01T02:58:17.3200784Z   RAILS_ENV: test
2025-11-01T02:58:17.3201208Z   DATABASE_URL: ***localhost:5432/test
2025-11-01T02:58:17.3201463Z ##[endgroup]
2025-11-01T02:58:17.5320318Z Multiple search paths detected. Calculating the least common ancestor of all paths
2025-11-01T02:58:17.5324413Z The least common ancestor is /home/runner/work/restaurant/restaurant. This will be the root directory of the artifact
2025-11-01T02:58:17.5325547Z With the provided path, there will be 1 file uploaded
2025-11-01T02:58:17.5331757Z Artifact name is valid!
2025-11-01T02:58:17.5333332Z Root directory input is valid!
2025-11-01T02:58:17.8245216Z Beginning upload of artifact content to blob storage
2025-11-01T02:58:18.2363459Z Uploaded bytes 19461
2025-11-01T02:58:18.3228336Z Finished uploading artifact content to blob storage!
2025-11-01T02:58:18.3231657Z SHA256 digest of uploaded artifact zip is 34f5573f0e1b1ce5fda003d1f080f12da1228ec1f9e247dd4b9b9fd7fac3fec6
2025-11-01T02:58:18.3233940Z Finalizing artifact upload
2025-11-01T02:58:18.4671811Z Artifact test-reports.zip successfully finalized. Artifact ID 4435919003
2025-11-01T02:58:18.4672922Z Artifact test-reports has been successfully uploaded! Final size is 19461 bytes. Artifact ID is 4435919003
2025-11-01T02:58:18.4679886Z Artifact download URL: https://github.com/pedrohcrisanto/restaurant/actions/runs/18990219329/artifacts/4435919003
2025-11-01T02:58:18.4802314Z Post job cleanup.
2025-11-01T02:58:18.5736312Z [command]/usr/bin/git version
2025-11-01T02:58:18.5776525Z git version 2.51.2
2025-11-01T02:58:18.5821463Z Temporarily overriding HOME='/home/runner/work/_temp/723fb518-e5f7-41f5-a06c-e80288890df7' before making global git config changes
2025-11-01T02:58:18.5822746Z Adding repository directory to the temporary git global config as a safe directory
2025-11-01T02:58:18.5834367Z [command]/usr/bin/git config --global --add safe.directory /home/runner/work/restaurant/restaurant
2025-11-01T02:58:18.5867216Z [command]/usr/bin/git config --local --name-only --get-regexp core\.sshCommand
2025-11-01T02:58:18.5898979Z [command]/usr/bin/git submodule foreach --recursive sh -c "git config --local --name-only --get-regexp 'core\.sshCommand' && git config --local --unset-all 'core.sshCommand' || :"
2025-11-01T02:58:18.6155590Z [command]/usr/bin/git config --local --name-only --get-regexp http\.https\:\/\/github\.com\/\.extraheader
2025-11-01T02:58:18.6175837Z http.https://github.com/.extraheader
2025-11-01T02:58:18.6188155Z [command]/usr/bin/git config --local --unset-all http.https://github.com/.extraheader
2025-11-01T02:58:18.6217957Z [command]/usr/bin/git submodule foreach --recursive sh -c "git config --local --name-only --get-regexp 'http\.https\:\/\/github\.com\/\.extraheader' && git config --local --unset-all 'http.https://github.com/.extraheader' || :"
2025-11-01T02:58:18.6532470Z Print service container logs: 05c493e0adf44cf7be100285b7ee6999_postgres16_9b9b28
2025-11-01T02:58:18.6537066Z ##[command]/usr/bin/docker logs --details 18cc59eb6609c0ed816a831bb947c4c498acd5c0d21773179071d8c22a173d79
2025-11-01T02:58:18.6693916Z  initdb: warning: enabling "trust" authentication for local connections
2025-11-01T02:58:18.6694745Z  The files belonging to this database system will be owned by user "postgres".
2025-11-01T02:58:18.6695800Z  initdb: hint: You can change this by editing pg_hba.conf or using the option -A, or --auth-local and --auth-host, the next time you run initdb.
2025-11-01T02:58:18.6696907Z  2025-11-01 02:53:10.921 UTC [1] LOG:  starting PostgreSQL 16.10 (Debian 16.10-1.pgdg13+1) on x86_64-pc-linux-gnu, compiled by gcc (Debian 14.2.0-19) 14.2.0, 64-bit
2025-11-01T02:58:18.6697534Z  2025-11-01 02:53:10.922 UTC [1] LOG:  listening on IPv4 address "0.0.0.0", port 5432
2025-11-01T02:58:18.6697984Z  2025-11-01 02:53:10.922 UTC [1] LOG:  listening on IPv6 address "::", port 5432
2025-11-01T02:58:18.6698434Z  2025-11-01 02:53:10.923 UTC [1] LOG:  listening on Unix socket "/var/run/postgresql/.s.PGSQL.5432"
2025-11-01T02:58:18.6698930Z  2025-11-01 02:53:10.926 UTC [62] LOG:  database system was shut down at 2025-11-01 02:53:10 UTC
2025-11-01T02:58:18.6699606Z  2025-11-01 02:53:10.930 UTC [1] LOG:  database system is ready to accept connections
2025-11-01T02:58:18.6699994Z  2025-11-01 02:53:45.656 UTC [91] FATAL:  database "test" does not exist
2025-11-01T02:58:18.6700361Z  2025-11-01 02:58:11.009 UTC [60] LOG:  checkpoint starting: time
2025-11-01T02:58:18.6700675Z  This user must also own the server process.
2025-11-01T02:58:18.6700920Z  
2025-11-01T02:58:18.6701172Z  The database cluster will be initialized with locale "en_US.utf8".
2025-11-01T02:58:18.6701572Z  The default database encoding has accordingly been set to "UTF8".
2025-11-01T02:58:18.6701956Z  The default text search configuration will be set to "english".
2025-11-01T02:58:18.6702248Z  
2025-11-01T02:58:18.6702423Z  Data page checksums are disabled.
2025-11-01T02:58:18.6702642Z  
2025-11-01T02:58:18.6702919Z  fixing permissions on existing directory /var/lib/postgresql/data ... ok
2025-11-01T02:58:18.6703278Z  creating subdirectories ... ok
2025-11-01T02:58:18.6703568Z  selecting dynamic shared memory implementation ... posix
2025-11-01T02:58:18.6703889Z  selecting default max_connections ... 100
2025-11-01T02:58:18.6704159Z  selecting default shared_buffers ... 128MB
2025-11-01T02:58:18.6704429Z  selecting default time zone ... Etc/UTC
2025-11-01T02:58:18.6704688Z  creating configuration files ... ok
2025-11-01T02:58:18.6704935Z  running bootstrap script ... ok
2025-11-01T02:58:18.6705228Z  performing post-bootstrap initialization ... ok
2025-11-01T02:58:18.6705514Z  syncing data to disk ... ok
2025-11-01T02:58:18.6705831Z  
2025-11-01T02:58:18.6706276Z  
2025-11-01T02:58:18.6706628Z  Success. You can now start the database server using:
2025-11-01T02:58:18.6707159Z  
2025-11-01T02:58:18.6707399Z      pg_ctl -D /var/lib/postgresql/data -l logfile start
2025-11-01T02:58:18.6707678Z  
2025-11-01T02:58:18.6708220Z  waiting for server to start....2025-11-01 02:53:10.684 UTC [48] LOG:  starting PostgreSQL 16.10 (Debian 16.10-1.pgdg13+1) on x86_64-pc-linux-gnu, compiled by gcc (Debian 14.2.0-19) 14.2.0, 64-bit
2025-11-01T02:58:18.6708960Z  2025-11-01 02:53:10.685 UTC [48] LOG:  listening on Unix socket "/var/run/postgresql/.s.PGSQL.5432"
2025-11-01T02:58:18.6709682Z  2025-11-01 02:53:10.688 UTC [51] LOG:  database system was shut down at 2025-11-01 02:53:10 UTC
2025-11-01T02:58:18.6710141Z  2025-11-01 02:53:10.692 UTC [48] LOG:  database system is ready to accept connections
2025-11-01T02:58:18.6710463Z   done
2025-11-01T02:58:18.6710622Z  server started
2025-11-01T02:58:18.6710798Z  
2025-11-01T02:58:18.6711088Z  /usr/local/bin/docker-entrypoint.sh: ignoring /docker-entrypoint-initdb.d/*
2025-11-01T02:58:18.6711445Z  
2025-11-01T02:58:18.6711894Z  2025-11-01 02:53:10.802 UTC [48] LOG:  received fast shutdown request
2025-11-01T02:58:18.6712371Z  waiting for server to shut down....2025-11-01 02:53:10.803 UTC [48] LOG:  aborting any active transactions
2025-11-01T02:58:18.6712961Z  2025-11-01 02:53:10.805 UTC [48] LOG:  background worker "logical replication launcher" (PID 54) exited with exit code 1
2025-11-01T02:58:18.6713423Z  2025-11-01 02:53:10.805 UTC [49] LOG:  shutting down
2025-11-01T02:58:18.6713758Z  2025-11-01 02:53:10.805 UTC [49] LOG:  checkpoint starting: shutdown immediate
2025-11-01T02:58:18.6714752Z  2025-11-01 02:53:10.808 UTC [49] LOG:  checkpoint complete: wrote 3 buffers (0.0%); 0 WAL file(s) added, 0 removed, 0 recycled; write=0.001 s, sync=0.001 s, total=0.003 s; sync files=2, longest=0.001 s, average=0.001 s; distance=0 kB, estimate=0 kB; lsn=0/14F2AD8, redo lsn=0/14F2AD8
2025-11-01T02:58:18.6715595Z  2025-11-01 02:53:10.812 UTC [48] LOG:  database system is shut down
2025-11-01T02:58:18.6715895Z   done
2025-11-01T02:58:18.6716050Z  server stopped
2025-11-01T02:58:18.6716223Z  
2025-11-01T02:58:18.6716439Z  PostgreSQL init process complete; ready for start up.
2025-11-01T02:58:18.6716710Z  
2025-11-01T02:58:18.6722642Z Stop and remove container: 05c493e0adf44cf7be100285b7ee6999_postgres16_9b9b28
2025-11-01T02:58:18.6727069Z ##[command]/usr/bin/docker rm --force 18cc59eb6609c0ed816a831bb947c4c498acd5c0d21773179071d8c22a173d79
2025-11-01T02:58:18.8140372Z 18cc59eb6609c0ed816a831bb947c4c498acd5c0d21773179071d8c22a173d79
2025-11-01T02:58:18.8168382Z Remove container network: github_network_c13f4be75e0b4307847490f96dd1634e
2025-11-01T02:58:18.8173312Z ##[command]/usr/bin/docker network rm github_network_c13f4be75e0b4307847490f96dd1634e
2025-11-01T02:58:18.9435465Z github_network_c13f4be75e0b4307847490f96dd1634e
2025-11-01T02:58:18.9493104Z Cleaning up orphan processes
