2025-10-29T22:21:53.2016767Z Current runner version: '2.328.0'
2025-10-29T22:21:53.2040438Z ##[group]Runner Image Provisioner
2025-10-29T22:21:53.2041266Z Hosted Compute Agent
2025-10-29T22:21:53.2041848Z Version: 20250912.392
2025-10-29T22:21:53.2042466Z Commit: d921fda672a98b64f4f82364647e2f10b2267d0b
2025-10-29T22:21:53.2043119Z Build Date: 2025-09-12T15:23:14Z
2025-10-29T22:21:53.2043759Z ##[endgroup]
2025-10-29T22:21:53.2044342Z ##[group]Operating System
2025-10-29T22:21:53.2044872Z Ubuntu
2025-10-29T22:21:53.2045397Z 24.04.3
2025-10-29T22:21:53.2045852Z LTS
2025-10-29T22:21:53.2046485Z ##[endgroup]
2025-10-29T22:21:53.2046922Z ##[group]Runner Image
2025-10-29T22:21:53.2047568Z Image: ubuntu-24.04
2025-10-29T22:21:53.2048038Z Version: 20250929.60.1
2025-10-29T22:21:53.2049053Z Included Software: https://github.com/actions/runner-images/blob/ubuntu24/20250929.60/images/ubuntu/Ubuntu2404-Readme.md
2025-10-29T22:21:53.2050642Z Image Release: https://github.com/actions/runner-images/releases/tag/ubuntu24%2F20250929.60
2025-10-29T22:21:53.2051882Z ##[endgroup]
2025-10-29T22:21:53.2052875Z ##[group]GITHUB_TOKEN Permissions
2025-10-29T22:21:53.2055052Z Contents: read
2025-10-29T22:21:53.2055689Z Metadata: read
2025-10-29T22:21:53.2056358Z ##[endgroup]
2025-10-29T22:21:53.2058301Z Secret source: Actions
2025-10-29T22:21:53.2059071Z Prepare workflow directory
2025-10-29T22:21:53.2443219Z Prepare all required actions
2025-10-29T22:21:53.2481548Z Getting action download info
2025-10-29T22:21:53.6644819Z Download action repository 'actions/checkout@v4' (SHA:08eba0b27e820071cde6df949e0beb9ba4906955)
2025-10-29T22:21:53.7604215Z Download action repository 'ruby/setup-ruby@v1' (SHA:d5126b9b3579e429dd52e51e68624dda2e05be25)
2025-10-29T22:21:54.4126613Z Complete job name: i18n-tasks (chaves órfãs/ausentes)
2025-10-29T22:21:54.4904907Z ##[group]Run actions/checkout@v4
2025-10-29T22:21:54.4905804Z with:
2025-10-29T22:21:54.4906499Z   repository: pedrohcrisanto/restaurant
2025-10-29T22:21:54.4907242Z   token: ***
2025-10-29T22:21:54.4907652Z   ssh-strict: true
2025-10-29T22:21:54.4908091Z   ssh-user: git
2025-10-29T22:21:54.4908520Z   persist-credentials: true
2025-10-29T22:21:54.4908995Z   clean: true
2025-10-29T22:21:54.4909419Z   sparse-checkout-cone-mode: true
2025-10-29T22:21:54.4909931Z   fetch-depth: 1
2025-10-29T22:21:54.4910350Z   fetch-tags: false
2025-10-29T22:21:54.4910769Z   show-progress: true
2025-10-29T22:21:54.4911210Z   lfs: false
2025-10-29T22:21:54.4911604Z   submodules: false
2025-10-29T22:21:54.4912045Z   set-safe-directory: true
2025-10-29T22:21:54.4912785Z ##[endgroup]
2025-10-29T22:21:54.5983148Z Syncing repository: pedrohcrisanto/restaurant
2025-10-29T22:21:54.5985308Z ##[group]Getting Git version info
2025-10-29T22:21:54.5986472Z Working directory is '/home/runner/work/restaurant/restaurant'
2025-10-29T22:21:54.5987529Z [command]/usr/bin/git version
2025-10-29T22:21:54.6069689Z git version 2.51.0
2025-10-29T22:21:54.6096457Z ##[endgroup]
2025-10-29T22:21:54.6110827Z Temporarily overriding HOME='/home/runner/work/_temp/ab2c33ee-a57b-427d-a900-ed0423e545ce' before making global git config changes
2025-10-29T22:21:54.6112569Z Adding repository directory to the temporary git global config as a safe directory
2025-10-29T22:21:54.6124260Z [command]/usr/bin/git config --global --add safe.directory /home/runner/work/restaurant/restaurant
2025-10-29T22:21:54.6161577Z Deleting the contents of '/home/runner/work/restaurant/restaurant'
2025-10-29T22:21:54.6165474Z ##[group]Initializing the repository
2025-10-29T22:21:54.6170643Z [command]/usr/bin/git init /home/runner/work/restaurant/restaurant
2025-10-29T22:21:54.6283240Z hint: Using 'master' as the name for the initial branch. This default branch name
2025-10-29T22:21:54.6284705Z hint: is subject to change. To configure the initial branch name to use in all
2025-10-29T22:21:54.6285640Z hint: of your new repositories, which will suppress this warning, call:
2025-10-29T22:21:54.6286649Z hint:
2025-10-29T22:21:54.6287203Z hint: 	git config --global init.defaultBranch <name>
2025-10-29T22:21:54.6288804Z hint:
2025-10-29T22:21:54.6289470Z hint: Names commonly chosen instead of 'master' are 'main', 'trunk' and
2025-10-29T22:21:54.6291327Z hint: 'development'. The just-created branch can be renamed via this command:
2025-10-29T22:21:54.6292835Z hint:
2025-10-29T22:21:54.6293619Z hint: 	git branch -m <name>
2025-10-29T22:21:54.6294560Z hint:
2025-10-29T22:21:54.6295808Z hint: Disable this message with "git config set advice.defaultBranchName false"
2025-10-29T22:21:54.6298126Z Initialized empty Git repository in /home/runner/work/restaurant/restaurant/.git/
2025-10-29T22:21:54.6303297Z [command]/usr/bin/git remote add origin https://github.com/pedrohcrisanto/restaurant
2025-10-29T22:21:54.6342097Z ##[endgroup]
2025-10-29T22:21:54.6343492Z ##[group]Disabling automatic garbage collection
2025-10-29T22:21:54.6347000Z [command]/usr/bin/git config --local gc.auto 0
2025-10-29T22:21:54.6375622Z ##[endgroup]
2025-10-29T22:21:54.6377237Z ##[group]Setting up auth
2025-10-29T22:21:54.6383555Z [command]/usr/bin/git config --local --name-only --get-regexp core\.sshCommand
2025-10-29T22:21:54.6414264Z [command]/usr/bin/git submodule foreach --recursive sh -c "git config --local --name-only --get-regexp 'core\.sshCommand' && git config --local --unset-all 'core.sshCommand' || :"
2025-10-29T22:21:54.6758610Z [command]/usr/bin/git config --local --name-only --get-regexp http\.https\:\/\/github\.com\/\.extraheader
2025-10-29T22:21:54.6788667Z [command]/usr/bin/git submodule foreach --recursive sh -c "git config --local --name-only --get-regexp 'http\.https\:\/\/github\.com\/\.extraheader' && git config --local --unset-all 'http.https://github.com/.extraheader' || :"
2025-10-29T22:21:54.7008887Z [command]/usr/bin/git config --local http.https://github.com/.extraheader AUTHORIZATION: basic ***
2025-10-29T22:21:54.7051291Z ##[endgroup]
2025-10-29T22:21:54.7052736Z ##[group]Fetching the repository
2025-10-29T22:21:54.7061292Z [command]/usr/bin/git -c protocol.version=2 fetch --no-tags --prune --no-recurse-submodules --depth=1 origin +2d7194bd3dd809ffee55a9058880749a3b7349bf:refs/remotes/origin/main
2025-10-29T22:21:55.3041426Z From https://github.com/pedrohcrisanto/restaurant
2025-10-29T22:21:55.3043053Z  * [new ref]         2d7194bd3dd809ffee55a9058880749a3b7349bf -> origin/main
2025-10-29T22:21:55.3074884Z ##[endgroup]
2025-10-29T22:21:55.3076550Z ##[group]Determining the checkout info
2025-10-29T22:21:55.3078176Z ##[endgroup]
2025-10-29T22:21:55.3082213Z [command]/usr/bin/git sparse-checkout disable
2025-10-29T22:21:55.3121587Z [command]/usr/bin/git config --local --unset-all extensions.worktreeConfig
2025-10-29T22:21:55.3150080Z ##[group]Checking out the ref
2025-10-29T22:21:55.3154021Z [command]/usr/bin/git checkout --progress --force -B main refs/remotes/origin/main
2025-10-29T22:21:55.3415401Z Switched to a new branch 'main'
2025-10-29T22:21:55.3417574Z branch 'main' set up to track 'origin/main'.
2025-10-29T22:21:55.3426625Z ##[endgroup]
2025-10-29T22:21:55.3461805Z [command]/usr/bin/git log -1 --format=%H
2025-10-29T22:21:55.3483343Z 2d7194bd3dd809ffee55a9058880749a3b7349bf
2025-10-29T22:21:55.3707497Z ##[group]Run sudo apt-get update
2025-10-29T22:21:55.3708761Z [36;1msudo apt-get update[0m
2025-10-29T22:21:55.3709933Z [36;1msudo apt-get install -y libpq-dev[0m
2025-10-29T22:21:55.3750533Z shell: /usr/bin/bash -e {0}
2025-10-29T22:21:55.3751629Z ##[endgroup]
2025-10-29T22:21:55.4537603Z Get:1 file:/etc/apt/apt-mirrors.txt Mirrorlist [144 B]
2025-10-29T22:21:55.4858876Z Hit:2 http://azure.archive.ubuntu.com/ubuntu noble InRelease
2025-10-29T22:21:55.4868936Z Get:3 http://azure.archive.ubuntu.com/ubuntu noble-updates InRelease [126 kB]
2025-10-29T22:21:55.4917278Z Get:4 http://azure.archive.ubuntu.com/ubuntu noble-backports InRelease [126 kB]
2025-10-29T22:21:55.4949102Z Get:5 http://azure.archive.ubuntu.com/ubuntu noble-security InRelease [126 kB]
2025-10-29T22:21:55.6178235Z Get:6 http://azure.archive.ubuntu.com/ubuntu noble-updates/main amd64 Packages [1570 kB]
2025-10-29T22:21:55.6341259Z Get:7 http://azure.archive.ubuntu.com/ubuntu noble-updates/main Translation-en [297 kB]
2025-10-29T22:21:55.6367190Z Get:8 http://azure.archive.ubuntu.com/ubuntu noble-updates/main amd64 Components [175 kB]
2025-10-29T22:21:55.6385692Z Get:9 http://azure.archive.ubuntu.com/ubuntu noble-updates/main amd64 c-n-f Metadata [15.4 kB]
2025-10-29T22:21:55.6394012Z Get:10 http://azure.archive.ubuntu.com/ubuntu noble-updates/universe amd64 Packages [1498 kB]
2025-10-29T22:21:55.6470698Z Get:11 http://azure.archive.ubuntu.com/ubuntu noble-updates/universe Translation-en [303 kB]
2025-10-29T22:21:55.6496363Z Get:12 http://azure.archive.ubuntu.com/ubuntu noble-updates/universe amd64 Components [378 kB]
2025-10-29T22:21:55.6522181Z Get:13 http://azure.archive.ubuntu.com/ubuntu noble-updates/universe amd64 c-n-f Metadata [31.4 kB]
2025-10-29T22:21:55.6534617Z Get:14 http://azure.archive.ubuntu.com/ubuntu noble-updates/restricted amd64 Packages [2217 kB]
2025-10-29T22:21:55.6658609Z Get:15 http://azure.archive.ubuntu.com/ubuntu noble-updates/restricted Translation-en [502 kB]
2025-10-29T22:21:55.7127635Z Get:16 http://azure.archive.ubuntu.com/ubuntu noble-updates/restricted amd64 Components [212 B]
2025-10-29T22:21:55.7149141Z Get:17 http://azure.archive.ubuntu.com/ubuntu noble-updates/restricted amd64 c-n-f Metadata [516 B]
2025-10-29T22:21:55.7164764Z Get:18 http://azure.archive.ubuntu.com/ubuntu noble-updates/multiverse amd64 Packages [30.3 kB]
2025-10-29T22:21:55.7179447Z Get:19 http://azure.archive.ubuntu.com/ubuntu noble-updates/multiverse Translation-en [5564 B]
2025-10-29T22:21:55.7192588Z Get:20 http://azure.archive.ubuntu.com/ubuntu noble-updates/multiverse amd64 Components [940 B]
2025-10-29T22:21:55.7203725Z Get:21 http://azure.archive.ubuntu.com/ubuntu noble-updates/multiverse amd64 c-n-f Metadata [484 B]
2025-10-29T22:21:55.7212657Z Get:22 http://azure.archive.ubuntu.com/ubuntu noble-backports/main amd64 Components [7148 B]
2025-10-29T22:21:55.7221419Z Get:23 http://azure.archive.ubuntu.com/ubuntu noble-backports/universe amd64 Components [11.0 kB]
2025-10-29T22:21:55.7239057Z Get:24 http://azure.archive.ubuntu.com/ubuntu noble-backports/restricted amd64 Components [212 B]
2025-10-29T22:21:55.7252485Z Get:25 http://azure.archive.ubuntu.com/ubuntu noble-backports/multiverse amd64 Components [212 B]
2025-10-29T22:21:55.7377656Z Get:26 http://azure.archive.ubuntu.com/ubuntu noble-security/main amd64 Packages [1270 kB]
2025-10-29T22:21:55.7454303Z Get:27 http://azure.archive.ubuntu.com/ubuntu noble-security/main Translation-en [211 kB]
2025-10-29T22:21:55.7475652Z Get:28 http://azure.archive.ubuntu.com/ubuntu noble-security/main amd64 Components [21.6 kB]
2025-10-29T22:21:55.7484993Z Get:29 http://azure.archive.ubuntu.com/ubuntu noble-security/main amd64 c-n-f Metadata [9008 B]
2025-10-29T22:21:55.7931467Z Get:30 http://azure.archive.ubuntu.com/ubuntu noble-security/universe amd64 Packages [905 kB]
2025-10-29T22:21:55.7979573Z Get:31 http://azure.archive.ubuntu.com/ubuntu noble-security/universe Translation-en [203 kB]
2025-10-29T22:21:55.8002240Z Get:32 http://azure.archive.ubuntu.com/ubuntu noble-security/universe amd64 Components [52.3 kB]
2025-10-29T22:21:55.8013450Z Get:33 http://azure.archive.ubuntu.com/ubuntu noble-security/universe amd64 c-n-f Metadata [19.4 kB]
2025-10-29T22:21:55.8026557Z Get:34 http://azure.archive.ubuntu.com/ubuntu noble-security/restricted amd64 Packages [2080 kB]
2025-10-29T22:21:55.8121630Z Get:35 http://azure.archive.ubuntu.com/ubuntu noble-security/restricted Translation-en [470 kB]
2025-10-29T22:21:55.8151867Z Get:36 http://azure.archive.ubuntu.com/ubuntu noble-security/restricted amd64 Components [212 B]
2025-10-29T22:21:55.8161685Z Get:37 http://azure.archive.ubuntu.com/ubuntu noble-security/restricted amd64 c-n-f Metadata [500 B]
2025-10-29T22:21:55.8170965Z Get:38 http://azure.archive.ubuntu.com/ubuntu noble-security/multiverse amd64 Packages [27.4 kB]
2025-10-29T22:21:55.8181539Z Get:39 http://azure.archive.ubuntu.com/ubuntu noble-security/multiverse Translation-en [5708 B]
2025-10-29T22:21:55.8190409Z Get:40 http://azure.archive.ubuntu.com/ubuntu noble-security/multiverse amd64 Components [212 B]
2025-10-29T22:21:55.8198697Z Get:41 http://azure.archive.ubuntu.com/ubuntu noble-security/multiverse amd64 c-n-f Metadata [384 B]
2025-10-29T22:22:14.8773937Z Get:42 https://packages.microsoft.com/repos/azure-cli noble InRelease [3564 B]
2025-10-29T22:22:15.0724506Z Get:43 https://packages.microsoft.com/ubuntu/24.04/prod noble InRelease [3600 B]
2025-10-29T22:22:15.1949900Z Get:44 https://packages.microsoft.com/repos/azure-cli noble/main amd64 Packages [1629 B]
2025-10-29T22:22:15.3492700Z Get:45 https://packages.microsoft.com/ubuntu/24.04/prod noble/main amd64 Packages [66.0 kB]
2025-10-29T22:22:15.5652352Z Get:46 https://packages.microsoft.com/ubuntu/24.04/prod noble/main armhf Packages [11.0 kB]
2025-10-29T22:22:15.7038085Z Get:47 https://packages.microsoft.com/ubuntu/24.04/prod noble/main arm64 Packages [48.3 kB]
2025-10-29T22:22:23.0872446Z Fetched 12.8 MB in 20s (632 kB/s)
2025-10-29T22:22:23.8290491Z Reading package lists...
2025-10-29T22:22:23.8631120Z Reading package lists...
2025-10-29T22:22:24.0404524Z Building dependency tree...
2025-10-29T22:22:24.0412268Z Reading state information...
2025-10-29T22:22:24.2218210Z libpq-dev is already the newest version (18.0-1.pgdg24.04+3).
2025-10-29T22:22:24.2218996Z 0 upgraded, 0 newly installed, 0 to remove and 53 not upgraded.
2025-10-29T22:22:24.2298319Z ##[group]Run ruby/setup-ruby@v1
2025-10-29T22:22:24.2298590Z with:
2025-10-29T22:22:24.2298780Z   ruby-version: 3.3
2025-10-29T22:22:24.2298977Z   bundler-cache: true
2025-10-29T22:22:24.2299173Z ##[endgroup]
2025-10-29T22:22:24.3913324Z ##[group]Modifying PATH
2025-10-29T22:22:24.3918101Z Entries added to PATH to use selected Ruby:
2025-10-29T22:22:24.3921844Z   /opt/hostedtoolcache/Ruby/3.3.10/x64/bin
2025-10-29T22:22:24.3932887Z ##[endgroup]
2025-10-29T22:22:24.3949868Z ##[group]Downloading Ruby
2025-10-29T22:22:24.3951105Z https://github.com/ruby/ruby-builder/releases/download/ruby-3.3.10/ruby-3.3.10-ubuntu-24.04-x64.tar.gz
2025-10-29T22:22:24.8889817Z Took   0.49 seconds
2025-10-29T22:22:24.8891032Z ##[endgroup]
2025-10-29T22:22:24.8922925Z ##[group]Extracting  Ruby
2025-10-29T22:22:24.8923890Z [command]/usr/bin/tar -xz -C /opt/hostedtoolcache/Ruby/3.3.10 -f /home/runner/work/_temp/a8ba0a8d-6b86-457f-b9b4-17e2e9ece395
2025-10-29T22:22:25.3397497Z Took   0.45 seconds
2025-10-29T22:22:25.3399014Z ##[endgroup]
2025-10-29T22:22:25.3403641Z ##[group]Print Ruby version
2025-10-29T22:22:25.3418256Z [command]/opt/hostedtoolcache/Ruby/3.3.10/x64/bin/ruby --version
2025-10-29T22:22:25.3591208Z ruby 3.3.10 (2025-10-23 revision 343ea05002) [x86_64-linux]
2025-10-29T22:22:25.3609053Z Took   0.02 seconds
2025-10-29T22:22:25.3609933Z ##[endgroup]
2025-10-29T22:22:25.3610756Z ##[group]Installing Bundler
2025-10-29T22:22:25.3618422Z Using Bundler 2.6.9 from Gemfile.lock BUNDLED WITH 2.6.9
2025-10-29T22:22:25.3622722Z [command]/opt/hostedtoolcache/Ruby/3.3.10/x64/bin/gem install bundler -v 2.6.9
2025-10-29T22:22:25.9230249Z Successfully installed bundler-2.6.9
2025-10-29T22:22:25.9230841Z 1 gem installed
2025-10-29T22:22:25.9285648Z Took   0.57 seconds
2025-10-29T22:22:25.9286691Z ##[endgroup]
2025-10-29T22:22:25.9287851Z > bundle install
2025-10-29T22:22:25.9310899Z [command]/opt/hostedtoolcache/Ruby/3.3.10/x64/bin/bundle config --local path /home/runner/work/restaurant/restaurant/vendor/bundle
2025-10-29T22:22:26.0822608Z [command]/opt/hostedtoolcache/Ruby/3.3.10/x64/bin/bundle config --local deployment true
2025-10-29T22:22:26.2313242Z ##[group]Print lockfile
2025-10-29T22:22:26.2328108Z [command]/usr/bin/cat Gemfile.lock
2025-10-29T22:22:26.2358431Z GEM
2025-10-29T22:22:26.2358819Z   remote: https://rubygems.org/
2025-10-29T22:22:26.2359246Z   specs:
2025-10-29T22:22:26.2359524Z     actioncable (8.0.4)
2025-10-29T22:22:26.2359848Z       actionpack (= 8.0.4)
2025-10-29T22:22:26.2360174Z       activesupport (= 8.0.4)
2025-10-29T22:22:26.2360527Z       nio4r (~> 2.0)
2025-10-29T22:22:26.2360832Z       websocket-driver (>= 0.6.1)
2025-10-29T22:22:26.2361541Z       zeitwerk (~> 2.6)
2025-10-29T22:22:26.2361868Z     actionmailbox (8.0.4)
2025-10-29T22:22:26.2362211Z       actionpack (= 8.0.4)
2025-10-29T22:22:26.2362570Z       activejob (= 8.0.4)
2025-10-29T22:22:26.2362927Z       activerecord (= 8.0.4)
2025-10-29T22:22:26.2363239Z       activestorage (= 8.0.4)
2025-10-29T22:22:26.2363599Z       activesupport (= 8.0.4)
2025-10-29T22:22:26.2363966Z       mail (>= 2.8.0)
2025-10-29T22:22:26.2364346Z     actionmailer (8.0.4)
2025-10-29T22:22:26.2364675Z       actionpack (= 8.0.4)
2025-10-29T22:22:26.2364999Z       actionview (= 8.0.4)
2025-10-29T22:22:26.2365331Z       activejob (= 8.0.4)
2025-10-29T22:22:26.2365703Z       activesupport (= 8.0.4)
2025-10-29T22:22:26.2366299Z       mail (>= 2.8.0)
2025-10-29T22:22:26.2366679Z       rails-dom-testing (~> 2.2)
2025-10-29T22:22:26.2367045Z     actionpack (8.0.4)
2025-10-29T22:22:26.2367254Z       actionview (= 8.0.4)
2025-10-29T22:22:26.2367464Z       activesupport (= 8.0.4)
2025-10-29T22:22:26.2367692Z       nokogiri (>= 1.8.5)
2025-10-29T22:22:26.2367899Z       rack (>= 2.2.4)
2025-10-29T22:22:26.2368129Z       rack-session (>= 1.0.1)
2025-10-29T22:22:26.2368336Z       rack-test (>= 0.6.3)
2025-10-29T22:22:26.2368549Z       rails-dom-testing (~> 2.2)
2025-10-29T22:22:26.2368783Z       rails-html-sanitizer (~> 1.6)
2025-10-29T22:22:26.2369259Z       useragent (~> 0.16)
2025-10-29T22:22:26.2369469Z     actiontext (8.0.4)
2025-10-29T22:22:26.2369657Z       actionpack (= 8.0.4)
2025-10-29T22:22:26.2369866Z       activerecord (= 8.0.4)
2025-10-29T22:22:26.2370076Z       activestorage (= 8.0.4)
2025-10-29T22:22:26.2370295Z       activesupport (= 8.0.4)
2025-10-29T22:22:26.2370502Z       globalid (>= 0.6.0)
2025-10-29T22:22:26.2370700Z       nokogiri (>= 1.8.5)
2025-10-29T22:22:26.2370891Z     actionview (8.0.4)
2025-10-29T22:22:26.2371091Z       activesupport (= 8.0.4)
2025-10-29T22:22:26.2371297Z       builder (~> 3.1)
2025-10-29T22:22:26.2371486Z       erubi (~> 1.11)
2025-10-29T22:22:26.2371880Z       rails-dom-testing (~> 2.2)
2025-10-29T22:22:26.2372138Z       rails-html-sanitizer (~> 1.6)
2025-10-29T22:22:26.2372370Z     activejob (8.0.4)
2025-10-29T22:22:26.2372562Z       activesupport (= 8.0.4)
2025-10-29T22:22:26.2372776Z       globalid (>= 0.3.6)
2025-10-29T22:22:26.2372966Z     activemodel (8.0.4)
2025-10-29T22:22:26.2373162Z       activesupport (= 8.0.4)
2025-10-29T22:22:26.2373474Z     activerecord (8.0.4)
2025-10-29T22:22:26.2373826Z       activemodel (= 8.0.4)
2025-10-29T22:22:26.2374174Z       activesupport (= 8.0.4)
2025-10-29T22:22:26.2374538Z       timeout (>= 0.4.0)
2025-10-29T22:22:26.2374868Z     activestorage (8.0.4)
2025-10-29T22:22:26.2375162Z       actionpack (= 8.0.4)
2025-10-29T22:22:26.2375367Z       activejob (= 8.0.4)
2025-10-29T22:22:26.2375558Z       activerecord (= 8.0.4)
2025-10-29T22:22:26.2375762Z       activesupport (= 8.0.4)
2025-10-29T22:22:26.2376200Z       marcel (~> 1.0)
2025-10-29T22:22:26.2376392Z     activesupport (8.0.4)
2025-10-29T22:22:26.2376596Z       base64
2025-10-29T22:22:26.2376867Z       benchmark (>= 0.3)
2025-10-29T22:22:26.2377054Z       bigdecimal
2025-10-29T22:22:26.2377236Z       concurrent-ruby (~> 1.0, >= 1.3.1)
2025-10-29T22:22:26.2377618Z       connection_pool (>= 2.2.5)
2025-10-29T22:22:26.2377819Z       drb
2025-10-29T22:22:26.2377973Z       i18n (>= 1.6, < 2)
2025-10-29T22:22:26.2378157Z       logger (>= 1.4.2)
2025-10-29T22:22:26.2378474Z       minitest (>= 5.1)
2025-10-29T22:22:26.2378690Z       securerandom (>= 0.3)
2025-10-29T22:22:26.2379054Z       tzinfo (~> 2.0, >= 2.0.5)
2025-10-29T22:22:26.2379265Z       uri (>= 0.13.1)
2025-10-29T22:22:26.2379443Z     addressable (2.8.7)
2025-10-29T22:22:26.2379740Z       public_suffix (>= 2.0.2, < 7.0)
2025-10-29T22:22:26.2379958Z     ast (2.4.3)
2025-10-29T22:22:26.2380335Z     base64 (0.3.0)
2025-10-29T22:22:26.2380624Z     benchmark (0.5.0)
2025-10-29T22:22:26.2380946Z     bigdecimal (3.3.1)
2025-10-29T22:22:26.2381276Z     blueprinter (1.2.1)
2025-10-29T22:22:26.2381604Z     brakeman (6.2.2)
2025-10-29T22:22:26.2382155Z       racc
2025-10-29T22:22:26.2382426Z     builder (3.3.0)
2025-10-29T22:22:26.2382608Z     bundler-audit (0.9.2)
2025-10-29T22:22:26.2382810Z       bundler (>= 1.2.0, < 3)
2025-10-29T22:22:26.2383007Z       thor (~> 1.0)
2025-10-29T22:22:26.2383182Z     concurrent-ruby (1.3.5)
2025-10-29T22:22:26.2383388Z     connection_pool (2.5.4)
2025-10-29T22:22:26.2383658Z     crass (1.0.6)
2025-10-29T22:22:26.2383934Z     csv (3.3.5)
2025-10-29T22:22:26.2384095Z     date (3.4.1)
2025-10-29T22:22:26.2384263Z     debug (1.11.0)
2025-10-29T22:22:26.2384423Z       irb (~> 1.10)
2025-10-29T22:22:26.2384588Z       reline (>= 0.3.8)
2025-10-29T22:22:26.2384771Z     diff-lcs (1.6.2)
2025-10-29T22:22:26.2384946Z     docile (1.4.1)
2025-10-29T22:22:26.2385104Z     dotenv (3.1.8)
2025-10-29T22:22:26.2385279Z     dotenv-rails (3.1.8)
2025-10-29T22:22:26.2385457Z       dotenv (= 3.1.8)
2025-10-29T22:22:26.2385635Z       railties (>= 6.1)
2025-10-29T22:22:26.2385811Z     drb (2.2.3)
2025-10-29T22:22:26.2386222Z     dry-configurable (1.3.0)
2025-10-29T22:22:26.2386445Z       dry-core (~> 1.1)
2025-10-29T22:22:26.2386675Z       zeitwerk (~> 2.6)
2025-10-29T22:22:26.2386851Z     dry-core (1.1.0)
2025-10-29T22:22:26.2387029Z       concurrent-ruby (~> 1.0)
2025-10-29T22:22:26.2387225Z       logger
2025-10-29T22:22:26.2387379Z       zeitwerk (~> 2.6)
2025-10-29T22:22:26.2387770Z     dry-inflector (1.2.0)
2025-10-29T22:22:26.2387972Z     dry-initializer (3.2.0)
2025-10-29T22:22:26.2388167Z     dry-logic (1.6.0)
2025-10-29T22:22:26.2388339Z       bigdecimal
2025-10-29T22:22:26.2388511Z       concurrent-ruby (~> 1.0)
2025-10-29T22:22:26.2388711Z       dry-core (~> 1.1)
2025-10-29T22:22:26.2388881Z       zeitwerk (~> 2.6)
2025-10-29T22:22:26.2389059Z     dry-schema (1.14.1)
2025-10-29T22:22:26.2389234Z       concurrent-ruby (~> 1.0)
2025-10-29T22:22:26.2389445Z       dry-configurable (~> 1.0, >= 1.0.1)
2025-10-29T22:22:26.2389839Z       dry-core (~> 1.1)
2025-10-29T22:22:26.2390151Z       dry-initializer (~> 3.2)
2025-10-29T22:22:26.2390477Z       dry-logic (~> 1.5)
2025-10-29T22:22:26.2390801Z       dry-types (~> 1.8)
2025-10-29T22:22:26.2391112Z       zeitwerk (~> 2.6)
2025-10-29T22:22:26.2391398Z     dry-types (1.8.3)
2025-10-29T22:22:26.2391673Z       bigdecimal (~> 3.0)
2025-10-29T22:22:26.2391865Z       concurrent-ruby (~> 1.0)
2025-10-29T22:22:26.2392064Z       dry-core (~> 1.0)
2025-10-29T22:22:26.2392244Z       dry-inflector (~> 1.0)
2025-10-29T22:22:26.2392443Z       dry-logic (~> 1.4)
2025-10-29T22:22:26.2392620Z       zeitwerk (~> 2.6)
2025-10-29T22:22:26.2392788Z     erb (5.1.3)
2025-10-29T22:22:26.2392943Z     erubi (1.13.1)
2025-10-29T22:22:26.2393111Z     factory_bot (6.5.6)
2025-10-29T22:22:26.2393291Z       activesupport (>= 6.1.0)
2025-10-29T22:22:26.2459625Z     factory_bot_rails (6.5.1)
2025-10-29T22:22:26.2460066Z       factory_bot (~> 6.5)
2025-10-29T22:22:26.2460409Z       railties (>= 6.1.0)
2025-10-29T22:22:26.2460722Z     faker (3.5.2)
2025-10-29T22:22:26.2461021Z       i18n (>= 1.8.11, < 2)
2025-10-29T22:22:26.2461659Z     globalid (1.3.0)
2025-10-29T22:22:26.2462081Z       activesupport (>= 6.1)
2025-10-29T22:22:26.2462404Z     highline (3.1.2)
2025-10-29T22:22:26.2462636Z       reline
2025-10-29T22:22:26.2462815Z     i18n (1.14.7)
2025-10-29T22:22:26.2463023Z       concurrent-ruby (~> 1.0)
2025-10-29T22:22:26.2463282Z     i18n-tasks (1.0.15)
2025-10-29T22:22:26.2463490Z       activesupport (>= 4.0.2)
2025-10-29T22:22:26.2463712Z       ast (>= 2.1.0)
2025-10-29T22:22:26.2463885Z       erubi
2025-10-29T22:22:26.2464057Z       highline (>= 2.0.0)
2025-10-29T22:22:26.2464243Z       i18n
2025-10-29T22:22:26.2464415Z       parser (>= 3.2.2.1)
2025-10-29T22:22:26.2464614Z       rails-i18n
2025-10-29T22:22:26.2464790Z       rainbow (>= 2.2.2, < 4.0)
2025-10-29T22:22:26.2465030Z       ruby-progressbar (~> 1.8, >= 1.8.1)
2025-10-29T22:22:26.2465542Z       terminal-table (>= 1.5.1)
2025-10-29T22:22:26.2465902Z     io-console (0.8.1)
2025-10-29T22:22:26.2466364Z     irb (1.15.2)
2025-10-29T22:22:26.2466662Z       pp (>= 0.6.0)
2025-10-29T22:22:26.2467169Z       rdoc (>= 4.0.0)
2025-10-29T22:22:26.2467466Z       reline (>= 0.4.2)
2025-10-29T22:22:26.2467768Z     json (2.15.2)
2025-10-29T22:22:26.2468116Z     json-schema (5.2.2)
2025-10-29T22:22:26.2468451Z       addressable (~> 2.8)
2025-10-29T22:22:26.2468822Z       bigdecimal (~> 3.1)
2025-10-29T22:22:26.2469184Z     kind (5.10.0)
2025-10-29T22:22:26.2469521Z     language_server-protocol (3.17.0.5)
2025-10-29T22:22:26.2469953Z     license_finder (7.2.1)
2025-10-29T22:22:26.2470302Z       bundler
2025-10-29T22:22:26.2470592Z       csv (~> 3.2)
2025-10-29T22:22:26.2470898Z       rubyzip (>= 1, < 3)
2025-10-29T22:22:26.2471248Z       thor (~> 1.2)
2025-10-29T22:22:26.2471638Z       tomlrb (>= 1.3, < 2.1)
2025-10-29T22:22:26.2472023Z       with_env (= 1.1.0)
2025-10-29T22:22:26.2472373Z       xml-simple (~> 1.1.9)
2025-10-29T22:22:26.2472747Z     lint_roller (1.1.0)
2025-10-29T22:22:26.2473083Z     logger (1.7.0)
2025-10-29T22:22:26.2473381Z     loofah (2.24.1)
2025-10-29T22:22:26.2473690Z       crass (~> 1.0.2)
2025-10-29T22:22:26.2474035Z       nokogiri (>= 1.12.0)
2025-10-29T22:22:26.2474362Z     mail (2.9.0)
2025-10-29T22:22:26.2474642Z       logger
2025-10-29T22:22:26.2474941Z       mini_mime (>= 0.1.1)
2025-10-29T22:22:26.2475270Z       net-imap
2025-10-29T22:22:26.2475569Z       net-pop
2025-10-29T22:22:26.2476316Z       net-smtp
2025-10-29T22:22:26.2476673Z     marcel (1.1.0)
2025-10-29T22:22:26.2476989Z     mini_mime (1.1.5)
2025-10-29T22:22:26.2477323Z     minitest (5.26.0)
2025-10-29T22:22:26.2477672Z     net-imap (0.5.12)
2025-10-29T22:22:26.2477999Z       date
2025-10-29T22:22:26.2478332Z       net-protocol
2025-10-29T22:22:26.2478666Z     net-pop (0.1.2)
2025-10-29T22:22:26.2478980Z       net-protocol
2025-10-29T22:22:26.2479298Z     net-protocol (0.2.2)
2025-10-29T22:22:26.2479628Z       timeout
2025-10-29T22:22:26.2479930Z     net-smtp (0.5.1)
2025-10-29T22:22:26.2480241Z       net-protocol
2025-10-29T22:22:26.2480549Z     nio4r (2.7.4)
2025-10-29T22:22:26.2480866Z     nokogiri (1.18.10-aarch64-linux-gnu)
2025-10-29T22:22:26.2481293Z       racc (~> 1.4)
2025-10-29T22:22:26.2481619Z     nokogiri (1.18.10-aarch64-linux-musl)
2025-10-29T22:22:26.2482038Z       racc (~> 1.4)
2025-10-29T22:22:26.2482382Z     nokogiri (1.18.10-arm-linux-gnu)
2025-10-29T22:22:26.2482770Z       racc (~> 1.4)
2025-10-29T22:22:26.2483093Z     nokogiri (1.18.10-arm-linux-musl)
2025-10-29T22:22:26.2483526Z       racc (~> 1.4)
2025-10-29T22:22:26.2483862Z     nokogiri (1.18.10-arm64-darwin)
2025-10-29T22:22:26.2484252Z       racc (~> 1.4)
2025-10-29T22:22:26.2484627Z     nokogiri (1.18.10-x86_64-darwin)
2025-10-29T22:22:26.2485039Z       racc (~> 1.4)
2025-10-29T22:22:26.2485373Z     nokogiri (1.18.10-x86_64-linux-gnu)
2025-10-29T22:22:26.2485775Z       racc (~> 1.4)
2025-10-29T22:22:26.2486337Z     nokogiri (1.18.10-x86_64-linux-musl)
2025-10-29T22:22:26.2486836Z       racc (~> 1.4)
2025-10-29T22:22:26.2487135Z     ostruct (0.6.3)
2025-10-29T22:22:26.2487423Z     pagy (6.5.0)
2025-10-29T22:22:26.2487725Z     parallel (1.27.0)
2025-10-29T22:22:26.2488065Z     parser (3.3.10.0)
2025-10-29T22:22:26.2488380Z       ast (~> 2.4.1)
2025-10-29T22:22:26.2488698Z       racc
2025-10-29T22:22:26.2488966Z     pg (1.6.2)
2025-10-29T22:22:26.2489292Z     pg (1.6.2-aarch64-linux)
2025-10-29T22:22:26.2489669Z     pg (1.6.2-aarch64-linux-musl)
2025-10-29T22:22:26.2490080Z     pg (1.6.2-arm64-darwin)
2025-10-29T22:22:26.2490435Z     pg (1.6.2-x86_64-darwin)
2025-10-29T22:22:26.2490797Z     pg (1.6.2-x86_64-linux)
2025-10-29T22:22:26.2491172Z     pg (1.6.2-x86_64-linux-musl)
2025-10-29T22:22:26.2491531Z     pp (0.6.3)
2025-10-29T22:22:26.2491831Z       prettyprint
2025-10-29T22:22:26.2492138Z     prettyprint (0.2.0)
2025-10-29T22:22:26.2492469Z     prism (1.6.0)
2025-10-29T22:22:26.2492770Z     psych (5.2.6)
2025-10-29T22:22:26.2493057Z       date
2025-10-29T22:22:26.2493327Z       stringio
2025-10-29T22:22:26.2493631Z     public_suffix (6.0.2)
2025-10-29T22:22:26.2493943Z     puma (7.1.0)
2025-10-29T22:22:26.2494211Z       nio4r (~> 2.0)
2025-10-29T22:22:26.2494775Z     racc (1.8.1)
2025-10-29T22:22:26.2495037Z     rack (3.2.3)
2025-10-29T22:22:26.2495299Z     rack-session (2.1.1)
2025-10-29T22:22:26.2495607Z       base64 (>= 0.1.0)
2025-10-29T22:22:26.2496121Z       rack (>= 3.0.0)
2025-10-29T22:22:26.2496431Z     rack-test (2.2.0)
2025-10-29T22:22:26.2496743Z       rack (>= 1.3)
2025-10-29T22:22:26.2497020Z     rackup (2.2.1)
2025-10-29T22:22:26.2497303Z       rack (>= 3)
2025-10-29T22:22:26.2497562Z     rails (8.0.4)
2025-10-29T22:22:26.2497860Z       actioncable (= 8.0.4)
2025-10-29T22:22:26.2498218Z       actionmailbox (= 8.0.4)
2025-10-29T22:22:26.2498578Z       actionmailer (= 8.0.4)
2025-10-29T22:22:26.2498925Z       actionpack (= 8.0.4)
2025-10-29T22:22:26.2499272Z       actiontext (= 8.0.4)
2025-10-29T22:22:26.2499597Z       actionview (= 8.0.4)
2025-10-29T22:22:26.2499933Z       activejob (= 8.0.4)
2025-10-29T22:22:26.2500281Z       activemodel (= 8.0.4)
2025-10-29T22:22:26.2500631Z       activerecord (= 8.0.4)
2025-10-29T22:22:26.2501008Z       activestorage (= 8.0.4)
2025-10-29T22:22:26.2501384Z       activesupport (= 8.0.4)
2025-10-29T22:22:26.2501760Z       bundler (>= 1.15.0)
2025-10-29T22:22:26.2502091Z       railties (= 8.0.4)
2025-10-29T22:22:26.2502450Z     rails-dom-testing (2.3.0)
2025-10-29T22:22:26.2502833Z       activesupport (>= 5.0.0)
2025-10-29T22:22:26.2503445Z       minitest
2025-10-29T22:22:26.2503775Z       nokogiri (>= 1.6)
2025-10-29T22:22:26.2504125Z     rails-html-sanitizer (1.6.2)
2025-10-29T22:22:26.2504519Z       loofah (~> 2.21)
2025-10-29T22:22:26.2505057Z       nokogiri (>= 1.15.7, != 1.16.7, != 1.16.6, != 1.16.5, != 1.16.4, != 1.16.3, != 1.16.2, != 1.16.1, != 1.16.0.rc1, != 1.16.0)
2025-10-29T22:22:26.2505681Z     rails-i18n (8.0.2)
2025-10-29T22:22:26.2506203Z       i18n (>= 0.7, < 2)
2025-10-29T22:22:26.2506548Z       railties (>= 8.0.0, < 9)
2025-10-29T22:22:26.2506901Z     railties (8.0.4)
2025-10-29T22:22:26.2507245Z       actionpack (= 8.0.4)
2025-10-29T22:22:26.2507622Z       activesupport (= 8.0.4)
2025-10-29T22:22:26.2507988Z       irb (~> 1.13)
2025-10-29T22:22:26.2508303Z       rackup (>= 1.0.0)
2025-10-29T22:22:26.2508624Z       rake (>= 12.2)
2025-10-29T22:22:26.2508961Z       thor (~> 1.0, >= 1.2.2)
2025-10-29T22:22:26.2509310Z       tsort (>= 0.2)
2025-10-29T22:22:26.2509633Z       zeitwerk (~> 2.6)
2025-10-29T22:22:26.2509913Z     rainbow (3.1.1)
2025-10-29T22:22:26.2510097Z     rake (13.3.0)
2025-10-29T22:22:26.2510272Z     rdoc (6.15.0)
2025-10-29T22:22:26.2510439Z       erb
2025-10-29T22:22:26.2510596Z       psych (>= 4.0.0)
2025-10-29T22:22:26.2510780Z       tsort
2025-10-29T22:22:26.2510932Z     reek (6.5.0)
2025-10-29T22:22:26.2511119Z       dry-schema (~> 1.13)
2025-10-29T22:22:26.2511311Z       logger (~> 1.6)
2025-10-29T22:22:26.2511500Z       parser (~> 3.3.0)
2025-10-29T22:22:26.2511691Z       rainbow (>= 2.0, < 4.0)
2025-10-29T22:22:26.2511882Z       rexml (~> 3.1)
2025-10-29T22:22:26.2512068Z     regexp_parser (2.11.3)
2025-10-29T22:22:26.2512252Z     reline (0.6.2)
2025-10-29T22:22:26.2512437Z       io-console (~> 0.5)
2025-10-29T22:22:26.2512622Z     rexml (3.4.4)
2025-10-29T22:22:26.2512792Z     rspec-core (3.13.6)
2025-10-29T22:22:26.2512982Z       rspec-support (~> 3.13.0)
2025-10-29T22:22:26.2513206Z     rspec-expectations (3.13.5)
2025-10-29T22:22:26.2513413Z       diff-lcs (>= 1.2.0, < 2.0)
2025-10-29T22:22:26.2513636Z       rspec-support (~> 3.13.0)
2025-10-29T22:22:26.2513840Z     rspec-mocks (3.13.6)
2025-10-29T22:22:26.2514025Z       diff-lcs (>= 1.2.0, < 2.0)
2025-10-29T22:22:26.2514234Z       rspec-support (~> 3.13.0)
2025-10-29T22:22:26.2514430Z     rspec-rails (6.1.5)
2025-10-29T22:22:26.2514618Z       actionpack (>= 6.1)
2025-10-29T22:22:26.2514808Z       activesupport (>= 6.1)
2025-10-29T22:22:26.2515008Z       railties (>= 6.1)
2025-10-29T22:22:26.2515182Z       rspec-core (~> 3.13)
2025-10-29T22:22:26.2515392Z       rspec-expectations (~> 3.13)
2025-10-29T22:22:26.2515610Z       rspec-mocks (~> 3.13)
2025-10-29T22:22:26.2515814Z       rspec-support (~> 3.13)
2025-10-29T22:22:26.2516498Z     rspec-support (3.13.6)
2025-10-29T22:22:26.2516710Z     rspec_junit_formatter (0.6.0)
2025-10-29T22:22:26.2516942Z       rspec-core (>= 2, < 4, != 2.12.0)
2025-10-29T22:22:26.2517167Z     rswag-api (2.16.0)
2025-10-29T22:22:26.2517365Z       activesupport (>= 5.2, < 8.1)
2025-10-29T22:22:26.2517587Z       railties (>= 5.2, < 8.1)
2025-10-29T22:22:26.2517790Z     rswag-specs (2.16.0)
2025-10-29T22:22:26.2517985Z       activesupport (>= 5.2, < 8.1)
2025-10-29T22:22:26.2518220Z       json-schema (>= 2.2, < 6.0)
2025-10-29T22:22:26.2518430Z       railties (>= 5.2, < 8.1)
2025-10-29T22:22:26.2518634Z       rspec-core (>= 2.14)
2025-10-29T22:22:26.2518820Z     rswag-ui (2.16.0)
2025-10-29T22:22:26.2519007Z       actionpack (>= 5.2, < 8.1)
2025-10-29T22:22:26.2519215Z       railties (>= 5.2, < 8.1)
2025-10-29T22:22:26.2519408Z     rubocop (1.81.6)
2025-10-29T22:22:26.2519587Z       json (~> 2.3)
2025-10-29T22:22:26.2519777Z       language_server-protocol (~> 3.17.0.2)
2025-10-29T22:22:26.2520031Z       lint_roller (~> 1.1.0)
2025-10-29T22:22:26.2520225Z       parallel (~> 1.10)
2025-10-29T22:22:26.2520418Z       parser (>= 3.3.0.2)
2025-10-29T22:22:26.2520616Z       rainbow (>= 2.2.2, < 4.0)
2025-10-29T22:22:26.2520830Z       regexp_parser (>= 2.9.3, < 3.0)
2025-10-29T22:22:26.2521056Z       rubocop-ast (>= 1.47.1, < 2.0)
2025-10-29T22:22:26.2521400Z       ruby-progressbar (~> 1.7)
2025-10-29T22:22:26.2521627Z       unicode-display_width (>= 2.4.0, < 4.0)
2025-10-29T22:22:26.2521868Z     rubocop-ast (1.47.1)
2025-10-29T22:22:26.2522051Z       parser (>= 3.3.7.2)
2025-10-29T22:22:26.2522234Z       prism (~> 1.4)
2025-10-29T22:22:26.2522417Z     rubocop-capybara (2.22.1)
2025-10-29T22:22:26.2522625Z       lint_roller (~> 1.1)
2025-10-29T22:22:26.2522817Z       rubocop (~> 1.72, >= 1.72.1)
2025-10-29T22:22:26.2523037Z     rubocop-factory_bot (2.27.1)
2025-10-29T22:22:26.2523248Z       lint_roller (~> 1.1)
2025-10-29T22:22:26.2523433Z       rubocop (~> 1.72, >= 1.72.1)
2025-10-29T22:22:26.2523649Z     rubocop-rails (2.33.4)
2025-10-29T22:22:26.2523838Z       activesupport (>= 4.2.0)
2025-10-29T22:22:26.2524044Z       lint_roller (~> 1.1)
2025-10-29T22:22:26.2524222Z       rack (>= 1.1)
2025-10-29T22:22:26.2524394Z       rubocop (>= 1.75.0, < 2.0)
2025-10-29T22:22:26.2524593Z       rubocop-ast (>= 1.44.0, < 2.0)
2025-10-29T22:22:26.2524821Z     rubocop-rspec (2.31.0)
2025-10-29T22:22:26.2525006Z       rubocop (~> 1.40)
2025-10-29T22:22:26.2525198Z       rubocop-capybara (~> 2.17)
2025-10-29T22:22:26.2525415Z       rubocop-factory_bot (~> 2.22)
2025-10-29T22:22:26.2525634Z       rubocop-rspec_rails (~> 2.28)
2025-10-29T22:22:26.2525858Z     rubocop-rspec_rails (2.29.1)
2025-10-29T22:22:26.2526666Z       rubocop (~> 1.61)
2025-10-29T22:22:26.2526863Z     ruby-progressbar (1.13.0)
2025-10-29T22:22:26.2527062Z     rubyzip (2.4.1)
2025-10-29T22:22:26.2527242Z     securerandom (0.4.1)
2025-10-29T22:22:26.2527435Z     shoulda-matchers (6.5.0)
2025-10-29T22:22:26.2527644Z       activesupport (>= 5.2.0)
2025-10-29T22:22:26.2527848Z     simplecov (0.22.0)
2025-10-29T22:22:26.2528031Z       docile (~> 1.1)
2025-10-29T22:22:26.2528210Z       simplecov-html (~> 0.11)
2025-10-29T22:22:26.2528431Z       simplecov_json_formatter (~> 0.1)
2025-10-29T22:22:26.2528672Z     simplecov-html (0.13.2)
2025-10-29T22:22:26.2528983Z     simplecov_json_formatter (0.1.4)
2025-10-29T22:22:26.2529278Z     stringio (3.1.7)
2025-10-29T22:22:26.2529460Z     terminal-table (4.0.0)
2025-10-29T22:22:26.2529675Z       unicode-display_width (>= 1.1.1, < 4)
2025-10-29T22:22:26.2529898Z     thor (1.4.0)
2025-10-29T22:22:26.2530071Z     timeout (0.4.3)
2025-10-29T22:22:26.2530302Z     tomlrb (2.0.3)
2025-10-29T22:22:26.2530604Z     tsort (0.2.0)
2025-10-29T22:22:26.2530901Z     tzinfo (2.0.6)
2025-10-29T22:22:26.2531212Z       concurrent-ruby (~> 1.0)
2025-10-29T22:22:26.2531564Z     u-attributes (2.8.0)
2025-10-29T22:22:26.2531854Z       kind (>= 4.0, < 6.0)
2025-10-29T22:22:26.2532046Z     u-case (4.5.2)
2025-10-29T22:22:26.2532212Z       kind (>= 5.6, < 6.0)
2025-10-29T22:22:26.2532582Z       u-attributes (>= 2.7, < 3.0)
2025-10-29T22:22:26.2532811Z     unicode-display_width (3.2.0)
2025-10-29T22:22:26.2533043Z       unicode-emoji (~> 4.1)
2025-10-29T22:22:26.2533247Z     unicode-emoji (4.1.0)
2025-10-29T22:22:26.2533436Z     uri (1.0.4)
2025-10-29T22:22:26.2533604Z     useragent (0.16.11)
2025-10-29T22:22:26.2533796Z     websocket-driver (0.8.0)
2025-10-29T22:22:26.2533984Z       base64
2025-10-29T22:22:26.2534163Z       websocket-extensions (>= 0.1.0)
2025-10-29T22:22:26.2534399Z     websocket-extensions (0.1.5)
2025-10-29T22:22:26.2534594Z     with_env (1.1.0)
2025-10-29T22:22:26.2534782Z     xml-simple (1.1.9)
2025-10-29T22:22:26.2534953Z       rexml
2025-10-29T22:22:26.2535110Z     zeitwerk (2.7.3)
2025-10-29T22:22:26.2535224Z 
2025-10-29T22:22:26.2535300Z PLATFORMS
2025-10-29T22:22:26.2535455Z   aarch64-linux
2025-10-29T22:22:26.2535623Z   aarch64-linux-gnu
2025-10-29T22:22:26.2535803Z   aarch64-linux-musl
2025-10-29T22:22:26.2536217Z   arm-linux-gnu
2025-10-29T22:22:26.2536413Z   arm-linux-musl
2025-10-29T22:22:26.2536596Z   arm64-darwin
2025-10-29T22:22:26.2536751Z   x86_64-darwin
2025-10-29T22:22:26.2536906Z   x86_64-linux
2025-10-29T22:22:26.2537063Z   x86_64-linux-gnu
2025-10-29T22:22:26.2537236Z   x86_64-linux-musl
2025-10-29T22:22:26.2537339Z 
2025-10-29T22:22:26.2537526Z DEPENDENCIES
2025-10-29T22:22:26.2537698Z   blueprinter (~> 1.0)
2025-10-29T22:22:26.2537883Z   brakeman (~> 6.1)
2025-10-29T22:22:26.2538063Z   bundler-audit (~> 0.9)
2025-10-29T22:22:26.2538244Z   debug
2025-10-29T22:22:26.2538396Z   dotenv-rails
2025-10-29T22:22:26.2538569Z   factory_bot_rails (~> 6.4)
2025-10-29T22:22:26.2538768Z   faker (~> 3.2)
2025-10-29T22:22:26.2538932Z   i18n-tasks
2025-10-29T22:22:26.2539086Z   license_finder
2025-10-29T22:22:26.2539250Z   ostruct
2025-10-29T22:22:26.2539397Z   pagy (~> 6.0)
2025-10-29T22:22:26.2539562Z   pg (~> 1.1)
2025-10-29T22:22:26.2539720Z   puma (>= 5.0)
2025-10-29T22:22:26.2539885Z   rails (~> 8.0.2)
2025-10-29T22:22:26.2540050Z   rails-i18n
2025-10-29T22:22:26.2540206Z   reek
2025-10-29T22:22:26.2540362Z   rspec-rails (~> 6.1)
2025-10-29T22:22:26.2540565Z   rspec_junit_formatter (~> 0.6)
2025-10-29T22:22:26.2540776Z   rswag-api (~> 2.13)
2025-10-29T22:22:26.2540962Z   rswag-specs (~> 2.13)
2025-10-29T22:22:26.2541144Z   rswag-ui (~> 2.13)
2025-10-29T22:22:26.2541328Z   rubocop (~> 1.59)
2025-10-29T22:22:26.2541511Z   rubocop-rails (~> 2.23)
2025-10-29T22:22:26.2541712Z   rubocop-rspec (~> 2.26)
2025-10-29T22:22:26.2541915Z   shoulda-matchers (~> 6.0)
2025-10-29T22:22:26.2542132Z   simplecov (~> 0.22)
2025-10-29T22:22:26.2542309Z   tzinfo-data
2025-10-29T22:22:26.2542465Z   u-case (~> 4.5)
2025-10-29T22:22:26.2542576Z 
2025-10-29T22:22:26.2542640Z BUNDLED WITH
2025-10-29T22:22:26.2542792Z    2.6.9
2025-10-29T22:22:26.2543248Z ##[endgroup]
2025-10-29T22:22:26.2544084Z Cache key: setup-ruby-bundler-cache-v6-ubuntu-24.04-x64-ruby-3.3.10-wd-/home/runner/work/restaurant/restaurant-with--without--only--Gemfile.lock-d55fc1d3465e457c9082700b0ff103cce4170f5a7a5755fdbc99aa04b04c6fe6
2025-10-29T22:22:26.4329120Z Cache hit for: setup-ruby-bundler-cache-v6-ubuntu-24.04-x64-ruby-3.3.10-wd-/home/runner/work/restaurant/restaurant-with--without--only--Gemfile.lock-d55fc1d3465e457c9082700b0ff103cce4170f5a7a5755fdbc99aa04b04c6fe6
2025-10-29T22:22:27.6562394Z Received 37850829 of 58822349 (64.3%), 36.1 MBs/sec
2025-10-29T22:22:27.8128840Z Received 58822349 of 58822349 (100.0%), 48.5 MBs/sec
2025-10-29T22:22:27.8132031Z Cache Size: ~56 MB (58822349 B)
2025-10-29T22:22:27.8168093Z [command]/usr/bin/tar -xf /home/runner/work/_temp/fbdc74a1-de3f-444f-a781-04efd47d5849/cache.tzst -P -C /home/runner/work/restaurant/restaurant --use-compress-program unzstd
2025-10-29T22:22:28.3952601Z Cache restored successfully
2025-10-29T22:22:28.4072301Z Found cache for key: setup-ruby-bundler-cache-v6-ubuntu-24.04-x64-ruby-3.3.10-wd-/home/runner/work/restaurant/restaurant-with--without--only--Gemfile.lock-d55fc1d3465e457c9082700b0ff103cce4170f5a7a5755fdbc99aa04b04c6fe6
2025-10-29T22:22:28.4085249Z [command]/opt/hostedtoolcache/Ruby/3.3.10/x64/bin/bundle install --jobs 4
2025-10-29T22:22:28.7464689Z Bundle complete! 28 Gemfile dependencies, 137 gems now installed.
2025-10-29T22:22:28.7465560Z Bundled gems are installed into `./vendor/bundle`
2025-10-29T22:22:28.7469873Z 1 installed gem you directly depend on is looking for funding.
2025-10-29T22:22:28.7470485Z   Run `bundle fund` for details
2025-10-29T22:22:28.7612036Z Took   2.83 seconds
2025-10-29T22:22:28.7721777Z ##[group]Run if bundle exec i18n-tasks health; then
2025-10-29T22:22:28.7722174Z [36;1mif bundle exec i18n-tasks health; then[0m
2025-10-29T22:22:28.7722476Z [36;1m  echo "i18n OK"[0m
2025-10-29T22:22:28.7722692Z [36;1melse[0m
2025-10-29T22:22:28.7722912Z [36;1m  echo "Problemas de i18n" && exit 1[0m
2025-10-29T22:22:28.7723191Z [36;1mfi[0m
2025-10-29T22:22:28.7758419Z shell: /usr/bin/bash -e {0}
2025-10-29T22:22:28.7758682Z ##[endgroup]
2025-10-29T22:22:29.3363730Z #StandWithUkraine
2025-10-29T22:22:29.3660607Z Forest (en, pt-BR) has 322 keys across 2 locales. On average, values are 17 characters long, keys have 3.6 segments, a locale has 161 keys.
2025-10-29T22:22:29.6260323Z ✓ Well done! No translations are missing.
2025-10-29T22:22:29.7388613Z Unused keys (278) | i18n-tasks v1.0.15
2025-10-29T22:22:29.7714267Z +--------+------------------------------------------------------------------+------------------------------------------------------------------------------------------------------------------------------------+
2025-10-29T22:22:29.7715658Z | Locale | Key                                                              | Value                                                                                                                              |
2025-10-29T22:22:29.7717139Z +--------+------------------------------------------------------------------+------------------------------------------------------------------------------------------------------------------------------------+
2025-10-29T22:22:29.7718754Z |   en   | activerecord.attributes.menu.created_at                          | Created at                                                                                                                         |
2025-10-29T22:22:29.7720198Z |   en   | activerecord.attributes.menu.name                                | Name                                                                                                                               |
2025-10-29T22:22:29.7721617Z |   en   | activerecord.attributes.menu.restaurant                          | Restaurant                                                                                                                         |
2025-10-29T22:22:29.7723314Z |   en   | activerecord.attributes.menu.restaurant_id                       | Restaurant ID                                                                                                                      |
2025-10-29T22:22:29.7724971Z |   en   | activerecord.attributes.menu.updated_at                          | Updated at                                                                                                                         |
2025-10-29T22:22:29.7726381Z |   en   | activerecord.attributes.menu_item.created_at                     | Created at                                                                                                                         |
2025-10-29T22:22:29.7727355Z |   en   | activerecord.attributes.menu_item.name                           | Name                                                                                                                               |
2025-10-29T22:22:29.7728320Z |   en   | activerecord.attributes.menu_item.updated_at                     | Updated at                                                                                                                         |
2025-10-29T22:22:29.7729380Z |   en   | activerecord.attributes.menu_item_placement.created_at           | Created at                                                                                                                         |
2025-10-29T22:22:29.7730851Z |   en   | activerecord.attributes.menu_item_placement.menu                 | Menu                                                                                                                               |
2025-10-29T22:22:29.7732060Z |   en   | activerecord.attributes.menu_item_placement.menu_id              | Menu ID                                                                                                                            |
2025-10-29T22:22:29.7732797Z |   en   | activerecord.attributes.menu_item_placement.menu_item            | Menu Item                                                                                                                          |
2025-10-29T22:22:29.7733520Z |   en   | activerecord.attributes.menu_item_placement.menu_item_id         | Menu Item ID                                                                                                                       |
2025-10-29T22:22:29.7734243Z |   en   | activerecord.attributes.menu_item_placement.price                | Price                                                                                                                              |
2025-10-29T22:22:29.7734964Z |   en   | activerecord.attributes.menu_item_placement.updated_at           | Updated at                                                                                                                         |
2025-10-29T22:22:29.7735688Z |   en   | activerecord.attributes.restaurant.created_at                    | Created at                                                                                                                         |
2025-10-29T22:22:29.7736623Z |   en   | activerecord.attributes.restaurant.name                          | Name                                                                                                                               |
2025-10-29T22:22:29.7737299Z |   en   | activerecord.attributes.restaurant.updated_at                    | Updated at                                                                                                                         |
2025-10-29T22:22:29.7738053Z |   en   | activerecord.errors.messages.record_invalid                      | Validation failed: %{errors}                                                                                                       |
2025-10-29T22:22:29.7738982Z |   en   | activerecord.errors.messages.restrict_dependent_destroy.has_many | Cannot delete record because dependent %{record} exist                                                                             |
2025-10-29T22:22:29.7740051Z |   en   | activerecord.errors.messages.restrict_dependent_destroy.has_one  | Cannot delete record because a dependent %{record} exists                                                                          |
2025-10-29T22:22:29.7740869Z |   en   | activerecord.models.menu                                         | Menu                                                                                                                               |
2025-10-29T22:22:29.7741420Z |   en   | activerecord.models.menu_item                                    | Menu Item                                                                                                                          |
2025-10-29T22:22:29.7742062Z |   en   | activerecord.models.menu_item_placement                          | Menu Item Placement                                                                                                                |
2025-10-29T22:22:29.7742727Z |   en   | activerecord.models.restaurant                                   | Restaurant                                                                                                                         |
2025-10-29T22:22:29.7743319Z |   en   | date.abbr_day_names                                              | ["Sun", "Mon", "Tue", "Wed", "Thu", "Fri", "Sat"]                                                                                  |
2025-10-29T22:22:29.7744273Z |   en   | date.abbr_month_names                                            | [nil, "Jan", "Feb", "Mar", "Apr", "May", "Jun", "Jul", "Aug", "Sep", "Oct", "Nov", "Dec"]                                          |
2025-10-29T22:22:29.7745095Z |   en   | date.day_names                                                   | ["Sunday", "Monday", "Tuesday", "Wednesday", "Thursday", "Friday", "Saturday"]                                                     |
2025-10-29T22:22:29.7745729Z |   en   | date.formats.default                                             | %Y-%m-%d                                                                                                                           |
2025-10-29T22:22:29.7746418Z |   en   | date.formats.long                                                | %B %d, %Y                                                                                                                          |
2025-10-29T22:22:29.7746941Z |   en   | date.formats.short                                               | %b %d                                                                                                                              |
2025-10-29T22:22:29.7747579Z |   en   | date.month_names                                                 | [nil, "January", "February", "March", "April", "May", "June", "July", "August", "September", "October", "November", "December"]    |
2025-10-29T22:22:29.7748216Z |   en   | date.order                                                       | [:year, :month, :day]                                                                                                              |
2025-10-29T22:22:29.7748857Z |   en   | datetime.distance_in_words.about_x_hours                         | {"one"=>"about %{count} hour", "other"=>"about %{count} hours"}                                                                    |
2025-10-29T22:22:29.7749669Z |   en   | datetime.distance_in_words.about_x_months                        | {"one"=>"about %{count} month", "other"=>"about %{count} months"}                                                                  |
2025-10-29T22:22:29.7750480Z |   en   | datetime.distance_in_words.about_x_years                         | {"one"=>"about %{count} year", "other"=>"about %{count} years"}                                                                    |
2025-10-29T22:22:29.7751285Z |   en   | datetime.distance_in_words.almost_x_years                        | {"one"=>"almost %{count} year", "other"=>"almost %{count} years"}                                                                  |
2025-10-29T22:22:29.7752024Z |   en   | datetime.distance_in_words.half_a_minute                         | half a minute                                                                                                                      |
2025-10-29T22:22:29.7752780Z |   en   | datetime.distance_in_words.less_than_x_minutes                   | {"one"=>"less than a minute", "other"=>"less than %{count} minutes"}                                                               |
2025-10-29T22:22:29.7753658Z |   en   | datetime.distance_in_words.less_than_x_seconds                   | {"one"=>"less than %{count} second", "other"=>"less than %{count} seconds"}                                                        |
2025-10-29T22:22:29.7754491Z |   en   | datetime.distance_in_words.over_x_years                          | {"one"=>"over %{count} year", "other"=>"over %{count} years"}                                                                      |
2025-10-29T22:22:29.7755483Z |   en   | datetime.distance_in_words.x_days                                | {"one"=>"%{count} day", "other"=>"%{count} days"}                                                                                  |
2025-10-29T22:22:29.7756566Z |   en   | datetime.distance_in_words.x_minutes                             | {"one"=>"%{count} minute", "other"=>"%{count} minutes"}                                                                            |
2025-10-29T22:22:29.7757470Z |   en   | datetime.distance_in_words.x_months                              | {"one"=>"%{count} month", "other"=>"%{count} months"}                                                                              |
2025-10-29T22:22:29.7758314Z |   en   | datetime.distance_in_words.x_seconds                             | {"one"=>"%{count} second", "other"=>"%{count} seconds"}                                                                            |
2025-10-29T22:22:29.7759049Z |   en   | datetime.distance_in_words.x_years                               | {"one"=>"%{count} year", "other"=>"%{count} years"}                                                                                |
2025-10-29T22:22:29.7759655Z |   en   | datetime.prompts.day                                             | Day                                                                                                                                |
2025-10-29T22:22:29.7760150Z |   en   | datetime.prompts.hour                                            | Hour                                                                                                                               |
2025-10-29T22:22:29.7760674Z |   en   | datetime.prompts.minute                                          | Minute                                                                                                                             |
2025-10-29T22:22:29.7761207Z |   en   | datetime.prompts.month                                           | Month                                                                                                                              |
2025-10-29T22:22:29.7761734Z |   en   | datetime.prompts.second                                          | Second                                                                                                                             |
2025-10-29T22:22:29.7762253Z |   en   | datetime.prompts.year                                            | Year                                                                                                                               |
2025-10-29T22:22:29.7762773Z |   en   | errors.format                                                    | %{attribute} %{message}                                                                                                            |
2025-10-29T22:22:29.7763374Z |   en   | errors.menu_items.create_failed                                  | Failed to create menu item                                                                                                         |
2025-10-29T22:22:29.7764037Z |   en   | errors.menu_items.destroy_failed                                 | Failed to destroy menu item                                                                                                        |
2025-10-29T22:22:29.7764665Z |   en   | errors.menu_items.not_found                                      | Menu item not found                                                                                                                |
2025-10-29T22:22:29.7765292Z |   en   | errors.menu_items.update_failed                                  | Failed to update menu item                                                                                                         |
2025-10-29T22:22:29.7766095Z |   en   | errors.menus.create_failed                                       | Failed to create menu                                                                                                              |
2025-10-29T22:22:29.7766799Z |   en   | errors.menus.destroy_failed                                      | Failed to destroy menu                                                                                                             |
2025-10-29T22:22:29.7767388Z |   en   | errors.menus.not_found                                           | Menu not found                                                                                                                     |
2025-10-29T22:22:29.7768101Z |   en   | errors.menus.update_failed                                       | Failed to update menu                                                                                                              |
2025-10-29T22:22:29.7768811Z |   en   | errors.messages.accepted                                         | must be accepted                                                                                                                   |
2025-10-29T22:22:29.7769379Z |   en   | errors.messages.blank                                            | can't be blank                                                                                                                     |
2025-10-29T22:22:29.7769976Z |   en   | errors.messages.confirmation                                     | doesn't match %{attribute}                                                                                                         |
2025-10-29T22:22:29.7770595Z |   en   | errors.messages.empty                                            | can't be empty                                                                                                                     |
2025-10-29T22:22:29.7771166Z |   en   | errors.messages.equal_to                                         | must be equal to %{count}                                                                                                          |
2025-10-29T22:22:29.7771725Z |   en   | errors.messages.even                                             | must be even                                                                                                                       |
2025-10-29T22:22:29.7772275Z |   en   | errors.messages.exclusion                                        | is reserved                                                                                                                        |
2025-10-29T22:22:29.7772889Z |   en   | errors.messages.greater_than                                     | must be greater than %{count}                                                                                                      |
2025-10-29T22:22:29.7773587Z |   en   | errors.messages.greater_than_or_equal_to                         | must be greater than or equal to %{count}                                                                                          |
2025-10-29T22:22:29.7774228Z |   en   | errors.messages.in                                               | must be in %{count}                                                                                                                |
2025-10-29T22:22:29.7774809Z |   en   | errors.messages.inclusion                                        | is not included in the list                                                                                                        |
2025-10-29T22:22:29.7775403Z |   en   | errors.messages.invalid                                          | is invalid                                                                                                                         |
2025-10-29T22:22:29.7776131Z |   en   | errors.messages.less_than                                        | must be less than %{count}                                                                                                         |
2025-10-29T22:22:29.7776786Z |   en   | errors.messages.less_than_or_equal_to                            | must be less than or equal to %{count}                                                                                             |
2025-10-29T22:22:29.7777490Z |   en   | errors.messages.model_invalid                                    | Validation failed: %{errors}                                                                                                       |
2025-10-29T22:22:29.7778123Z |   en   | errors.messages.not_a_number                                     | is not a number                                                                                                                    |
2025-10-29T22:22:29.7778829Z |   en   | errors.messages.not_an_integer                                   | is not an integer                                                                                                                  |
2025-10-29T22:22:29.7779483Z |   en   | errors.messages.odd                                              | must be odd                                                                                                                        |
2025-10-29T22:22:29.7780056Z |   en   | errors.messages.other_than                                       | must be other than %{count}                                                                                                        |
2025-10-29T22:22:29.7780646Z |   en   | errors.messages.present                                          | must be blank                                                                                                                      |
2025-10-29T22:22:29.7781216Z |   en   | errors.messages.required                                         | must exist                                                                                                                         |
2025-10-29T22:22:29.7781787Z |   en   | errors.messages.taken                                            | has already been taken                                                                                                             |
2025-10-29T22:22:29.7782496Z |   en   | errors.messages.too_long                                         | {"one"=>"is too long (maximum is %{count} character)", "other"=>"is too long (maximum is %{count} characters)"}                    |
2025-10-29T22:22:29.7783328Z |   en   | errors.messages.too_short                                        | {"one"=>"is too short (minimum is %{count} character)", "other"=>"is too short (minimum is %{count} characters)"}                  |
2025-10-29T22:22:29.7784184Z |   en   | errors.messages.wrong_length                                     | {"one"=>"is the wrong length (should be %{count} character)", "other"=>"is the wrong length (should be %{count} characters)"}      |
2025-10-29T22:22:29.7784997Z |   en   | errors.restaurants.create_failed                                 | Failed to create restaurant                                                                                                        |
2025-10-29T22:22:29.7785715Z |   en   | errors.restaurants.destroy_failed                                | Failed to destroy restaurant                                                                                                       |
2025-10-29T22:22:29.7786496Z |   en   | errors.restaurants.not_found                                     | Restaurant not found                                                                                                               |
2025-10-29T22:22:29.7787169Z |   en   | errors.restaurants.update_failed                                 | Failed to update restaurant                                                                                                        |
2025-10-29T22:22:29.7787888Z |   en   | errors.template.body                                             | There were problems with the following fields:                                                                                     |
2025-10-29T22:22:29.7788694Z |   en   | errors.template.header                                           | {"one"=>"1 error prohibited this %{model} from being saved", "other"=>"%{count} errors prohibited this %{model} from being saved"} |
2025-10-29T22:22:29.7789451Z |   en   | errors.validation.invalid_price                                  | Invalid price                                                                                                                      |
2025-10-29T22:22:29.7790072Z |   en   | errors.validation.name_required                                  | Name can't be blank                                                                                                                |
2025-10-29T22:22:29.7790917Z |   en   | errors.validation.name_taken                                     | Name has already been taken                                                                                                        |
2025-10-29T22:22:29.7791717Z |   en   | errors.validation.price_negative                                 | Price cannot be negative                                                                                                           |
2025-10-29T22:22:29.7792346Z |   en   | number.currency.format.delimiter                                 | ,                                                                                                                                  |
2025-10-29T22:22:29.7792897Z |   en   | number.currency.format.format                                    | %u%n                                                                                                                               |
2025-10-29T22:22:29.7793448Z |   en   | number.currency.format.precision                                 | 2                                                                                                                                  |
2025-10-29T22:22:29.7794009Z |   en   | number.currency.format.separator                                 | .                                                                                                                                  |
2025-10-29T22:22:29.7794597Z |   en   | number.currency.format.significant                               | false                                                                                                                              |
2025-10-29T22:22:29.7795246Z |   en   | number.currency.format.strip_insignificant_zeros                 | false                                                                                                                              |
2025-10-29T22:22:29.7795838Z |   en   | number.currency.format.unit                                      | $                                                                                                                                  |
2025-10-29T22:22:29.7796445Z |   en   | number.format.delimiter                                          | ,                                                                                                                                  |
2025-10-29T22:22:29.7796945Z |   en   | number.format.precision                                          | 3                                                                                                                                  |
2025-10-29T22:22:29.7797462Z |   en   | number.format.round_mode                                         | default                                                                                                                            |
2025-10-29T22:22:29.7797979Z |   en   | number.format.separator                                          | .                                                                                                                                  |
2025-10-29T22:22:29.7798498Z |   en   | number.format.significant                                        | false                                                                                                                              |
2025-10-29T22:22:29.7799082Z |   en   | number.format.strip_insignificant_zeros                          | false                                                                                                                              |
2025-10-29T22:22:29.7799673Z |   en   | number.human.decimal_units.format                                | %n %u                                                                                                                              |
2025-10-29T22:22:29.7800269Z |   en   | number.human.decimal_units.units.billion                         | Billion                                                                                                                            |
2025-10-29T22:22:29.7801026Z |   en   | number.human.decimal_units.units.million                         | Million                                                                                                                            |
2025-10-29T22:22:29.7801794Z |   en   | number.human.decimal_units.units.quadrillion                     | Quadrillion                                                                                                                        |
2025-10-29T22:22:29.7802491Z |   en   | number.human.decimal_units.units.thousand                        | Thousand                                                                                                                           |
2025-10-29T22:22:29.7803146Z |   en   | number.human.decimal_units.units.trillion                        | Trillion                                                                                                                           |
2025-10-29T22:22:29.7803756Z |   en   | number.human.decimal_units.units.unit                            |                                                                                                                                    |
2025-10-29T22:22:29.7804312Z |   en   | number.human.format.delimiter                                    |                                                                                                                                    |
2025-10-29T22:22:29.7804850Z |   en   | number.human.format.precision                                    | 3                                                                                                                                  |
2025-10-29T22:22:29.7805405Z |   en   | number.human.format.significant                                  | true                                                                                                                               |
2025-10-29T22:22:29.7806148Z |   en   | number.human.format.strip_insignificant_zeros                    | true                                                                                                                               |
2025-10-29T22:22:29.7806758Z |   en   | number.human.storage_units.format                                | %n %u                                                                                                                              |
2025-10-29T22:22:29.7807372Z |   en   | number.human.storage_units.units.byte                            | {"one"=>"Byte", "other"=>"Bytes"}                                                                                                  |
2025-10-29T22:22:29.7808018Z |   en   | number.human.storage_units.units.eb                              | EB                                                                                                                                 |
2025-10-29T22:22:29.7808564Z |   en   | number.human.storage_units.units.gb                              | GB                                                                                                                                 |
2025-10-29T22:22:29.7809119Z |   en   | number.human.storage_units.units.kb                              | KB                                                                                                                                 |
2025-10-29T22:22:29.7809675Z |   en   | number.human.storage_units.units.mb                              | MB                                                                                                                                 |
2025-10-29T22:22:29.7810233Z |   en   | number.human.storage_units.units.pb                              | PB                                                                                                                                 |
2025-10-29T22:22:29.7810787Z |   en   | number.human.storage_units.units.tb                              | TB                                                                                                                                 |
2025-10-29T22:22:29.7811472Z |   en   | number.percentage.format.delimiter                               |                                                                                                                                    |
2025-10-29T22:22:29.7812049Z |   en   | number.percentage.format.format                                  | %n%                                                                                                                                |
2025-10-29T22:22:29.7812752Z |   en   | number.precision.format.delimiter                                |                                                                                                                                    |
2025-10-29T22:22:29.7813328Z |   en   | support.array.last_word_connector                                | , and                                                                                                                              |
2025-10-29T22:22:29.7813891Z |   en   | support.array.two_words_connector                                | and                                                                                                                                |
2025-10-29T22:22:29.7814438Z |   en   | support.array.words_connector                                    | ,                                                                                                                                  |
2025-10-29T22:22:29.7814890Z |   en   | time.am                                                          | am                                                                                                                                 |
2025-10-29T22:22:29.7815335Z |   en   | time.formats.default                                             | %a, %d %b %Y %H:%M:%S %z                                                                                                           |
2025-10-29T22:22:29.7815819Z |   en   | time.formats.long                                                | %B %d, %Y %H:%M                                                                                                                    |
2025-10-29T22:22:29.7816429Z |   en   | time.formats.short                                               | %d %b %H:%M                                                                                                                        |
2025-10-29T22:22:29.7816861Z |   en   | time.pm                                                          | pm                                                                                                                                 |
2025-10-29T22:22:29.7817395Z | pt-BR  | activerecord.attributes.menu.created_at                          | Criado em                                                                                                                          |
2025-10-29T22:22:29.7818030Z | pt-BR  | activerecord.attributes.menu.name                                | Nome                                                                                                                               |
2025-10-29T22:22:29.7818693Z | pt-BR  | activerecord.attributes.menu.restaurant                          | Restaurante                                                                                                                        |
2025-10-29T22:22:29.7819408Z | pt-BR  | activerecord.attributes.menu.restaurant_id                       | ID do Restaurante                                                                                                                  |
2025-10-29T22:22:29.7820125Z | pt-BR  | activerecord.attributes.menu.updated_at                          | Atualizado em                                                                                                                      |
2025-10-29T22:22:29.7820811Z | pt-BR  | activerecord.attributes.menu_item.created_at                     | Criado em                                                                                                                          |
2025-10-29T22:22:29.7821587Z | pt-BR  | activerecord.attributes.menu_item.name                           | Nome                                                                                                                               |
2025-10-29T22:22:29.7822250Z | pt-BR  | activerecord.attributes.menu_item.updated_at                     | Atualizado em                                                                                                                      |
2025-10-29T22:22:29.7823065Z | pt-BR  | activerecord.attributes.menu_item_placement.created_at           | Criado em                                                                                                                          |
2025-10-29T22:22:29.7823781Z | pt-BR  | activerecord.attributes.menu_item_placement.menu                 | Menu                                                                                                                               |
2025-10-29T22:22:29.7824475Z | pt-BR  | activerecord.attributes.menu_item_placement.menu_id              | ID do Menu                                                                                                                         |
2025-10-29T22:22:29.7825197Z | pt-BR  | activerecord.attributes.menu_item_placement.menu_item            | Item do Menu                                                                                                                       |
2025-10-29T22:22:29.7826026Z | pt-BR  | activerecord.attributes.menu_item_placement.menu_item_id         | ID do Item                                                                                                                         |
2025-10-29T22:22:29.7827124Z | pt-BR  | activerecord.attributes.menu_item_placement.price                | Preço                                                                                                                              |
2025-10-29T22:22:29.7827887Z | pt-BR  | activerecord.attributes.menu_item_placement.updated_at           | Atualizado em                                                                                                                      |
2025-10-29T22:22:29.7828643Z | pt-BR  | activerecord.attributes.restaurant.created_at                    | Criado em                                                                                                                          |
2025-10-29T22:22:29.7829332Z | pt-BR  | activerecord.attributes.restaurant.name                          | Nome                                                                                                                               |
2025-10-29T22:22:29.7830040Z | pt-BR  | activerecord.attributes.restaurant.updated_at                    | Atualizado em                                                                                                                      |
2025-10-29T22:22:29.7830949Z | pt-BR  | activerecord.errors.messages.record_invalid                      | A validação falhou: %{errors}                                                                                                      |
2025-10-29T22:22:29.7832047Z | pt-BR  | activerecord.errors.messages.restrict_dependent_destroy.has_many | Não é possível excluir o registro pois existem %{record} dependentes                                                               |
2025-10-29T22:22:29.7833307Z | pt-BR  | activerecord.errors.messages.restrict_dependent_destroy.has_one  | Não é possível excluir o registro pois existe um %{record} dependente                                                              |
2025-10-29T22:22:29.7834139Z | pt-BR  | activerecord.models.menu                                         | Menu                                                                                                                               |
2025-10-29T22:22:29.7834712Z | pt-BR  | activerecord.models.menu_item                                    | Item do Menu                                                                                                                       |
2025-10-29T22:22:29.7835382Z | pt-BR  | activerecord.models.menu_item_placement                          | Posicionamento de Item                                                                                                             |
2025-10-29T22:22:29.7836295Z | pt-BR  | activerecord.models.restaurant                                   | Restaurante                                                                                                                        |
2025-10-29T22:22:29.7837151Z | pt-BR  | date.abbr_day_names                                              | ["dom", "seg", "ter", "qua", "qui", "sex", "sáb"]                                                                                  |
2025-10-29T22:22:29.7837773Z | pt-BR  | date.abbr_month_names                                            | [nil, "jan", "fev", "mar", "abr", "mai", "jun", "jul", "ago", "set", "out", "nov", "dez"]                                          |
2025-10-29T22:22:29.7838656Z | pt-BR  | date.day_names                                                   | ["domingo", "segunda-feira", "terça-feira", "quarta-feira", "quinta-feira", "sexta-feira", "sábado"]                               |
2025-10-29T22:22:29.7839336Z | pt-BR  | date.formats.default                                             | %d/%m/%Y                                                                                                                           |
2025-10-29T22:22:29.7839837Z | pt-BR  | date.formats.long                                                | %d de %B de %Y                                                                                                                     |
2025-10-29T22:22:29.7840319Z | pt-BR  | date.formats.short                                               | %d de %B                                                                                                                           |
2025-10-29T22:22:29.7841100Z | pt-BR  | date.month_names                                                 | [nil, "janeiro", "fevereiro", "março", "abril", "maio", "junho", "julho", "agosto", "setembro", "outubro", "novembro", "dezembro"] |
2025-10-29T22:22:29.7841755Z | pt-BR  | date.order                                                       | [:day, :month, :year]                                                                                                              |
2025-10-29T22:22:29.7842492Z | pt-BR  | datetime.distance_in_words.about_x_hours                         | {"one"=>"aproximadamente %{count} hora", "other"=>"aproximadamente %{count} horas"}                                                |
2025-10-29T22:22:29.7843581Z | pt-BR  | datetime.distance_in_words.about_x_months                        | {"one"=>"aproximadamente %{count} mês", "other"=>"aproximadamente %{count} meses"}                                                 |
2025-10-29T22:22:29.7844530Z | pt-BR  | datetime.distance_in_words.about_x_years                         | {"one"=>"aproximadamente %{count} ano", "other"=>"aproximadamente %{count} anos"}                                                  |
2025-10-29T22:22:29.7845423Z | pt-BR  | datetime.distance_in_words.almost_x_years                        | {"one"=>"quase %{count} ano", "other"=>"quase %{count} anos"}                                                                      |
2025-10-29T22:22:29.7846301Z | pt-BR  | datetime.distance_in_words.half_a_minute                         | meio minuto                                                                                                                        |
2025-10-29T22:22:29.7847078Z | pt-BR  | datetime.distance_in_words.less_than_x_minutes                   | {"one"=>"menos de um minuto", "other"=>"menos de %{count} minutos"}                                                                |
2025-10-29T22:22:29.7847968Z | pt-BR  | datetime.distance_in_words.less_than_x_seconds                   | {"one"=>"menos de %{count} segundo", "other"=>"menos de %{count} segundos"}                                                        |
2025-10-29T22:22:29.7848825Z | pt-BR  | datetime.distance_in_words.over_x_years                          | {"one"=>"mais de %{count} ano", "other"=>"mais de %{count} anos"}                                                                  |
2025-10-29T22:22:29.7849700Z | pt-BR  | datetime.distance_in_words.x_days                                | {"one"=>"%{count} dia", "other"=>"%{count} dias"}                                                                                  |
2025-10-29T22:22:29.7850543Z | pt-BR  | datetime.distance_in_words.x_minutes                             | {"one"=>"%{count} minuto", "other"=>"%{count} minutos"}                                                                            |
2025-10-29T22:22:29.7851438Z | pt-BR  | datetime.distance_in_words.x_months                              | {"one"=>"%{count} mês", "other"=>"%{count} meses"}                                                                                 |
2025-10-29T22:22:29.7852202Z | pt-BR  | datetime.distance_in_words.x_seconds                             | {"one"=>"%{count} segundo", "other"=>"%{count} segundos"}                                                                          |
2025-10-29T22:22:29.7852964Z | pt-BR  | datetime.distance_in_words.x_years                               | {"one"=>"%{count} ano", "other"=>"%{count} anos"}                                                                                  |
2025-10-29T22:22:29.7853581Z | pt-BR  | datetime.prompts.day                                             | Dia                                                                                                                                |
2025-10-29T22:22:29.7854098Z | pt-BR  | datetime.prompts.hour                                            | Hora                                                                                                                               |
2025-10-29T22:22:29.7854636Z | pt-BR  | datetime.prompts.minute                                          | Minuto                                                                                                                             |
2025-10-29T22:22:29.7855310Z | pt-BR  | datetime.prompts.month                                           | Mês                                                                                                                                |
2025-10-29T22:22:29.7855858Z | pt-BR  | datetime.prompts.second                                          | Segundo                                                                                                                            |
2025-10-29T22:22:29.7856531Z | pt-BR  | datetime.prompts.year                                            | Ano                                                                                                                                |
2025-10-29T22:22:29.7857062Z | pt-BR  | errors.format                                                    | %{attribute} %{message}                                                                                                            |
2025-10-29T22:22:29.7857688Z | pt-BR  | errors.menu_items.create_failed                                  | Falha ao criar item do menu                                                                                                        |
2025-10-29T22:22:29.7858367Z | pt-BR  | errors.menu_items.destroy_failed                                 | Falha ao excluir item do menu                                                                                                      |
2025-10-29T22:22:29.7859172Z | pt-BR  | errors.menu_items.not_found                                      | Item do menu não encontrado                                                                                                        |
2025-10-29T22:22:29.7859848Z | pt-BR  | errors.menu_items.update_failed                                  | Falha ao atualizar item do menu                                                                                                    |
2025-10-29T22:22:29.7860507Z | pt-BR  | errors.menus.create_failed                                       | Falha ao criar menu                                                                                                                |
2025-10-29T22:22:29.7861263Z | pt-BR  | errors.menus.destroy_failed                                      | Falha ao excluir menu                                                                                                              |
2025-10-29T22:22:29.7862110Z | pt-BR  | errors.menus.not_found                                           | Menu não encontrado                                                                                                                |
2025-10-29T22:22:29.7862740Z | pt-BR  | errors.menus.update_failed                                       | Falha ao atualizar menu                                                                                                            |
2025-10-29T22:22:29.7863367Z | pt-BR  | errors.messages.accepted                                         | deve ser aceito                                                                                                                    |
2025-10-29T22:22:29.7864112Z | pt-BR  | errors.messages.blank                                            | não pode ficar em branco                                                                                                           |
2025-10-29T22:22:29.7864879Z | pt-BR  | errors.messages.confirmation                                     | não é igual a %{attribute}                                                                                                         |
2025-10-29T22:22:29.7865637Z | pt-BR  | errors.messages.empty                                            | não pode ficar vazio                                                                                                               |
2025-10-29T22:22:29.7866368Z | pt-BR  | errors.messages.equal_to                                         | deve ser igual a %{count}                                                                                                          |
2025-10-29T22:22:29.7866981Z | pt-BR  | errors.messages.even                                             | deve ser par                                                                                                                       |
2025-10-29T22:22:29.7867711Z | pt-BR  | errors.messages.exclusion                                        | não está disponível                                                                                                                |
2025-10-29T22:22:29.7868356Z | pt-BR  | errors.messages.greater_than                                     | deve ser maior que %{count}                                                                                                        |
2025-10-29T22:22:29.7869048Z | pt-BR  | errors.messages.greater_than_or_equal_to                         | deve ser maior ou igual a %{count}                                                                                                 |
2025-10-29T22:22:29.7869704Z | pt-BR  | errors.messages.in                                               | deve estar em %{count}                                                                                                             |
2025-10-29T22:22:29.7870445Z | pt-BR  | errors.messages.inclusion                                        | não está incluído na lista                                                                                                         |
2025-10-29T22:22:29.7871173Z | pt-BR  | errors.messages.invalid                                          | não é válido                                                                                                                       |
2025-10-29T22:22:29.7871772Z | pt-BR  | errors.messages.less_than                                        | deve ser menor que %{count}                                                                                                        |
2025-10-29T22:22:29.7872444Z | pt-BR  | errors.messages.less_than_or_equal_to                            | deve ser menor ou igual a %{count}                                                                                                 |
2025-10-29T22:22:29.7873400Z | pt-BR  | errors.messages.model_invalid                                    | A validação falhou: %{errors}                                                                                                      |
2025-10-29T22:22:29.7874267Z | pt-BR  | errors.messages.not_a_number                                     | não é um número                                                                                                                    |
2025-10-29T22:22:29.7875006Z | pt-BR  | errors.messages.not_an_integer                                   | não é um número inteiro                                                                                                            |
2025-10-29T22:22:29.7875729Z | pt-BR  | errors.messages.odd                                              | deve ser ímpar                                                                                                                     |
2025-10-29T22:22:29.7876448Z | pt-BR  | errors.messages.other_than                                       | deve ser diferente de %{count}                                                                                                     |
2025-10-29T22:22:29.7877102Z | pt-BR  | errors.messages.present                                          | deve ficar em branco                                                                                                               |
2025-10-29T22:22:29.7877845Z | pt-BR  | errors.messages.required                                         | é obrigatório(a)                                                                                                                   |
2025-10-29T22:22:29.7878546Z | pt-BR  | errors.messages.taken                                            | já está em uso                                                                                                                     |
2025-10-29T22:22:29.7879389Z | pt-BR  | errors.messages.too_long                                         | {"one"=>"é muito longo (máximo: %{count} caracter)", "other"=>"é muito longo (máximo: %{count} caracteres)"}                       |
2025-10-29T22:22:29.7880381Z | pt-BR  | errors.messages.too_short                                        | {"one"=>"é muito curto (mínimo: %{count} caracter)", "other"=>"é muito curto (mínimo: %{count} caracteres)"}                       |
2025-10-29T22:22:29.7881402Z | pt-BR  | errors.messages.wrong_length                                     | {"one"=>"não possui o tamanho esperado (%{count} caracter)", "other"=>"não possui o tamanho esperado (%{count} caracteres)"}       |
2025-10-29T22:22:29.7882230Z | pt-BR  | errors.restaurants.create_failed                                 | Falha ao criar restaurante                                                                                                         |
2025-10-29T22:22:29.7882958Z | pt-BR  | errors.restaurants.destroy_failed                                | Falha ao excluir restaurante                                                                                                       |
2025-10-29T22:22:29.7883816Z | pt-BR  | errors.restaurants.not_found                                     | Restaurante não encontrado                                                                                                         |
2025-10-29T22:22:29.7884551Z | pt-BR  | errors.restaurants.update_failed                                 | Falha ao atualizar restaurante                                                                                                     |
2025-10-29T22:22:29.7885282Z | pt-BR  | errors.template.body                                             | Por favor, verifique o(s) seguinte(s) campo(s):                                                                                    |
2025-10-29T22:22:29.7886318Z | pt-BR  | errors.template.header                                           | {"one"=>"Não foi possível gravar %{model}: %{count} erro", "other"=>"Não foi possível gravar %{model}: %{count} erros"}            |
2025-10-29T22:22:29.7887333Z | pt-BR  | errors.validation.invalid_price                                  | Preço inválido                                                                                                                     |
2025-10-29T22:22:29.7888242Z | pt-BR  | errors.validation.name_required                                  | Nome não pode ficar em branco                                                                                                      |
2025-10-29T22:22:29.7889048Z | pt-BR  | errors.validation.name_taken                                     | Nome já está em uso                                                                                                                |
2025-10-29T22:22:29.7889861Z | pt-BR  | errors.validation.price_negative                                 | Preço não pode ser negativo                                                                                                        |
2025-10-29T22:22:29.7890511Z | pt-BR  | number.currency.format.delimiter                                 | .                                                                                                                                  |
2025-10-29T22:22:29.7891092Z | pt-BR  | number.currency.format.format                                    | %u %n                                                                                                                              |
2025-10-29T22:22:29.7891665Z | pt-BR  | number.currency.format.precision                                 | 2                                                                                                                                  |
2025-10-29T22:22:29.7892245Z | pt-BR  | number.currency.format.separator                                 | ,                                                                                                                                  |
2025-10-29T22:22:29.7892850Z | pt-BR  | number.currency.format.significant                               | false                                                                                                                              |
2025-10-29T22:22:29.7893512Z | pt-BR  | number.currency.format.strip_insignificant_zeros                 | false                                                                                                                              |
2025-10-29T22:22:29.7894157Z | pt-BR  | number.currency.format.unit                                      | R$                                                                                                                                 |
2025-10-29T22:22:29.7894694Z | pt-BR  | number.format.delimiter                                          | .                                                                                                                                  |
2025-10-29T22:22:29.7895209Z | pt-BR  | number.format.precision                                          | 3                                                                                                                                  |
2025-10-29T22:22:29.7895748Z | pt-BR  | number.format.round_mode                                         | default                                                                                                                            |
2025-10-29T22:22:29.7896420Z | pt-BR  | number.format.separator                                          | ,                                                                                                                                  |
2025-10-29T22:22:29.7896954Z | pt-BR  | number.format.significant                                        | false                                                                                                                              |
2025-10-29T22:22:29.7897555Z | pt-BR  | number.format.strip_insignificant_zeros                          | false                                                                                                                              |
2025-10-29T22:22:29.7898288Z | pt-BR  | number.human.decimal_units.format                                | %n %u                                                                                                                              |
2025-10-29T22:22:29.7899193Z | pt-BR  | number.human.decimal_units.units.billion                         | {"one"=>"bilhão", "other"=>"bilhões"}                                                                                              |
2025-10-29T22:22:29.7900057Z | pt-BR  | number.human.decimal_units.units.million                         | {"one"=>"milhão", "other"=>"milhões"}                                                                                              |
2025-10-29T22:22:29.7900957Z | pt-BR  | number.human.decimal_units.units.quadrillion                     | {"one"=>"quatrilhão", "other"=>"quatrilhões"}                                                                                      |
2025-10-29T22:22:29.7901790Z | pt-BR  | number.human.decimal_units.units.thousand                        | mil                                                                                                                                |
2025-10-29T22:22:29.7902628Z | pt-BR  | number.human.decimal_units.units.trillion                        | {"one"=>"trilhão", "other"=>"trilhões"}                                                                                            |
2025-10-29T22:22:29.7903300Z | pt-BR  | number.human.decimal_units.units.unit                            |                                                                                                                                    |
2025-10-29T22:22:29.7903866Z | pt-BR  | number.human.format.delimiter                                    |                                                                                                                                    |
2025-10-29T22:22:29.7904426Z | pt-BR  | number.human.format.precision                                    | 3                                                                                                                                  |
2025-10-29T22:22:29.7904998Z | pt-BR  | number.human.format.significant                                  | true                                                                                                                               |
2025-10-29T22:22:29.7905635Z | pt-BR  | number.human.format.strip_insignificant_zeros                    | true                                                                                                                               |
2025-10-29T22:22:29.7906358Z | pt-BR  | number.human.storage_units.format                                | %n %u                                                                                                                              |
2025-10-29T22:22:29.7906991Z | pt-BR  | number.human.storage_units.units.byte                            | {"one"=>"Byte", "other"=>"Bytes"}                                                                                                  |
2025-10-29T22:22:29.7907624Z | pt-BR  | number.human.storage_units.units.eb                              | EB                                                                                                                                 |
2025-10-29T22:22:29.7908224Z | pt-BR  | number.human.storage_units.units.gb                              | GB                                                                                                                                 |
2025-10-29T22:22:29.7908795Z | pt-BR  | number.human.storage_units.units.kb                              | KB                                                                                                                                 |
2025-10-29T22:22:29.7909358Z | pt-BR  | number.human.storage_units.units.mb                              | MB                                                                                                                                 |
2025-10-29T22:22:29.7910086Z | pt-BR  | number.human.storage_units.units.pb                              | PB                                                                                                                                 |
2025-10-29T22:22:29.7910758Z | pt-BR  | number.human.storage_units.units.tb                              | TB                                                                                                                                 |
2025-10-29T22:22:29.7911346Z | pt-BR  | number.percentage.format.delimiter                               | .                                                                                                                                  |
2025-10-29T22:22:29.7911932Z | pt-BR  | number.percentage.format.format                                  | %n%                                                                                                                                |
2025-10-29T22:22:29.7912520Z | pt-BR  | number.precision.format.delimiter                                | .                                                                                                                                  |
2025-10-29T22:22:29.7913101Z | pt-BR  | support.array.last_word_connector                                | e                                                                                                                                  |
2025-10-29T22:22:29.7913668Z | pt-BR  | support.array.two_words_connector                                | e                                                                                                                                  |
2025-10-29T22:22:29.7914244Z | pt-BR  | support.array.words_connector                                    | ,                                                                                                                                  |
2025-10-29T22:22:29.7914719Z | pt-BR  | time.am                                                          |                                                                                                                                    |
2025-10-29T22:22:29.7915201Z | pt-BR  | time.formats.default                                             | %a, %d de %B de %Y, %H:%M:%S %z                                                                                                    |
2025-10-29T22:22:29.7915719Z | pt-BR  | time.formats.long                                                | %d de %B de %Y, %H:%M                                                                                                              |
2025-10-29T22:22:29.7916319Z | pt-BR  | time.formats.short                                               | %d de %B, %H:%M                                                                                                                    |
2025-10-29T22:22:29.7916764Z | pt-BR  | time.pm                                                          |                                                                                                                                    |
2025-10-29T22:22:29.7917161Z Inconsistent interpolations (1) | i18n-tasks v1.0.15
2025-10-29T22:22:29.8085234Z The following data requires normalization:
2025-10-29T22:22:29.8085757Z Run `i18n-tasks normalize` to fix
2025-10-29T22:22:29.8097058Z +--------+------------------------------------------------------------------+------------------------------------------------------------------------------------------------------------------------------------+
2025-10-29T22:22:29.8097996Z +--------+----------------------------+-------------------------------------------------+
2025-10-29T22:22:29.8098446Z | Locale | Key                        | Value                                           |
2025-10-29T22:22:29.8098891Z +--------+----------------------------+-------------------------------------------------+
2025-10-29T22:22:29.8099613Z | pt-BR  | errors.template.header.one | Não foi possível gravar %{model}: %{count} erro |
2025-10-29T22:22:29.8100346Z +--------+----------------------------+-------------------------------------------------+
2025-10-29T22:22:29.8100721Z config/locales/en.yml
2025-10-29T22:22:29.8100961Z config/locales/pt-BR.yml
2025-10-29T22:22:29.8158014Z Problemas de i18n
2025-10-29T22:22:29.8172765Z ##[error]Process completed with exit code 1.
2025-10-29T22:22:29.8284210Z Post job cleanup.
2025-10-29T22:22:29.9227041Z [command]/usr/bin/git version
2025-10-29T22:22:29.9263680Z git version 2.51.0
2025-10-29T22:22:29.9308085Z Temporarily overriding HOME='/home/runner/work/_temp/7a08288c-8799-4db5-bebd-58c10015914f' before making global git config changes
2025-10-29T22:22:29.9309374Z Adding repository directory to the temporary git global config as a safe directory
2025-10-29T22:22:29.9314470Z [command]/usr/bin/git config --global --add safe.directory /home/runner/work/restaurant/restaurant
2025-10-29T22:22:29.9356772Z [command]/usr/bin/git config --local --name-only --get-regexp core\.sshCommand
2025-10-29T22:22:29.9389757Z [command]/usr/bin/git submodule foreach --recursive sh -c "git config --local --name-only --get-regexp 'core\.sshCommand' && git config --local --unset-all 'core.sshCommand' || :"
2025-10-29T22:22:29.9613234Z [command]/usr/bin/git config --local --name-only --get-regexp http\.https\:\/\/github\.com\/\.extraheader
2025-10-29T22:22:29.9634271Z http.https://github.com/.extraheader
2025-10-29T22:22:29.9646839Z [command]/usr/bin/git config --local --unset-all http.https://github.com/.extraheader
2025-10-29T22:22:29.9676143Z [command]/usr/bin/git submodule foreach --recursive sh -c "git config --local --name-only --get-regexp 'http\.https\:\/\/github\.com\/\.extraheader' && git config --local --unset-all 'http.https://github.com/.extraheader' || :"
2025-10-29T22:22:29.9996342Z Cleaning up orphan processes
