2025-10-29T22:28:05.8509524Z Current runner version: '2.328.0'
2025-10-29T22:28:05.8543601Z ##[group]Runner Image Provisioner
2025-10-29T22:28:05.8544777Z Hosted Compute Agent
2025-10-29T22:28:05.8545515Z Version: 20250912.392
2025-10-29T22:28:05.8546555Z Commit: d921fda672a98b64f4f82364647e2f10b2267d0b
2025-10-29T22:28:05.8547555Z Build Date: 2025-09-12T15:23:14Z
2025-10-29T22:28:05.8548428Z ##[endgroup]
2025-10-29T22:28:05.8549310Z ##[group]Operating System
2025-10-29T22:28:05.8550427Z Ubuntu
2025-10-29T22:28:05.8551118Z 24.04.3
2025-10-29T22:28:05.8551908Z LTS
2025-10-29T22:28:05.8552608Z ##[endgroup]
2025-10-29T22:28:05.8553323Z ##[group]Runner Image
2025-10-29T22:28:05.8554299Z Image: ubuntu-24.04
2025-10-29T22:28:05.8555042Z Version: 20250929.60.1
2025-10-29T22:28:05.8556688Z Included Software: https://github.com/actions/runner-images/blob/ubuntu24/20250929.60/images/ubuntu/Ubuntu2404-Readme.md
2025-10-29T22:28:05.8559252Z Image Release: https://github.com/actions/runner-images/releases/tag/ubuntu24%2F20250929.60
2025-10-29T22:28:05.8561085Z ##[endgroup]
2025-10-29T22:28:05.8563006Z ##[group]GITHUB_TOKEN Permissions
2025-10-29T22:28:05.8565990Z Contents: read
2025-10-29T22:28:05.8567122Z Metadata: read
2025-10-29T22:28:05.8567973Z ##[endgroup]
2025-10-29T22:28:05.8570898Z Secret source: Actions
2025-10-29T22:28:05.8572266Z Prepare workflow directory
2025-10-29T22:28:05.8943614Z Prepare all required actions
2025-10-29T22:28:05.8999305Z Getting action download info
2025-10-29T22:28:06.2235082Z Download action repository 'actions/checkout@v4' (SHA:08eba0b27e820071cde6df949e0beb9ba4906955)
2025-10-29T22:28:06.3092087Z Download action repository 'ruby/setup-ruby@v1' (SHA:d5126b9b3579e429dd52e51e68624dda2e05be25)
2025-10-29T22:28:06.8269915Z Complete job name: i18n-tasks (chaves órfãs/ausentes)
2025-10-29T22:28:06.9020217Z ##[group]Run actions/checkout@v4
2025-10-29T22:28:06.9021077Z with:
2025-10-29T22:28:06.9021496Z   repository: pedrohcrisanto/restaurant
2025-10-29T22:28:06.9022173Z   token: ***
2025-10-29T22:28:06.9022600Z   ssh-strict: true
2025-10-29T22:28:06.9023007Z   ssh-user: git
2025-10-29T22:28:06.9023407Z   persist-credentials: true
2025-10-29T22:28:06.9023853Z   clean: true
2025-10-29T22:28:06.9024261Z   sparse-checkout-cone-mode: true
2025-10-29T22:28:06.9024736Z   fetch-depth: 1
2025-10-29T22:28:06.9025127Z   fetch-tags: false
2025-10-29T22:28:06.9025530Z   show-progress: true
2025-10-29T22:28:06.9025949Z   lfs: false
2025-10-29T22:28:06.9026313Z   submodules: false
2025-10-29T22:28:06.9026716Z   set-safe-directory: true
2025-10-29T22:28:06.9027375Z ##[endgroup]
2025-10-29T22:28:07.0118900Z Syncing repository: pedrohcrisanto/restaurant
2025-10-29T22:28:07.0120867Z ##[group]Getting Git version info
2025-10-29T22:28:07.0121658Z Working directory is '/home/runner/work/restaurant/restaurant'
2025-10-29T22:28:07.0122691Z [command]/usr/bin/git version
2025-10-29T22:28:07.0197846Z git version 2.51.0
2025-10-29T22:28:07.0225259Z ##[endgroup]
2025-10-29T22:28:07.0239074Z Temporarily overriding HOME='/home/runner/work/_temp/0c86fdfe-2e13-4508-b539-703a827cc06b' before making global git config changes
2025-10-29T22:28:07.0252302Z Adding repository directory to the temporary git global config as a safe directory
2025-10-29T22:28:07.0253449Z [command]/usr/bin/git config --global --add safe.directory /home/runner/work/restaurant/restaurant
2025-10-29T22:28:07.0289367Z Deleting the contents of '/home/runner/work/restaurant/restaurant'
2025-10-29T22:28:07.0293327Z ##[group]Initializing the repository
2025-10-29T22:28:07.0297255Z [command]/usr/bin/git init /home/runner/work/restaurant/restaurant
2025-10-29T22:28:07.0408090Z hint: Using 'master' as the name for the initial branch. This default branch name
2025-10-29T22:28:07.0409319Z hint: is subject to change. To configure the initial branch name to use in all
2025-10-29T22:28:07.0410549Z hint: of your new repositories, which will suppress this warning, call:
2025-10-29T22:28:07.0411221Z hint:
2025-10-29T22:28:07.0411692Z hint: 	git config --global init.defaultBranch <name>
2025-10-29T22:28:07.0412857Z hint:
2025-10-29T22:28:07.0413725Z hint: Names commonly chosen instead of 'master' are 'main', 'trunk' and
2025-10-29T22:28:07.0414708Z hint: 'development'. The just-created branch can be renamed via this command:
2025-10-29T22:28:07.0415405Z hint:
2025-10-29T22:28:07.0415792Z hint: 	git branch -m <name>
2025-10-29T22:28:07.0416238Z hint:
2025-10-29T22:28:07.0416806Z hint: Disable this message with "git config set advice.defaultBranchName false"
2025-10-29T22:28:07.0417781Z Initialized empty Git repository in /home/runner/work/restaurant/restaurant/.git/
2025-10-29T22:28:07.0424332Z [command]/usr/bin/git remote add origin https://github.com/pedrohcrisanto/restaurant
2025-10-29T22:28:07.0461999Z ##[endgroup]
2025-10-29T22:28:07.0463204Z ##[group]Disabling automatic garbage collection
2025-10-29T22:28:07.0466789Z [command]/usr/bin/git config --local gc.auto 0
2025-10-29T22:28:07.0496412Z ##[endgroup]
2025-10-29T22:28:07.0497617Z ##[group]Setting up auth
2025-10-29T22:28:07.0504037Z [command]/usr/bin/git config --local --name-only --get-regexp core\.sshCommand
2025-10-29T22:28:07.0536233Z [command]/usr/bin/git submodule foreach --recursive sh -c "git config --local --name-only --get-regexp 'core\.sshCommand' && git config --local --unset-all 'core.sshCommand' || :"
2025-10-29T22:28:07.0871912Z [command]/usr/bin/git config --local --name-only --get-regexp http\.https\:\/\/github\.com\/\.extraheader
2025-10-29T22:28:07.0900016Z [command]/usr/bin/git submodule foreach --recursive sh -c "git config --local --name-only --get-regexp 'http\.https\:\/\/github\.com\/\.extraheader' && git config --local --unset-all 'http.https://github.com/.extraheader' || :"
2025-10-29T22:28:07.1118171Z [command]/usr/bin/git config --local http.https://github.com/.extraheader AUTHORIZATION: basic ***
2025-10-29T22:28:07.1152755Z ##[endgroup]
2025-10-29T22:28:07.1153451Z ##[group]Fetching the repository
2025-10-29T22:28:07.1169969Z [command]/usr/bin/git -c protocol.version=2 fetch --no-tags --prune --no-recurse-submodules --depth=1 origin +2d7194bd3dd809ffee55a9058880749a3b7349bf:refs/remotes/origin/main
2025-10-29T22:28:07.5860333Z From https://github.com/pedrohcrisanto/restaurant
2025-10-29T22:28:07.5862401Z  * [new ref]         2d7194bd3dd809ffee55a9058880749a3b7349bf -> origin/main
2025-10-29T22:28:07.5890383Z ##[endgroup]
2025-10-29T22:28:07.5891395Z ##[group]Determining the checkout info
2025-10-29T22:28:07.5892797Z ##[endgroup]
2025-10-29T22:28:07.5897816Z [command]/usr/bin/git sparse-checkout disable
2025-10-29T22:28:07.5938898Z [command]/usr/bin/git config --local --unset-all extensions.worktreeConfig
2025-10-29T22:28:07.5967437Z ##[group]Checking out the ref
2025-10-29T22:28:07.5972187Z [command]/usr/bin/git checkout --progress --force -B main refs/remotes/origin/main
2025-10-29T22:28:07.6233428Z Switched to a new branch 'main'
2025-10-29T22:28:07.6235126Z branch 'main' set up to track 'origin/main'.
2025-10-29T22:28:07.6243756Z ##[endgroup]
2025-10-29T22:28:07.6280484Z [command]/usr/bin/git log -1 --format=%H
2025-10-29T22:28:07.6302340Z 2d7194bd3dd809ffee55a9058880749a3b7349bf
2025-10-29T22:28:07.6520679Z ##[group]Run sudo apt-get update
2025-10-29T22:28:07.6521929Z [36;1msudo apt-get update[0m
2025-10-29T22:28:07.6523041Z [36;1msudo apt-get install -y libpq-dev[0m
2025-10-29T22:28:07.6560652Z shell: /usr/bin/bash -e {0}
2025-10-29T22:28:07.6561693Z ##[endgroup]
2025-10-29T22:28:07.7721851Z Get:1 file:/etc/apt/apt-mirrors.txt Mirrorlist [144 B]
2025-10-29T22:28:07.8130335Z Hit:2 http://azure.archive.ubuntu.com/ubuntu noble InRelease
2025-10-29T22:28:07.8182748Z Get:3 http://azure.archive.ubuntu.com/ubuntu noble-updates InRelease [126 kB]
2025-10-29T22:28:07.8244266Z Get:4 http://azure.archive.ubuntu.com/ubuntu noble-backports InRelease [126 kB]
2025-10-29T22:28:07.8271339Z Get:5 http://azure.archive.ubuntu.com/ubuntu noble-security InRelease [126 kB]
2025-10-29T22:28:07.8320563Z Ign:6 https://packages.microsoft.com/repos/azure-cli noble InRelease
2025-10-29T22:28:07.8948662Z Ign:7 https://packages.microsoft.com/ubuntu/24.04/prod noble InRelease
2025-10-29T22:28:07.9884577Z Get:8 http://azure.archive.ubuntu.com/ubuntu noble-updates/main amd64 Packages [1545 kB]
2025-10-29T22:28:08.0159024Z Get:9 http://azure.archive.ubuntu.com/ubuntu noble-updates/main Translation-en [294 kB]
2025-10-29T22:28:08.0181367Z Get:10 http://azure.archive.ubuntu.com/ubuntu noble-updates/main amd64 Components [175 kB]
2025-10-29T22:28:08.0202366Z Get:11 http://azure.archive.ubuntu.com/ubuntu noble-updates/main amd64 c-n-f Metadata [15.4 kB]
2025-10-29T22:28:08.0211217Z Get:12 http://azure.archive.ubuntu.com/ubuntu noble-updates/universe amd64 Packages [1498 kB]
2025-10-29T22:28:08.0299911Z Get:13 http://azure.archive.ubuntu.com/ubuntu noble-updates/universe Translation-en [303 kB]
2025-10-29T22:28:08.0324969Z Get:14 http://azure.archive.ubuntu.com/ubuntu noble-updates/universe amd64 Components [378 kB]
2025-10-29T22:28:08.0359664Z Get:15 http://azure.archive.ubuntu.com/ubuntu noble-updates/universe amd64 c-n-f Metadata [31.4 kB]
2025-10-29T22:28:08.0370677Z Get:16 http://azure.archive.ubuntu.com/ubuntu noble-updates/restricted amd64 Packages [2175 kB]
2025-10-29T22:28:08.0506382Z Get:17 http://azure.archive.ubuntu.com/ubuntu noble-updates/restricted Translation-en [490 kB]
2025-10-29T22:28:08.1039253Z Get:18 http://azure.archive.ubuntu.com/ubuntu noble-updates/restricted amd64 Components [212 B]
2025-10-29T22:28:08.1044653Z Get:19 http://azure.archive.ubuntu.com/ubuntu noble-updates/restricted amd64 c-n-f Metadata [516 B]
2025-10-29T22:28:08.1046430Z Get:20 http://azure.archive.ubuntu.com/ubuntu noble-updates/multiverse amd64 Packages [30.3 kB]
2025-10-29T22:28:08.1050815Z Get:21 http://azure.archive.ubuntu.com/ubuntu noble-updates/multiverse Translation-en [5564 B]
2025-10-29T22:28:08.1052760Z Get:22 http://azure.archive.ubuntu.com/ubuntu noble-updates/multiverse amd64 Components [940 B]
2025-10-29T22:28:08.1054568Z Get:23 http://azure.archive.ubuntu.com/ubuntu noble-updates/multiverse amd64 c-n-f Metadata [484 B]
2025-10-29T22:28:08.1056358Z Get:24 http://azure.archive.ubuntu.com/ubuntu noble-backports/main amd64 Components [7148 B]
2025-10-29T22:28:08.1060737Z Get:25 http://azure.archive.ubuntu.com/ubuntu noble-backports/universe amd64 Components [11.0 kB]
2025-10-29T22:28:08.1075391Z Get:26 http://azure.archive.ubuntu.com/ubuntu noble-backports/restricted amd64 Components [216 B]
2025-10-29T22:28:08.1082816Z Get:27 http://azure.archive.ubuntu.com/ubuntu noble-backports/multiverse amd64 Components [212 B]
2025-10-29T22:28:08.1089930Z Get:28 http://azure.archive.ubuntu.com/ubuntu noble-security/main amd64 Packages [1270 kB]
2025-10-29T22:28:08.1160581Z Get:29 http://azure.archive.ubuntu.com/ubuntu noble-security/main Translation-en [211 kB]
2025-10-29T22:28:08.1183235Z Get:30 http://azure.archive.ubuntu.com/ubuntu noble-security/main amd64 Components [21.5 kB]
2025-10-29T22:28:08.1191860Z Get:31 http://azure.archive.ubuntu.com/ubuntu noble-security/main amd64 c-n-f Metadata [9008 B]
2025-10-29T22:28:08.1629605Z Get:32 http://azure.archive.ubuntu.com/ubuntu noble-security/universe amd64 Packages [905 kB]
2025-10-29T22:28:08.1688199Z Get:33 http://azure.archive.ubuntu.com/ubuntu noble-security/universe Translation-en [203 kB]
2025-10-29T22:28:08.1705425Z Get:34 http://azure.archive.ubuntu.com/ubuntu noble-security/universe amd64 Components [52.2 kB]
2025-10-29T22:28:08.1716342Z Get:35 http://azure.archive.ubuntu.com/ubuntu noble-security/universe amd64 c-n-f Metadata [19.4 kB]
2025-10-29T22:28:08.1725816Z Get:36 http://azure.archive.ubuntu.com/ubuntu noble-security/restricted amd64 Packages [2080 kB]
2025-10-29T22:28:08.1830622Z Get:37 http://azure.archive.ubuntu.com/ubuntu noble-security/restricted Translation-en [470 kB]
2025-10-29T22:28:08.1863395Z Get:38 http://azure.archive.ubuntu.com/ubuntu noble-security/restricted amd64 Components [208 B]
2025-10-29T22:28:08.1870258Z Get:39 http://azure.archive.ubuntu.com/ubuntu noble-security/restricted amd64 c-n-f Metadata [500 B]
2025-10-29T22:28:08.1878308Z Get:40 http://azure.archive.ubuntu.com/ubuntu noble-security/multiverse amd64 Packages [27.4 kB]
2025-10-29T22:28:08.1886931Z Get:41 http://azure.archive.ubuntu.com/ubuntu noble-security/multiverse Translation-en [5708 B]
2025-10-29T22:28:08.1894603Z Get:42 http://azure.archive.ubuntu.com/ubuntu noble-security/multiverse amd64 Components [208 B]
2025-10-29T22:28:08.1901608Z Get:43 http://azure.archive.ubuntu.com/ubuntu noble-security/multiverse amd64 c-n-f Metadata [384 B]
2025-10-29T22:28:09.1593124Z Get:6 https://packages.microsoft.com/repos/azure-cli noble InRelease [3564 B]
2025-10-29T22:28:09.1977952Z Get:7 https://packages.microsoft.com/ubuntu/24.04/prod noble InRelease [3600 B]
2025-10-29T22:28:09.2615101Z Get:44 https://packages.microsoft.com/repos/azure-cli noble/main amd64 Packages [1629 B]
2025-10-29T22:28:09.3156049Z Get:45 https://packages.microsoft.com/ubuntu/24.04/prod noble/main amd64 Packages [66.0 kB]
2025-10-29T22:28:09.4572716Z Get:46 https://packages.microsoft.com/ubuntu/24.04/prod noble/main armhf Packages [11.0 kB]
2025-10-29T22:28:09.5220339Z Get:47 https://packages.microsoft.com/ubuntu/24.04/prod noble/main arm64 Packages [48.3 kB]
2025-10-29T22:28:17.2844998Z Fetched 12.7 MB in 2s (7115 kB/s)
2025-10-29T22:28:18.0233518Z Reading package lists...
2025-10-29T22:28:18.0561934Z Reading package lists...
2025-10-29T22:28:18.2348861Z Building dependency tree...
2025-10-29T22:28:18.2356754Z Reading state information...
2025-10-29T22:28:18.4261196Z libpq-dev is already the newest version (18.0-1.pgdg24.04+3).
2025-10-29T22:28:18.4261850Z 0 upgraded, 0 newly installed, 0 to remove and 43 not upgraded.
2025-10-29T22:28:18.4341795Z ##[group]Run ruby/setup-ruby@v1
2025-10-29T22:28:18.4342091Z with:
2025-10-29T22:28:18.4342288Z   ruby-version: 3.3
2025-10-29T22:28:18.4342489Z   bundler-cache: true
2025-10-29T22:28:18.4342704Z ##[endgroup]
2025-10-29T22:28:18.5917749Z ##[group]Modifying PATH
2025-10-29T22:28:18.5922973Z Entries added to PATH to use selected Ruby:
2025-10-29T22:28:18.5926665Z   /opt/hostedtoolcache/Ruby/3.3.10/x64/bin
2025-10-29T22:28:18.5937736Z ##[endgroup]
2025-10-29T22:28:18.5955781Z ##[group]Downloading Ruby
2025-10-29T22:28:18.5956806Z https://github.com/ruby/ruby-builder/releases/download/ruby-3.3.10/ruby-3.3.10-ubuntu-24.04-x64.tar.gz
2025-10-29T22:28:19.1274950Z Took   0.53 seconds
2025-10-29T22:28:19.1275771Z ##[endgroup]
2025-10-29T22:28:19.1276411Z ##[group]Extracting  Ruby
2025-10-29T22:28:19.1311372Z [command]/usr/bin/tar -xz -C /opt/hostedtoolcache/Ruby/3.3.10 -f /home/runner/work/_temp/a9a83fa9-b018-47de-8b6e-e5a7e1965512
2025-10-29T22:28:19.5600816Z Took   0.43 seconds
2025-10-29T22:28:19.5603031Z ##[endgroup]
2025-10-29T22:28:19.5603846Z ##[group]Print Ruby version
2025-10-29T22:28:19.5619108Z [command]/opt/hostedtoolcache/Ruby/3.3.10/x64/bin/ruby --version
2025-10-29T22:28:19.5792001Z ruby 3.3.10 (2025-10-23 revision 343ea05002) [x86_64-linux]
2025-10-29T22:28:19.5809990Z Took   0.02 seconds
2025-10-29T22:28:19.5810995Z ##[endgroup]
2025-10-29T22:28:19.5811637Z ##[group]Installing Bundler
2025-10-29T22:28:19.5818668Z Using Bundler 2.6.9 from Gemfile.lock BUNDLED WITH 2.6.9
2025-10-29T22:28:19.5823218Z [command]/opt/hostedtoolcache/Ruby/3.3.10/x64/bin/gem install bundler -v 2.6.9
2025-10-29T22:28:20.0951731Z Successfully installed bundler-2.6.9
2025-10-29T22:28:20.0952164Z 1 gem installed
2025-10-29T22:28:20.1004367Z Took   0.52 seconds
2025-10-29T22:28:20.1005092Z ##[endgroup]
2025-10-29T22:28:20.1006112Z > bundle install
2025-10-29T22:28:20.1028134Z [command]/opt/hostedtoolcache/Ruby/3.3.10/x64/bin/bundle config --local path /home/runner/work/restaurant/restaurant/vendor/bundle
2025-10-29T22:28:20.2537826Z [command]/opt/hostedtoolcache/Ruby/3.3.10/x64/bin/bundle config --local deployment true
2025-10-29T22:28:20.4041525Z ##[group]Print lockfile
2025-10-29T22:28:20.4057375Z [command]/usr/bin/cat Gemfile.lock
2025-10-29T22:28:20.4088444Z GEM
2025-10-29T22:28:20.4088836Z   remote: https://rubygems.org/
2025-10-29T22:28:20.4089232Z   specs:
2025-10-29T22:28:20.4089521Z     actioncable (8.0.4)
2025-10-29T22:28:20.4089860Z       actionpack (= 8.0.4)
2025-10-29T22:28:20.4090950Z       activesupport (= 8.0.4)
2025-10-29T22:28:20.4091333Z       nio4r (~> 2.0)
2025-10-29T22:28:20.4091679Z       websocket-driver (>= 0.6.1)
2025-10-29T22:28:20.4092078Z       zeitwerk (~> 2.6)
2025-10-29T22:28:20.4092432Z     actionmailbox (8.0.4)
2025-10-29T22:28:20.4092774Z       actionpack (= 8.0.4)
2025-10-29T22:28:20.4093134Z       activejob (= 8.0.4)
2025-10-29T22:28:20.4093483Z       activerecord (= 8.0.4)
2025-10-29T22:28:20.4093860Z       activestorage (= 8.0.4)
2025-10-29T22:28:20.4094233Z       activesupport (= 8.0.4)
2025-10-29T22:28:20.4094556Z       mail (>= 2.8.0)
2025-10-29T22:28:20.4094862Z     actionmailer (8.0.4)
2025-10-29T22:28:20.4095199Z       actionpack (= 8.0.4)
2025-10-29T22:28:20.4095546Z       actionview (= 8.0.4)
2025-10-29T22:28:20.4095888Z       activejob (= 8.0.4)
2025-10-29T22:28:20.4096233Z       activesupport (= 8.0.4)
2025-10-29T22:28:20.4096583Z       mail (>= 2.8.0)
2025-10-29T22:28:20.4096955Z       rails-dom-testing (~> 2.2)
2025-10-29T22:28:20.4097337Z     actionpack (8.0.4)
2025-10-29T22:28:20.4097672Z       actionview (= 8.0.4)
2025-10-29T22:28:20.4098031Z       activesupport (= 8.0.4)
2025-10-29T22:28:20.4098366Z       nokogiri (>= 1.8.5)
2025-10-29T22:28:20.4098670Z       rack (>= 2.2.4)
2025-10-29T22:28:20.4099068Z       rack-session (>= 1.0.1)
2025-10-29T22:28:20.4099435Z       rack-test (>= 0.6.3)
2025-10-29T22:28:20.4099801Z       rails-dom-testing (~> 2.2)
2025-10-29T22:28:20.4100425Z       rails-html-sanitizer (~> 1.6)
2025-10-29T22:28:20.4101169Z       useragent (~> 0.16)
2025-10-29T22:28:20.4101557Z     actiontext (8.0.4)
2025-10-29T22:28:20.4101886Z       actionpack (= 8.0.4)
2025-10-29T22:28:20.4102243Z       activerecord (= 8.0.4)
2025-10-29T22:28:20.4102624Z       activestorage (= 8.0.4)
2025-10-29T22:28:20.4103000Z       activesupport (= 8.0.4)
2025-10-29T22:28:20.4103376Z       globalid (>= 0.6.0)
2025-10-29T22:28:20.4103712Z       nokogiri (>= 1.8.5)
2025-10-29T22:28:20.4104043Z     actionview (8.0.4)
2025-10-29T22:28:20.4104383Z       activesupport (= 8.0.4)
2025-10-29T22:28:20.4104752Z       builder (~> 3.1)
2025-10-29T22:28:20.4105066Z       erubi (~> 1.11)
2025-10-29T22:28:20.4105410Z       rails-dom-testing (~> 2.2)
2025-10-29T22:28:20.4105819Z       rails-html-sanitizer (~> 1.6)
2025-10-29T22:28:20.4106230Z     activejob (8.0.4)
2025-10-29T22:28:20.4106564Z       activesupport (= 8.0.4)
2025-10-29T22:28:20.4106937Z       globalid (>= 0.3.6)
2025-10-29T22:28:20.4107298Z     activemodel (8.0.4)
2025-10-29T22:28:20.4107641Z       activesupport (= 8.0.4)
2025-10-29T22:28:20.4108031Z     activerecord (8.0.4)
2025-10-29T22:28:20.4108379Z       activemodel (= 8.0.4)
2025-10-29T22:28:20.4108749Z       activesupport (= 8.0.4)
2025-10-29T22:28:20.4109106Z       timeout (>= 0.4.0)
2025-10-29T22:28:20.4109451Z     activestorage (8.0.4)
2025-10-29T22:28:20.4109793Z       actionpack (= 8.0.4)
2025-10-29T22:28:20.4110344Z       activejob (= 8.0.4)
2025-10-29T22:28:20.4110665Z       activerecord (= 8.0.4)
2025-10-29T22:28:20.4111037Z       activesupport (= 8.0.4)
2025-10-29T22:28:20.4111410Z       marcel (~> 1.0)
2025-10-29T22:28:20.4111738Z     activesupport (8.0.4)
2025-10-29T22:28:20.4112070Z       base64
2025-10-29T22:28:20.4112392Z       benchmark (>= 0.3)
2025-10-29T22:28:20.4112865Z       bigdecimal
2025-10-29T22:28:20.4113195Z       concurrent-ruby (~> 1.0, >= 1.3.1)
2025-10-29T22:28:20.4113634Z       connection_pool (>= 2.2.5)
2025-10-29T22:28:20.4114001Z       drb
2025-10-29T22:28:20.4114271Z       i18n (>= 1.6, < 2)
2025-10-29T22:28:20.4114624Z       logger (>= 1.4.2)
2025-10-29T22:28:20.4114950Z       minitest (>= 5.1)
2025-10-29T22:28:20.4115294Z       securerandom (>= 0.3)
2025-10-29T22:28:20.4115646Z       tzinfo (~> 2.0, >= 2.0.5)
2025-10-29T22:28:20.4115991Z       uri (>= 0.13.1)
2025-10-29T22:28:20.4116309Z     addressable (2.8.7)
2025-10-29T22:28:20.4116671Z       public_suffix (>= 2.0.2, < 7.0)
2025-10-29T22:28:20.4117072Z     ast (2.4.3)
2025-10-29T22:28:20.4117373Z     base64 (0.3.0)
2025-10-29T22:28:20.4117690Z     benchmark (0.5.0)
2025-10-29T22:28:20.4118274Z     bigdecimal (3.3.1)
2025-10-29T22:28:20.4118620Z     blueprinter (1.2.1)
2025-10-29T22:28:20.4118956Z     brakeman (6.2.2)
2025-10-29T22:28:20.4119274Z       racc
2025-10-29T22:28:20.4119559Z     builder (3.3.0)
2025-10-29T22:28:20.4119891Z     bundler-audit (0.9.2)
2025-10-29T22:28:20.4120480Z       bundler (>= 1.2.0, < 3)
2025-10-29T22:28:20.4120858Z       thor (~> 1.0)
2025-10-29T22:28:20.4121174Z     concurrent-ruby (1.3.5)
2025-10-29T22:28:20.4121545Z     connection_pool (2.5.4)
2025-10-29T22:28:20.4121905Z     crass (1.0.6)
2025-10-29T22:28:20.4122207Z     csv (3.3.5)
2025-10-29T22:28:20.4122505Z     date (3.4.1)
2025-10-29T22:28:20.4122800Z     debug (1.11.0)
2025-10-29T22:28:20.4123108Z       irb (~> 1.10)
2025-10-29T22:28:20.4123402Z       reline (>= 0.3.8)
2025-10-29T22:28:20.4123728Z     diff-lcs (1.6.2)
2025-10-29T22:28:20.4124048Z     docile (1.4.1)
2025-10-29T22:28:20.4124348Z     dotenv (3.1.8)
2025-10-29T22:28:20.4124677Z     dotenv-rails (3.1.8)
2025-10-29T22:28:20.4125033Z       dotenv (= 3.1.8)
2025-10-29T22:28:20.4125354Z       railties (>= 6.1)
2025-10-29T22:28:20.4125676Z     drb (2.2.3)
2025-10-29T22:28:20.4125969Z     dry-configurable (1.3.0)
2025-10-29T22:28:20.4126340Z       dry-core (~> 1.1)
2025-10-29T22:28:20.4126676Z       zeitwerk (~> 2.6)
2025-10-29T22:28:20.4126997Z     dry-core (1.1.0)
2025-10-29T22:28:20.4127330Z       concurrent-ruby (~> 1.0)
2025-10-29T22:28:20.4127677Z       logger
2025-10-29T22:28:20.4127934Z       zeitwerk (~> 2.6)
2025-10-29T22:28:20.4128513Z     dry-inflector (1.2.0)
2025-10-29T22:28:20.4128894Z     dry-initializer (3.2.0)
2025-10-29T22:28:20.4129256Z     dry-logic (1.6.0)
2025-10-29T22:28:20.4129595Z       bigdecimal
2025-10-29T22:28:20.4129914Z       concurrent-ruby (~> 1.0)
2025-10-29T22:28:20.4130465Z       dry-core (~> 1.1)
2025-10-29T22:28:20.4130764Z       zeitwerk (~> 2.6)
2025-10-29T22:28:20.4131055Z     dry-schema (1.14.1)
2025-10-29T22:28:20.4131383Z       concurrent-ruby (~> 1.0)
2025-10-29T22:28:20.4131781Z       dry-configurable (~> 1.0, >= 1.0.1)
2025-10-29T22:28:20.4132193Z       dry-core (~> 1.1)
2025-10-29T22:28:20.4132590Z       dry-initializer (~> 3.2)
2025-10-29T22:28:20.4132957Z       dry-logic (~> 1.5)
2025-10-29T22:28:20.4133295Z       dry-types (~> 1.8)
2025-10-29T22:28:20.4133638Z       zeitwerk (~> 2.6)
2025-10-29T22:28:20.4133955Z     dry-types (1.8.3)
2025-10-29T22:28:20.4134301Z       bigdecimal (~> 3.0)
2025-10-29T22:28:20.4134659Z       concurrent-ruby (~> 1.0)
2025-10-29T22:28:20.4135038Z       dry-core (~> 1.0)
2025-10-29T22:28:20.4135384Z       dry-inflector (~> 1.0)
2025-10-29T22:28:20.4135761Z       dry-logic (~> 1.4)
2025-10-29T22:28:20.4136115Z       zeitwerk (~> 2.6)
2025-10-29T22:28:20.4136428Z     erb (5.1.3)
2025-10-29T22:28:20.4136733Z     erubi (1.13.1)
2025-10-29T22:28:20.4137042Z     factory_bot (6.5.6)
2025-10-29T22:28:20.4137401Z       activesupport (>= 6.1.0)
2025-10-29T22:28:20.4137791Z     factory_bot_rails (6.5.1)
2025-10-29T22:28:20.4138187Z       factory_bot (~> 6.5)
2025-10-29T22:28:20.4217069Z       railties (>= 6.1.0)
2025-10-29T22:28:20.4217470Z     faker (3.5.2)
2025-10-29T22:28:20.4217784Z       i18n (>= 1.8.11, < 2)
2025-10-29T22:28:20.4218185Z     globalid (1.3.0)
2025-10-29T22:28:20.4218601Z       activesupport (>= 6.1)
2025-10-29T22:28:20.4219057Z     highline (3.1.2)
2025-10-29T22:28:20.4219417Z       reline
2025-10-29T22:28:20.4219727Z     i18n (1.14.7)
2025-10-29T22:28:20.4220271Z       concurrent-ruby (~> 1.0)
2025-10-29T22:28:20.4220662Z     i18n-tasks (1.0.15)
2025-10-29T22:28:20.4221021Z       activesupport (>= 4.0.2)
2025-10-29T22:28:20.4221448Z       ast (>= 2.1.0)
2025-10-29T22:28:20.4221735Z       erubi
2025-10-29T22:28:20.4221993Z       highline (>= 2.0.0)
2025-10-29T22:28:20.4222298Z       i18n
2025-10-29T22:28:20.4222551Z       parser (>= 3.2.2.1)
2025-10-29T22:28:20.4222853Z       rails-i18n
2025-10-29T22:28:20.4223108Z       rainbow (>= 2.2.2, < 4.0)
2025-10-29T22:28:20.4223496Z       ruby-progressbar (~> 1.8, >= 1.8.1)
2025-10-29T22:28:20.4224166Z       terminal-table (>= 1.5.1)
2025-10-29T22:28:20.4224522Z     io-console (0.8.1)
2025-10-29T22:28:20.4224815Z     irb (1.15.2)
2025-10-29T22:28:20.4225111Z       pp (>= 0.6.0)
2025-10-29T22:28:20.4225394Z       rdoc (>= 4.0.0)
2025-10-29T22:28:20.4225714Z       reline (>= 0.4.2)
2025-10-29T22:28:20.4226019Z     json (2.15.2)
2025-10-29T22:28:20.4226295Z     json-schema (5.2.2)
2025-10-29T22:28:20.4226621Z       addressable (~> 2.8)
2025-10-29T22:28:20.4226955Z       bigdecimal (~> 3.1)
2025-10-29T22:28:20.4227290Z     kind (5.10.0)
2025-10-29T22:28:20.4227626Z     language_server-protocol (3.17.0.5)
2025-10-29T22:28:20.4228051Z     license_finder (7.2.1)
2025-10-29T22:28:20.4228382Z       bundler
2025-10-29T22:28:20.4228664Z       csv (~> 3.2)
2025-10-29T22:28:20.4228968Z       rubyzip (>= 1, < 3)
2025-10-29T22:28:20.4229310Z       thor (~> 1.2)
2025-10-29T22:28:20.4229614Z       tomlrb (>= 1.3, < 2.1)
2025-10-29T22:28:20.4229978Z       with_env (= 1.1.0)
2025-10-29T22:28:20.4230499Z       xml-simple (~> 1.1.9)
2025-10-29T22:28:20.4230876Z     lint_roller (1.1.0)
2025-10-29T22:28:20.4231219Z     logger (1.7.0)
2025-10-29T22:28:20.4231552Z     loofah (2.24.1)
2025-10-29T22:28:20.4231841Z       crass (~> 1.0.2)
2025-10-29T22:28:20.4232191Z       nokogiri (>= 1.12.0)
2025-10-29T22:28:20.4232603Z     mail (2.9.0)
2025-10-29T22:28:20.4232895Z       logger
2025-10-29T22:28:20.4233155Z       mini_mime (>= 0.1.1)
2025-10-29T22:28:20.4233441Z       net-imap
2025-10-29T22:28:20.4233706Z       net-pop
2025-10-29T22:28:20.4234229Z       net-smtp
2025-10-29T22:28:20.4234524Z     marcel (1.1.0)
2025-10-29T22:28:20.4234817Z     mini_mime (1.1.5)
2025-10-29T22:28:20.4235124Z     minitest (5.26.0)
2025-10-29T22:28:20.4235446Z     net-imap (0.5.12)
2025-10-29T22:28:20.4235787Z       date
2025-10-29T22:28:20.4236062Z       net-protocol
2025-10-29T22:28:20.4236369Z     net-pop (0.1.2)
2025-10-29T22:28:20.4236639Z       net-protocol
2025-10-29T22:28:20.4236945Z     net-protocol (0.2.2)
2025-10-29T22:28:20.4237268Z       timeout
2025-10-29T22:28:20.4237581Z     net-smtp (0.5.1)
2025-10-29T22:28:20.4237911Z       net-protocol
2025-10-29T22:28:20.4238216Z     nio4r (2.7.4)
2025-10-29T22:28:20.4238673Z     nokogiri (1.18.10-aarch64-linux-gnu)
2025-10-29T22:28:20.4239100Z       racc (~> 1.4)
2025-10-29T22:28:20.4239448Z     nokogiri (1.18.10-aarch64-linux-musl)
2025-10-29T22:28:20.4239866Z       racc (~> 1.4)
2025-10-29T22:28:20.4240399Z     nokogiri (1.18.10-arm-linux-gnu)
2025-10-29T22:28:20.4240791Z       racc (~> 1.4)
2025-10-29T22:28:20.4241144Z     nokogiri (1.18.10-arm-linux-musl)
2025-10-29T22:28:20.4241538Z       racc (~> 1.4)
2025-10-29T22:28:20.4241862Z     nokogiri (1.18.10-arm64-darwin)
2025-10-29T22:28:20.4242197Z       racc (~> 1.4)
2025-10-29T22:28:20.4242389Z     nokogiri (1.18.10-x86_64-darwin)
2025-10-29T22:28:20.4242604Z       racc (~> 1.4)
2025-10-29T22:28:20.4242791Z     nokogiri (1.18.10-x86_64-linux-gnu)
2025-10-29T22:28:20.4243026Z       racc (~> 1.4)
2025-10-29T22:28:20.4243214Z     nokogiri (1.18.10-x86_64-linux-musl)
2025-10-29T22:28:20.4243453Z       racc (~> 1.4)
2025-10-29T22:28:20.4243616Z     ostruct (0.6.3)
2025-10-29T22:28:20.4243798Z     pagy (6.5.0)
2025-10-29T22:28:20.4243981Z     parallel (1.27.0)
2025-10-29T22:28:20.4244171Z     parser (3.3.10.0)
2025-10-29T22:28:20.4244342Z       ast (~> 2.4.1)
2025-10-29T22:28:20.4244516Z       racc
2025-10-29T22:28:20.4244670Z     pg (1.6.2)
2025-10-29T22:28:20.4244850Z     pg (1.6.2-aarch64-linux)
2025-10-29T22:28:20.4245083Z     pg (1.6.2-aarch64-linux-musl)
2025-10-29T22:28:20.4245315Z     pg (1.6.2-arm64-darwin)
2025-10-29T22:28:20.4245522Z     pg (1.6.2-x86_64-darwin)
2025-10-29T22:28:20.4245716Z     pg (1.6.2-x86_64-linux)
2025-10-29T22:28:20.4245917Z     pg (1.6.2-x86_64-linux-musl)
2025-10-29T22:28:20.4246120Z     pp (0.6.3)
2025-10-29T22:28:20.4246287Z       prettyprint
2025-10-29T22:28:20.4246463Z     prettyprint (0.2.0)
2025-10-29T22:28:20.4246648Z     prism (1.6.0)
2025-10-29T22:28:20.4246854Z     psych (5.2.6)
2025-10-29T22:28:20.4247019Z       date
2025-10-29T22:28:20.4247344Z       stringio
2025-10-29T22:28:20.4247520Z     public_suffix (6.0.2)
2025-10-29T22:28:20.4247717Z     puma (7.1.0)
2025-10-29T22:28:20.4247880Z       nio4r (~> 2.0)
2025-10-29T22:28:20.4248054Z     racc (1.8.1)
2025-10-29T22:28:20.4248214Z     rack (3.2.3)
2025-10-29T22:28:20.4248394Z     rack-session (2.1.1)
2025-10-29T22:28:20.4248583Z       base64 (>= 0.1.0)
2025-10-29T22:28:20.4248771Z       rack (>= 3.0.0)
2025-10-29T22:28:20.4248946Z     rack-test (2.2.0)
2025-10-29T22:28:20.4249130Z       rack (>= 1.3)
2025-10-29T22:28:20.4249295Z     rackup (2.2.1)
2025-10-29T22:28:20.4249467Z       rack (>= 3)
2025-10-29T22:28:20.4249629Z     rails (8.0.4)
2025-10-29T22:28:20.4249805Z       actioncable (= 8.0.4)
2025-10-29T22:28:20.4250005Z       actionmailbox (= 8.0.4)
2025-10-29T22:28:20.4250525Z       actionmailer (= 8.0.4)
2025-10-29T22:28:20.4250737Z       actionpack (= 8.0.4)
2025-10-29T22:28:20.4250930Z       actiontext (= 8.0.4)
2025-10-29T22:28:20.4251125Z       actionview (= 8.0.4)
2025-10-29T22:28:20.4251321Z       activejob (= 8.0.4)
2025-10-29T22:28:20.4251517Z       activemodel (= 8.0.4)
2025-10-29T22:28:20.4251709Z       activerecord (= 8.0.4)
2025-10-29T22:28:20.4251914Z       activestorage (= 8.0.4)
2025-10-29T22:28:20.4252118Z       activesupport (= 8.0.4)
2025-10-29T22:28:20.4252324Z       bundler (>= 1.15.0)
2025-10-29T22:28:20.4252508Z       railties (= 8.0.4)
2025-10-29T22:28:20.4252708Z     rails-dom-testing (2.3.0)
2025-10-29T22:28:20.4252924Z       activesupport (>= 5.0.0)
2025-10-29T22:28:20.4253249Z       minitest
2025-10-29T22:28:20.4253425Z       nokogiri (>= 1.6)
2025-10-29T22:28:20.4253674Z     rails-html-sanitizer (1.6.2)
2025-10-29T22:28:20.4254044Z       loofah (~> 2.21)
2025-10-29T22:28:20.4254575Z       nokogiri (>= 1.15.7, != 1.16.7, != 1.16.6, != 1.16.5, != 1.16.4, != 1.16.3, != 1.16.2, != 1.16.1, != 1.16.0.rc1, != 1.16.0)
2025-10-29T22:28:20.4255206Z     rails-i18n (8.0.2)
2025-10-29T22:28:20.4255545Z       i18n (>= 0.7, < 2)
2025-10-29T22:28:20.4255894Z       railties (>= 8.0.0, < 9)
2025-10-29T22:28:20.4256247Z     railties (8.0.4)
2025-10-29T22:28:20.4256486Z       actionpack (= 8.0.4)
2025-10-29T22:28:20.4256695Z       activesupport (= 8.0.4)
2025-10-29T22:28:20.4256895Z       irb (~> 1.13)
2025-10-29T22:28:20.4257077Z       rackup (>= 1.0.0)
2025-10-29T22:28:20.4257334Z       rake (>= 12.2)
2025-10-29T22:28:20.4257512Z       thor (~> 1.0, >= 1.2.2)
2025-10-29T22:28:20.4257703Z       tsort (>= 0.2)
2025-10-29T22:28:20.4257881Z       zeitwerk (~> 2.6)
2025-10-29T22:28:20.4258063Z     rainbow (3.1.1)
2025-10-29T22:28:20.4258233Z     rake (13.3.0)
2025-10-29T22:28:20.4258394Z     rdoc (6.15.0)
2025-10-29T22:28:20.4258557Z       erb
2025-10-29T22:28:20.4258709Z       psych (>= 4.0.0)
2025-10-29T22:28:20.4258887Z       tsort
2025-10-29T22:28:20.4259045Z     reek (6.5.0)
2025-10-29T22:28:20.4259210Z       dry-schema (~> 1.13)
2025-10-29T22:28:20.4259407Z       logger (~> 1.6)
2025-10-29T22:28:20.4259584Z       parser (~> 3.3.0)
2025-10-29T22:28:20.4259776Z       rainbow (>= 2.0, < 4.0)
2025-10-29T22:28:20.4259966Z       rexml (~> 3.1)
2025-10-29T22:28:20.4260758Z     regexp_parser (2.11.3)
2025-10-29T22:28:20.4260960Z     reline (0.6.2)
2025-10-29T22:28:20.4261148Z       io-console (~> 0.5)
2025-10-29T22:28:20.4261333Z     rexml (3.4.4)
2025-10-29T22:28:20.4261511Z     rspec-core (3.13.6)
2025-10-29T22:28:20.4261701Z       rspec-support (~> 3.13.0)
2025-10-29T22:28:20.4261932Z     rspec-expectations (3.13.5)
2025-10-29T22:28:20.4262154Z       diff-lcs (>= 1.2.0, < 2.0)
2025-10-29T22:28:20.4262378Z       rspec-support (~> 3.13.0)
2025-10-29T22:28:20.4262592Z     rspec-mocks (3.13.6)
2025-10-29T22:28:20.4262786Z       diff-lcs (>= 1.2.0, < 2.0)
2025-10-29T22:28:20.4262999Z       rspec-support (~> 3.13.0)
2025-10-29T22:28:20.4263197Z     rspec-rails (6.1.5)
2025-10-29T22:28:20.4263386Z       actionpack (>= 6.1)
2025-10-29T22:28:20.4263578Z       activesupport (>= 6.1)
2025-10-29T22:28:20.4263785Z       railties (>= 6.1)
2025-10-29T22:28:20.4263965Z       rspec-core (~> 3.13)
2025-10-29T22:28:20.4264339Z       rspec-expectations (~> 3.13)
2025-10-29T22:28:20.4264565Z       rspec-mocks (~> 3.13)
2025-10-29T22:28:20.4264766Z       rspec-support (~> 3.13)
2025-10-29T22:28:20.4264975Z     rspec-support (3.13.6)
2025-10-29T22:28:20.4265175Z     rspec_junit_formatter (0.6.0)
2025-10-29T22:28:20.4265404Z       rspec-core (>= 2, < 4, != 2.12.0)
2025-10-29T22:28:20.4265628Z     rswag-api (2.16.0)
2025-10-29T22:28:20.4265826Z       activesupport (>= 5.2, < 8.1)
2025-10-29T22:28:20.4266047Z       railties (>= 5.2, < 8.1)
2025-10-29T22:28:20.4266250Z     rswag-specs (2.16.0)
2025-10-29T22:28:20.4266444Z       activesupport (>= 5.2, < 8.1)
2025-10-29T22:28:20.4266667Z       json-schema (>= 2.2, < 6.0)
2025-10-29T22:28:20.4266895Z       railties (>= 5.2, < 8.1)
2025-10-29T22:28:20.4267102Z       rspec-core (>= 2.14)
2025-10-29T22:28:20.4267300Z     rswag-ui (2.16.0)
2025-10-29T22:28:20.4267489Z       actionpack (>= 5.2, < 8.1)
2025-10-29T22:28:20.4267704Z       railties (>= 5.2, < 8.1)
2025-10-29T22:28:20.4267907Z     rubocop (1.81.6)
2025-10-29T22:28:20.4268084Z       json (~> 2.3)
2025-10-29T22:28:20.4268282Z       language_server-protocol (~> 3.17.0.2)
2025-10-29T22:28:20.4268529Z       lint_roller (~> 1.1.0)
2025-10-29T22:28:20.4268732Z       parallel (~> 1.10)
2025-10-29T22:28:20.4268929Z       parser (>= 3.3.0.2)
2025-10-29T22:28:20.4269122Z       rainbow (>= 2.2.2, < 4.0)
2025-10-29T22:28:20.4269347Z       regexp_parser (>= 2.9.3, < 3.0)
2025-10-29T22:28:20.4269577Z       rubocop-ast (>= 1.47.1, < 2.0)
2025-10-29T22:28:20.4269918Z       ruby-progressbar (~> 1.7)
2025-10-29T22:28:20.4270329Z       unicode-display_width (>= 2.4.0, < 4.0)
2025-10-29T22:28:20.4270575Z     rubocop-ast (1.47.1)
2025-10-29T22:28:20.4270773Z       parser (>= 3.3.7.2)
2025-10-29T22:28:20.4270959Z       prism (~> 1.4)
2025-10-29T22:28:20.4271149Z     rubocop-capybara (2.22.1)
2025-10-29T22:28:20.4271353Z       lint_roller (~> 1.1)
2025-10-29T22:28:20.4271553Z       rubocop (~> 1.72, >= 1.72.1)
2025-10-29T22:28:20.4271778Z     rubocop-factory_bot (2.27.1)
2025-10-29T22:28:20.4271989Z       lint_roller (~> 1.1)
2025-10-29T22:28:20.4272179Z       rubocop (~> 1.72, >= 1.72.1)
2025-10-29T22:28:20.4272391Z     rubocop-rails (2.33.4)
2025-10-29T22:28:20.4272588Z       activesupport (>= 4.2.0)
2025-10-29T22:28:20.4272796Z       lint_roller (~> 1.1)
2025-10-29T22:28:20.4272981Z       rack (>= 1.1)
2025-10-29T22:28:20.4273152Z       rubocop (>= 1.75.0, < 2.0)
2025-10-29T22:28:20.4273367Z       rubocop-ast (>= 1.44.0, < 2.0)
2025-10-29T22:28:20.4273592Z     rubocop-rspec (2.31.0)
2025-10-29T22:28:20.4273787Z       rubocop (~> 1.40)
2025-10-29T22:28:20.4273981Z       rubocop-capybara (~> 2.17)
2025-10-29T22:28:20.4274203Z       rubocop-factory_bot (~> 2.22)
2025-10-29T22:28:20.4274430Z       rubocop-rspec_rails (~> 2.28)
2025-10-29T22:28:20.4274658Z     rubocop-rspec_rails (2.29.1)
2025-10-29T22:28:20.4274865Z       rubocop (~> 1.61)
2025-10-29T22:28:20.4275062Z     ruby-progressbar (1.13.0)
2025-10-29T22:28:20.4275276Z     rubyzip (2.4.1)
2025-10-29T22:28:20.4275454Z     securerandom (0.4.1)
2025-10-29T22:28:20.4275658Z     shoulda-matchers (6.5.0)
2025-10-29T22:28:20.4275869Z       activesupport (>= 5.2.0)
2025-10-29T22:28:20.4276077Z     simplecov (0.22.0)
2025-10-29T22:28:20.4276257Z       docile (~> 1.1)
2025-10-29T22:28:20.4276446Z       simplecov-html (~> 0.11)
2025-10-29T22:28:20.4276664Z       simplecov_json_formatter (~> 0.1)
2025-10-29T22:28:20.4276906Z     simplecov-html (0.13.2)
2025-10-29T22:28:20.4277119Z     simplecov_json_formatter (0.1.4)
2025-10-29T22:28:20.4277344Z     stringio (3.1.7)
2025-10-29T22:28:20.4277530Z     terminal-table (4.0.0)
2025-10-29T22:28:20.4277739Z       unicode-display_width (>= 1.1.1, < 4)
2025-10-29T22:28:20.4277972Z     thor (1.4.0)
2025-10-29T22:28:20.4278136Z     timeout (0.4.3)
2025-10-29T22:28:20.4278310Z     tomlrb (2.0.3)
2025-10-29T22:28:20.4278476Z     tsort (0.2.0)
2025-10-29T22:28:20.4278647Z     tzinfo (2.0.6)
2025-10-29T22:28:20.4278824Z       concurrent-ruby (~> 1.0)
2025-10-29T22:28:20.4279199Z     u-attributes (2.8.0)
2025-10-29T22:28:20.4279386Z       kind (>= 4.0, < 6.0)
2025-10-29T22:28:20.4279587Z     u-case (4.5.2)
2025-10-29T22:28:20.4279755Z       kind (>= 5.6, < 6.0)
2025-10-29T22:28:20.4279955Z       u-attributes (>= 2.7, < 3.0)
2025-10-29T22:28:20.4280414Z     unicode-display_width (3.2.0)
2025-10-29T22:28:20.4280640Z       unicode-emoji (~> 4.1)
2025-10-29T22:28:20.4280850Z     unicode-emoji (4.1.0)
2025-10-29T22:28:20.4281037Z     uri (1.0.4)
2025-10-29T22:28:20.4281217Z     useragent (0.16.11)
2025-10-29T22:28:20.4281406Z     websocket-driver (0.8.0)
2025-10-29T22:28:20.4281598Z       base64
2025-10-29T22:28:20.4281774Z       websocket-extensions (>= 0.1.0)
2025-10-29T22:28:20.4282014Z     websocket-extensions (0.1.5)
2025-10-29T22:28:20.4282219Z     with_env (1.1.0)
2025-10-29T22:28:20.4282401Z     xml-simple (1.1.9)
2025-10-29T22:28:20.4282580Z       rexml
2025-10-29T22:28:20.4282736Z     zeitwerk (2.7.3)
2025-10-29T22:28:20.4282846Z 
2025-10-29T22:28:20.4282931Z PLATFORMS
2025-10-29T22:28:20.4283085Z   aarch64-linux
2025-10-29T22:28:20.4283254Z   aarch64-linux-gnu
2025-10-29T22:28:20.4283423Z   aarch64-linux-musl
2025-10-29T22:28:20.4283594Z   arm-linux-gnu
2025-10-29T22:28:20.4283753Z   arm-linux-musl
2025-10-29T22:28:20.4283918Z   arm64-darwin
2025-10-29T22:28:20.4284076Z   x86_64-darwin
2025-10-29T22:28:20.4284234Z   x86_64-linux
2025-10-29T22:28:20.4284387Z   x86_64-linux-gnu
2025-10-29T22:28:20.4284557Z   x86_64-linux-musl
2025-10-29T22:28:20.4284660Z 
2025-10-29T22:28:20.4284849Z DEPENDENCIES
2025-10-29T22:28:20.4285023Z   blueprinter (~> 1.0)
2025-10-29T22:28:20.4285205Z   brakeman (~> 6.1)
2025-10-29T22:28:20.4285375Z   bundler-audit (~> 0.9)
2025-10-29T22:28:20.4285562Z   debug
2025-10-29T22:28:20.4285710Z   dotenv-rails
2025-10-29T22:28:20.4285889Z   factory_bot_rails (~> 6.4)
2025-10-29T22:28:20.4286082Z   faker (~> 3.2)
2025-10-29T22:28:20.4286250Z   i18n-tasks
2025-10-29T22:28:20.4286405Z   license_finder
2025-10-29T22:28:20.4286572Z   ostruct
2025-10-29T22:28:20.4286727Z   pagy (~> 6.0)
2025-10-29T22:28:20.4286894Z   pg (~> 1.1)
2025-10-29T22:28:20.4287052Z   puma (>= 5.0)
2025-10-29T22:28:20.4287218Z   rails (~> 8.0.2)
2025-10-29T22:28:20.4287388Z   rails-i18n
2025-10-29T22:28:20.4287539Z   reek
2025-10-29T22:28:20.4287701Z   rspec-rails (~> 6.1)
2025-10-29T22:28:20.4287895Z   rspec_junit_formatter (~> 0.6)
2025-10-29T22:28:20.4288120Z   rswag-api (~> 2.13)
2025-10-29T22:28:20.4288300Z   rswag-specs (~> 2.13)
2025-10-29T22:28:20.4288490Z   rswag-ui (~> 2.13)
2025-10-29T22:28:20.4288674Z   rubocop (~> 1.59)
2025-10-29T22:28:20.4288859Z   rubocop-rails (~> 2.23)
2025-10-29T22:28:20.4289058Z   rubocop-rspec (~> 2.26)
2025-10-29T22:28:20.4289271Z   shoulda-matchers (~> 6.0)
2025-10-29T22:28:20.4289473Z   simplecov (~> 0.22)
2025-10-29T22:28:20.4289655Z   tzinfo-data
2025-10-29T22:28:20.4289820Z   u-case (~> 4.5)
2025-10-29T22:28:20.4289924Z 
2025-10-29T22:28:20.4289990Z BUNDLED WITH
2025-10-29T22:28:20.4290336Z    2.6.9
2025-10-29T22:28:20.4290787Z ##[endgroup]
2025-10-29T22:28:20.4291629Z Cache key: setup-ruby-bundler-cache-v6-ubuntu-24.04-x64-ruby-3.3.10-wd-/home/runner/work/restaurant/restaurant-with--without--only--Gemfile.lock-d55fc1d3465e457c9082700b0ff103cce4170f5a7a5755fdbc99aa04b04c6fe6
2025-10-29T22:28:20.5723157Z Cache hit for: setup-ruby-bundler-cache-v6-ubuntu-24.04-x64-ruby-3.3.10-wd-/home/runner/work/restaurant/restaurant-with--without--only--Gemfile.lock-d55fc1d3465e457c9082700b0ff103cce4170f5a7a5755fdbc99aa04b04c6fe6
2025-10-29T22:28:21.7066367Z Received 58822349 of 58822349 (100.0%), 58.4 MBs/sec
2025-10-29T22:28:21.7068537Z Cache Size: ~56 MB (58822349 B)
2025-10-29T22:28:21.7168920Z [command]/usr/bin/tar -xf /home/runner/work/_temp/cac42829-837e-4993-a634-d370f884fd3d/cache.tzst -P -C /home/runner/work/restaurant/restaurant --use-compress-program unzstd
2025-10-29T22:28:22.2628150Z Cache restored successfully
2025-10-29T22:28:22.2753191Z Found cache for key: setup-ruby-bundler-cache-v6-ubuntu-24.04-x64-ruby-3.3.10-wd-/home/runner/work/restaurant/restaurant-with--without--only--Gemfile.lock-d55fc1d3465e457c9082700b0ff103cce4170f5a7a5755fdbc99aa04b04c6fe6
2025-10-29T22:28:22.2765110Z [command]/opt/hostedtoolcache/Ruby/3.3.10/x64/bin/bundle install --jobs 4
2025-10-29T22:28:22.6145409Z Bundle complete! 28 Gemfile dependencies, 137 gems now installed.
2025-10-29T22:28:22.6147338Z Bundled gems are installed into `./vendor/bundle`
2025-10-29T22:28:22.6149370Z 1 installed gem you directly depend on is looking for funding.
2025-10-29T22:28:22.6149954Z   Run `bundle fund` for details
2025-10-29T22:28:22.6290651Z Took   2.53 seconds
2025-10-29T22:28:22.6402003Z ##[group]Run if bundle exec i18n-tasks health; then
2025-10-29T22:28:22.6402380Z [36;1mif bundle exec i18n-tasks health; then[0m
2025-10-29T22:28:22.6402649Z [36;1m  echo "i18n OK"[0m
2025-10-29T22:28:22.6402851Z [36;1melse[0m
2025-10-29T22:28:22.6403050Z [36;1m  echo "Problemas de i18n" && exit 1[0m
2025-10-29T22:28:22.6403306Z [36;1mfi[0m
2025-10-29T22:28:22.6439395Z shell: /usr/bin/bash -e {0}
2025-10-29T22:28:22.6439649Z ##[endgroup]
2025-10-29T22:28:23.2050452Z #StandWithUkraine
2025-10-29T22:28:23.2344695Z Forest (en, pt-BR) has 322 keys across 2 locales. On average, values are 17 characters long, keys have 3.6 segments, a locale has 161 keys.
2025-10-29T22:28:23.4844295Z ✓ Perfect! No translations are missing.
2025-10-29T22:28:23.5997665Z Unused keys (278) | i18n-tasks v1.0.15
2025-10-29T22:28:23.6302698Z +--------+------------------------------------------------------------------+------------------------------------------------------------------------------------------------------------------------------------+
2025-10-29T22:28:23.6303842Z | Locale | Key                                                              | Value                                                                                                                              |
2025-10-29T22:28:23.6304822Z +--------+------------------------------------------------------------------+------------------------------------------------------------------------------------------------------------------------------------+
2025-10-29T22:28:23.6306044Z |   en   | activerecord.attributes.menu.created_at                          | Created at                                                                                                                         |
2025-10-29T22:28:23.6307188Z |   en   | activerecord.attributes.menu.name                                | Name                                                                                                                               |
2025-10-29T22:28:23.6308364Z |   en   | activerecord.attributes.menu.restaurant                          | Restaurant                                                                                                                         |
2025-10-29T22:28:23.6309636Z |   en   | activerecord.attributes.menu.restaurant_id                       | Restaurant ID                                                                                                                      |
2025-10-29T22:28:23.6311125Z |   en   | activerecord.attributes.menu.updated_at                          | Updated at                                                                                                                         |
2025-10-29T22:28:23.6312338Z |   en   | activerecord.attributes.menu_item.created_at                     | Created at                                                                                                                         |
2025-10-29T22:28:23.6313510Z |   en   | activerecord.attributes.menu_item.name                           | Name                                                                                                                               |
2025-10-29T22:28:23.6314674Z |   en   | activerecord.attributes.menu_item.updated_at                     | Updated at                                                                                                                         |
2025-10-29T22:28:23.6316352Z |   en   | activerecord.attributes.menu_item_placement.created_at           | Created at                                                                                                                         |
2025-10-29T22:28:23.6317633Z |   en   | activerecord.attributes.menu_item_placement.menu                 | Menu                                                                                                                               |
2025-10-29T22:28:23.6319182Z |   en   | activerecord.attributes.menu_item_placement.menu_id              | Menu ID                                                                                                                            |
2025-10-29T22:28:23.6320649Z |   en   | activerecord.attributes.menu_item_placement.menu_item            | Menu Item                                                                                                                          |
2025-10-29T22:28:23.6321981Z |   en   | activerecord.attributes.menu_item_placement.menu_item_id         | Menu Item ID                                                                                                                       |
2025-10-29T22:28:23.6323295Z |   en   | activerecord.attributes.menu_item_placement.price                | Price                                                                                                                              |
2025-10-29T22:28:23.6324669Z |   en   | activerecord.attributes.menu_item_placement.updated_at           | Updated at                                                                                                                         |
2025-10-29T22:28:23.6325992Z |   en   | activerecord.attributes.restaurant.created_at                    | Created at                                                                                                                         |
2025-10-29T22:28:23.6327214Z |   en   | activerecord.attributes.restaurant.name                          | Name                                                                                                                               |
2025-10-29T22:28:23.6328446Z |   en   | activerecord.attributes.restaurant.updated_at                    | Updated at                                                                                                                         |
2025-10-29T22:28:23.6329816Z |   en   | activerecord.errors.messages.record_invalid                      | Validation failed: %{errors}                                                                                                       |
2025-10-29T22:28:23.6331647Z |   en   | activerecord.errors.messages.restrict_dependent_destroy.has_many | Cannot delete record because dependent %{record} exist                                                                             |
2025-10-29T22:28:23.6333586Z |   en   | activerecord.errors.messages.restrict_dependent_destroy.has_one  | Cannot delete record because a dependent %{record} exists                                                                          |
2025-10-29T22:28:23.6335095Z |   en   | activerecord.models.menu                                         | Menu                                                                                                                               |
2025-10-29T22:28:23.6336097Z |   en   | activerecord.models.menu_item                                    | Menu Item                                                                                                                          |
2025-10-29T22:28:23.6337234Z |   en   | activerecord.models.menu_item_placement                          | Menu Item Placement                                                                                                                |
2025-10-29T22:28:23.6338443Z |   en   | activerecord.models.restaurant                                   | Restaurant                                                                                                                         |
2025-10-29T22:28:23.6339511Z |   en   | date.abbr_day_names                                              | ["Sun", "Mon", "Tue", "Wed", "Thu", "Fri", "Sat"]                                                                                  |
2025-10-29T22:28:23.6340980Z |   en   | date.abbr_month_names                                            | [nil, "Jan", "Feb", "Mar", "Apr", "May", "Jun", "Jul", "Aug", "Sep", "Oct", "Nov", "Dec"]                                          |
2025-10-29T22:28:23.6342481Z |   en   | date.day_names                                                   | ["Sunday", "Monday", "Tuesday", "Wednesday", "Thursday", "Friday", "Saturday"]                                                     |
2025-10-29T22:28:23.6343764Z |   en   | date.formats.default                                             | %Y-%m-%d                                                                                                                           |
2025-10-29T22:28:23.6344626Z |   en   | date.formats.long                                                | %B %d, %Y                                                                                                                          |
2025-10-29T22:28:23.6345469Z |   en   | date.formats.short                                               | %b %d                                                                                                                              |
2025-10-29T22:28:23.6346598Z |   en   | date.month_names                                                 | [nil, "January", "February", "March", "April", "May", "June", "July", "August", "September", "October", "November", "December"]    |
2025-10-29T22:28:23.6347731Z |   en   | date.order                                                       | [:year, :month, :day]                                                                                                              |
2025-10-29T22:28:23.6348891Z |   en   | datetime.distance_in_words.about_x_hours                         | {"one"=>"about %{count} hour", "other"=>"about %{count} hours"}                                                                    |
2025-10-29T22:28:23.6350558Z |   en   | datetime.distance_in_words.about_x_months                        | {"one"=>"about %{count} month", "other"=>"about %{count} months"}                                                                  |
2025-10-29T22:28:23.6352049Z |   en   | datetime.distance_in_words.about_x_years                         | {"one"=>"about %{count} year", "other"=>"about %{count} years"}                                                                    |
2025-10-29T22:28:23.6353532Z |   en   | datetime.distance_in_words.almost_x_years                        | {"one"=>"almost %{count} year", "other"=>"almost %{count} years"}                                                                  |
2025-10-29T22:28:23.6354870Z |   en   | datetime.distance_in_words.half_a_minute                         | half a minute                                                                                                                      |
2025-10-29T22:28:23.6356278Z |   en   | datetime.distance_in_words.less_than_x_minutes                   | {"one"=>"less than a minute", "other"=>"less than %{count} minutes"}                                                               |
2025-10-29T22:28:23.6357888Z |   en   | datetime.distance_in_words.less_than_x_seconds                   | {"one"=>"less than %{count} second", "other"=>"less than %{count} seconds"}                                                        |
2025-10-29T22:28:23.6359402Z |   en   | datetime.distance_in_words.over_x_years                          | {"one"=>"over %{count} year", "other"=>"over %{count} years"}                                                                      |
2025-10-29T22:28:23.6360936Z |   en   | datetime.distance_in_words.x_days                                | {"one"=>"%{count} day", "other"=>"%{count} days"}                                                                                  |
2025-10-29T22:28:23.6362269Z |   en   | datetime.distance_in_words.x_minutes                             | {"one"=>"%{count} minute", "other"=>"%{count} minutes"}                                                                            |
2025-10-29T22:28:23.6363866Z |   en   | datetime.distance_in_words.x_months                              | {"one"=>"%{count} month", "other"=>"%{count} months"}                                                                              |
2025-10-29T22:28:23.6365408Z |   en   | datetime.distance_in_words.x_seconds                             | {"one"=>"%{count} second", "other"=>"%{count} seconds"}                                                                            |
2025-10-29T22:28:23.6366769Z |   en   | datetime.distance_in_words.x_years                               | {"one"=>"%{count} year", "other"=>"%{count} years"}                                                                                |
2025-10-29T22:28:23.6367874Z |   en   | datetime.prompts.day                                             | Day                                                                                                                                |
2025-10-29T22:28:23.6368796Z |   en   | datetime.prompts.hour                                            | Hour                                                                                                                               |
2025-10-29T22:28:23.6369753Z |   en   | datetime.prompts.minute                                          | Minute                                                                                                                             |
2025-10-29T22:28:23.6370933Z |   en   | datetime.prompts.month                                           | Month                                                                                                                              |
2025-10-29T22:28:23.6371899Z |   en   | datetime.prompts.second                                          | Second                                                                                                                             |
2025-10-29T22:28:23.6372855Z |   en   | datetime.prompts.year                                            | Year                                                                                                                               |
2025-10-29T22:28:23.6373800Z |   en   | errors.format                                                    | %{attribute} %{message}                                                                                                            |
2025-10-29T22:28:23.6374893Z |   en   | errors.menu_items.create_failed                                  | Failed to create menu item                                                                                                         |
2025-10-29T22:28:23.6376102Z |   en   | errors.menu_items.destroy_failed                                 | Failed to destroy menu item                                                                                                        |
2025-10-29T22:28:23.6377257Z |   en   | errors.menu_items.not_found                                      | Menu item not found                                                                                                                |
2025-10-29T22:28:23.6378397Z |   en   | errors.menu_items.update_failed                                  | Failed to update menu item                                                                                                         |
2025-10-29T22:28:23.6379563Z |   en   | errors.menus.create_failed                                       | Failed to create menu                                                                                                              |
2025-10-29T22:28:23.6380832Z |   en   | errors.menus.destroy_failed                                      | Failed to destroy menu                                                                                                             |
2025-10-29T22:28:23.6381891Z |   en   | errors.menus.not_found                                           | Menu not found                                                                                                                     |
2025-10-29T22:28:23.6383126Z |   en   | errors.menus.update_failed                                       | Failed to update menu                                                                                                              |
2025-10-29T22:28:23.6384370Z |   en   | errors.messages.accepted                                         | must be accepted                                                                                                                   |
2025-10-29T22:28:23.6385291Z |   en   | errors.messages.blank                                            | can't be blank                                                                                                                     |
2025-10-29T22:28:23.6386348Z |   en   | errors.messages.confirmation                                     | doesn't match %{attribute}                                                                                                         |
2025-10-29T22:28:23.6387407Z |   en   | errors.messages.empty                                            | can't be empty                                                                                                                     |
2025-10-29T22:28:23.6388371Z |   en   | errors.messages.equal_to                                         | must be equal to %{count}                                                                                                          |
2025-10-29T22:28:23.6389347Z |   en   | errors.messages.even                                             | must be even                                                                                                                       |
2025-10-29T22:28:23.6390559Z |   en   | errors.messages.exclusion                                        | is reserved                                                                                                                        |
2025-10-29T22:28:23.6391703Z |   en   | errors.messages.greater_than                                     | must be greater than %{count}                                                                                                      |
2025-10-29T22:28:23.6392983Z |   en   | errors.messages.greater_than_or_equal_to                         | must be greater than or equal to %{count}                                                                                          |
2025-10-29T22:28:23.6394131Z |   en   | errors.messages.in                                               | must be in %{count}                                                                                                                |
2025-10-29T22:28:23.6395195Z |   en   | errors.messages.inclusion                                        | is not included in the list                                                                                                        |
2025-10-29T22:28:23.6396273Z |   en   | errors.messages.invalid                                          | is invalid                                                                                                                         |
2025-10-29T22:28:23.6397318Z |   en   | errors.messages.less_than                                        | must be less than %{count}                                                                                                         |
2025-10-29T22:28:23.6398519Z |   en   | errors.messages.less_than_or_equal_to                            | must be less than or equal to %{count}                                                                                             |
2025-10-29T22:28:23.6399749Z |   en   | errors.messages.model_invalid                                    | Validation failed: %{errors}                                                                                                       |
2025-10-29T22:28:23.6401055Z |   en   | errors.messages.not_a_number                                     | is not a number                                                                                                                    |
2025-10-29T22:28:23.6402351Z |   en   | errors.messages.not_an_integer                                   | is not an integer                                                                                                                  |
2025-10-29T22:28:23.6403521Z |   en   | errors.messages.odd                                              | must be odd                                                                                                                        |
2025-10-29T22:28:23.6404560Z |   en   | errors.messages.other_than                                       | must be other than %{count}                                                                                                        |
2025-10-29T22:28:23.6405630Z |   en   | errors.messages.present                                          | must be blank                                                                                                                      |
2025-10-29T22:28:23.6406655Z |   en   | errors.messages.required                                         | must exist                                                                                                                         |
2025-10-29T22:28:23.6407687Z |   en   | errors.messages.taken                                            | has already been taken                                                                                                             |
2025-10-29T22:28:23.6408931Z |   en   | errors.messages.too_long                                         | {"one"=>"is too long (maximum is %{count} character)", "other"=>"is too long (maximum is %{count} characters)"}                    |
2025-10-29T22:28:23.6410602Z |   en   | errors.messages.too_short                                        | {"one"=>"is too short (minimum is %{count} character)", "other"=>"is too short (minimum is %{count} characters)"}                  |
2025-10-29T22:28:23.6412194Z |   en   | errors.messages.wrong_length                                     | {"one"=>"is the wrong length (should be %{count} character)", "other"=>"is the wrong length (should be %{count} characters)"}      |
2025-10-29T22:28:23.6413653Z |   en   | errors.restaurants.create_failed                                 | Failed to create restaurant                                                                                                        |
2025-10-29T22:28:23.6414959Z |   en   | errors.restaurants.destroy_failed                                | Failed to destroy restaurant                                                                                                       |
2025-10-29T22:28:23.6416210Z |   en   | errors.restaurants.not_found                                     | Restaurant not found                                                                                                               |
2025-10-29T22:28:23.6417440Z |   en   | errors.restaurants.update_failed                                 | Failed to update restaurant                                                                                                        |
2025-10-29T22:28:23.6418790Z |   en   | errors.template.body                                             | There were problems with the following fields:                                                                                     |
2025-10-29T22:28:23.6420383Z |   en   | errors.template.header                                           | {"one"=>"1 error prohibited this %{model} from being saved", "other"=>"%{count} errors prohibited this %{model} from being saved"} |
2025-10-29T22:28:23.6421765Z |   en   | errors.validation.invalid_price                                  | Invalid price                                                                                                                      |
2025-10-29T22:28:23.6422906Z |   en   | errors.validation.name_required                                  | Name can't be blank                                                                                                                |
2025-10-29T22:28:23.6424279Z |   en   | errors.validation.name_taken                                     | Name has already been taken                                                                                                        |
2025-10-29T22:28:23.6425675Z |   en   | errors.validation.price_negative                                 | Price cannot be negative                                                                                                           |
2025-10-29T22:28:23.6426845Z |   en   | number.currency.format.delimiter                                 | ,                                                                                                                                  |
2025-10-29T22:28:23.6427972Z |   en   | number.currency.format.format                                    | %u%n                                                                                                                               |
2025-10-29T22:28:23.6428968Z |   en   | number.currency.format.precision                                 | 2                                                                                                                                  |
2025-10-29T22:28:23.6429992Z |   en   | number.currency.format.separator                                 | .                                                                                                                                  |
2025-10-29T22:28:23.6431233Z |   en   | number.currency.format.significant                               | false                                                                                                                              |
2025-10-29T22:28:23.6432439Z |   en   | number.currency.format.strip_insignificant_zeros                 | false                                                                                                                              |
2025-10-29T22:28:23.6433516Z |   en   | number.currency.format.unit                                      | $                                                                                                                                  |
2025-10-29T22:28:23.6434435Z |   en   | number.format.delimiter                                          | ,                                                                                                                                  |
2025-10-29T22:28:23.6435330Z |   en   | number.format.precision                                          | 3                                                                                                                                  |
2025-10-29T22:28:23.6436260Z |   en   | number.format.round_mode                                         | default                                                                                                                            |
2025-10-29T22:28:23.6437182Z |   en   | number.format.separator                                          | .                                                                                                                                  |
2025-10-29T22:28:23.6438135Z |   en   | number.format.significant                                        | false                                                                                                                              |
2025-10-29T22:28:23.6439181Z |   en   | number.format.strip_insignificant_zeros                          | false                                                                                                                              |
2025-10-29T22:28:23.6440419Z |   en   | number.human.decimal_units.format                                | %n %u                                                                                                                              |
2025-10-29T22:28:23.6441520Z |   en   | number.human.decimal_units.units.billion                         | Billion                                                                                                                            |
2025-10-29T22:28:23.6442910Z |   en   | number.human.decimal_units.units.million                         | Million                                                                                                                            |
2025-10-29T22:28:23.6444407Z |   en   | number.human.decimal_units.units.quadrillion                     | Quadrillion                                                                                                                        |
2025-10-29T22:28:23.6445661Z |   en   | number.human.decimal_units.units.thousand                        | Thousand                                                                                                                           |
2025-10-29T22:28:23.6446849Z |   en   | number.human.decimal_units.units.trillion                        | Trillion                                                                                                                           |
2025-10-29T22:28:23.6447962Z |   en   | number.human.decimal_units.units.unit                            |                                                                                                                                    |
2025-10-29T22:28:23.6448951Z |   en   | number.human.format.delimiter                                    |                                                                                                                                    |
2025-10-29T22:28:23.6449935Z |   en   | number.human.format.precision                                    | 3                                                                                                                                  |
2025-10-29T22:28:23.6451068Z |   en   | number.human.format.significant                                  | true                                                                                                                               |
2025-10-29T22:28:23.6452133Z |   en   | number.human.format.strip_insignificant_zeros                    | true                                                                                                                               |
2025-10-29T22:28:23.6453205Z |   en   | number.human.storage_units.format                                | %n %u                                                                                                                              |
2025-10-29T22:28:23.6454317Z |   en   | number.human.storage_units.units.byte                            | {"one"=>"Byte", "other"=>"Bytes"}                                                                                                  |
2025-10-29T22:28:23.6455424Z |   en   | number.human.storage_units.units.eb                              | EB                                                                                                                                 |
2025-10-29T22:28:23.6456417Z |   en   | number.human.storage_units.units.gb                              | GB                                                                                                                                 |
2025-10-29T22:28:23.6457421Z |   en   | number.human.storage_units.units.kb                              | KB                                                                                                                                 |
2025-10-29T22:28:23.6458411Z |   en   | number.human.storage_units.units.mb                              | MB                                                                                                                                 |
2025-10-29T22:28:23.6459383Z |   en   | number.human.storage_units.units.pb                              | PB                                                                                                                                 |
2025-10-29T22:28:23.6460429Z |   en   | number.human.storage_units.units.tb                              | TB                                                                                                                                 |
2025-10-29T22:28:23.6461674Z |   en   | number.percentage.format.delimiter                               |                                                                                                                                    |
2025-10-29T22:28:23.6462653Z |   en   | number.percentage.format.format                                  | %n%                                                                                                                                |
2025-10-29T22:28:23.6463856Z |   en   | number.precision.format.delimiter                                |                                                                                                                                    |
2025-10-29T22:28:23.6464861Z |   en   | support.array.last_word_connector                                | , and                                                                                                                              |
2025-10-29T22:28:23.6465901Z |   en   | support.array.two_words_connector                                | and                                                                                                                                |
2025-10-29T22:28:23.6466894Z |   en   | support.array.words_connector                                    | ,                                                                                                                                  |
2025-10-29T22:28:23.6467731Z |   en   | time.am                                                          | am                                                                                                                                 |
2025-10-29T22:28:23.6468526Z |   en   | time.formats.default                                             | %a, %d %b %Y %H:%M:%S %z                                                                                                           |
2025-10-29T22:28:23.6469381Z |   en   | time.formats.long                                                | %B %d, %Y %H:%M                                                                                                                    |
2025-10-29T22:28:23.6470391Z |   en   | time.formats.short                                               | %d %b %H:%M                                                                                                                        |
2025-10-29T22:28:23.6471181Z |   en   | time.pm                                                          | pm                                                                                                                                 |
2025-10-29T22:28:23.6472141Z | pt-BR  | activerecord.attributes.menu.created_at                          | Criado em                                                                                                                          |
2025-10-29T22:28:23.6473299Z | pt-BR  | activerecord.attributes.menu.name                                | Nome                                                                                                                               |
2025-10-29T22:28:23.6474536Z | pt-BR  | activerecord.attributes.menu.restaurant                          | Restaurante                                                                                                                        |
2025-10-29T22:28:23.6475868Z | pt-BR  | activerecord.attributes.menu.restaurant_id                       | ID do Restaurante                                                                                                                  |
2025-10-29T22:28:23.6477138Z | pt-BR  | activerecord.attributes.menu.updated_at                          | Atualizado em                                                                                                                      |
2025-10-29T22:28:23.6478340Z | pt-BR  | activerecord.attributes.menu_item.created_at                     | Criado em                                                                                                                          |
2025-10-29T22:28:23.6479654Z | pt-BR  | activerecord.attributes.menu_item.name                           | Nome                                                                                                                               |
2025-10-29T22:28:23.6480992Z | pt-BR  | activerecord.attributes.menu_item.updated_at                     | Atualizado em                                                                                                                      |
2025-10-29T22:28:23.6482506Z | pt-BR  | activerecord.attributes.menu_item_placement.created_at           | Criado em                                                                                                                          |
2025-10-29T22:28:23.6483856Z | pt-BR  | activerecord.attributes.menu_item_placement.menu                 | Menu                                                                                                                               |
2025-10-29T22:28:23.6485164Z | pt-BR  | activerecord.attributes.menu_item_placement.menu_id              | ID do Menu                                                                                                                         |
2025-10-29T22:28:23.6486499Z | pt-BR  | activerecord.attributes.menu_item_placement.menu_item            | Item do Menu                                                                                                                       |
2025-10-29T22:28:23.6487793Z | pt-BR  | activerecord.attributes.menu_item_placement.menu_item_id         | ID do Item                                                                                                                         |
2025-10-29T22:28:23.6489538Z | pt-BR  | activerecord.attributes.menu_item_placement.price                | Preço                                                                                                                              |
2025-10-29T22:28:23.6491053Z | pt-BR  | activerecord.attributes.menu_item_placement.updated_at           | Atualizado em                                                                                                                      |
2025-10-29T22:28:23.6492403Z | pt-BR  | activerecord.attributes.restaurant.created_at                    | Criado em                                                                                                                          |
2025-10-29T22:28:23.6493675Z | pt-BR  | activerecord.attributes.restaurant.name                          | Nome                                                                                                                               |
2025-10-29T22:28:23.6494958Z | pt-BR  | activerecord.attributes.restaurant.updated_at                    | Atualizado em                                                                                                                      |
2025-10-29T22:28:23.6496662Z | pt-BR  | activerecord.errors.messages.record_invalid                      | A validação falhou: %{errors}                                                                                                      |
2025-10-29T22:28:23.6498676Z | pt-BR  | activerecord.errors.messages.restrict_dependent_destroy.has_many | Não é possível excluir o registro pois existem %{record} dependentes                                                               |
2025-10-29T22:28:23.6501206Z | pt-BR  | activerecord.errors.messages.restrict_dependent_destroy.has_one  | Não é possível excluir o registro pois existe um %{record} dependente                                                              |
2025-10-29T22:28:23.6502709Z | pt-BR  | activerecord.models.menu                                         | Menu                                                                                                                               |
2025-10-29T22:28:23.6503733Z | pt-BR  | activerecord.models.menu_item                                    | Item do Menu                                                                                                                       |
2025-10-29T22:28:23.6505133Z | pt-BR  | activerecord.models.menu_item_placement                          | Posicionamento de Item                                                                                                             |
2025-10-29T22:28:23.6506291Z | pt-BR  | activerecord.models.restaurant                                   | Restaurante                                                                                                                        |
2025-10-29T22:28:23.6507888Z | pt-BR  | date.abbr_day_names                                              | ["dom", "seg", "ter", "qua", "qui", "sex", "sáb"]                                                                                  |
2025-10-29T22:28:23.6509018Z | pt-BR  | date.abbr_month_names                                            | [nil, "jan", "fev", "mar", "abr", "mai", "jun", "jul", "ago", "set", "out", "nov", "dez"]                                          |
2025-10-29T22:28:23.6510882Z | pt-BR  | date.day_names                                                   | ["domingo", "segunda-feira", "terça-feira", "quarta-feira", "quinta-feira", "sexta-feira", "sábado"]                               |
2025-10-29T22:28:23.6512121Z | pt-BR  | date.formats.default                                             | %d/%m/%Y                                                                                                                           |
2025-10-29T22:28:23.6513034Z | pt-BR  | date.formats.long                                                | %d de %B de %Y                                                                                                                     |
2025-10-29T22:28:23.6513908Z | pt-BR  | date.formats.short                                               | %d de %B                                                                                                                           |
2025-10-29T22:28:23.6515413Z | pt-BR  | date.month_names                                                 | [nil, "janeiro", "fevereiro", "março", "abril", "maio", "junho", "julho", "agosto", "setembro", "outubro", "novembro", "dezembro"] |
2025-10-29T22:28:23.6516599Z | pt-BR  | date.order                                                       | [:day, :month, :year]                                                                                                              |
2025-10-29T22:28:23.6517919Z | pt-BR  | datetime.distance_in_words.about_x_hours                         | {"one"=>"aproximadamente %{count} hora", "other"=>"aproximadamente %{count} horas"}                                                |
2025-10-29T22:28:23.6519938Z | pt-BR  | datetime.distance_in_words.about_x_months                        | {"one"=>"aproximadamente %{count} mês", "other"=>"aproximadamente %{count} meses"}                                                 |
2025-10-29T22:28:23.6521835Z | pt-BR  | datetime.distance_in_words.about_x_years                         | {"one"=>"aproximadamente %{count} ano", "other"=>"aproximadamente %{count} anos"}                                                  |
2025-10-29T22:28:23.6523450Z | pt-BR  | datetime.distance_in_words.almost_x_years                        | {"one"=>"quase %{count} ano", "other"=>"quase %{count} anos"}                                                                      |
2025-10-29T22:28:23.6524789Z | pt-BR  | datetime.distance_in_words.half_a_minute                         | meio minuto                                                                                                                        |
2025-10-29T22:28:23.6526058Z | pt-BR  | datetime.distance_in_words.less_than_x_minutes                   | {"one"=>"menos de um minuto", "other"=>"menos de %{count} minutos"}                                                                |
2025-10-29T22:28:23.6527627Z | pt-BR  | datetime.distance_in_words.less_than_x_seconds                   | {"one"=>"menos de %{count} segundo", "other"=>"menos de %{count} segundos"}                                                        |
2025-10-29T22:28:23.6529371Z | pt-BR  | datetime.distance_in_words.over_x_years                          | {"one"=>"mais de %{count} ano", "other"=>"mais de %{count} anos"}                                                                  |
2025-10-29T22:28:23.6530812Z | pt-BR  | datetime.distance_in_words.x_days                                | {"one"=>"%{count} dia", "other"=>"%{count} dias"}                                                                                  |
2025-10-29T22:28:23.6531720Z | pt-BR  | datetime.distance_in_words.x_minutes                             | {"one"=>"%{count} minuto", "other"=>"%{count} minutos"}                                                                            |
2025-10-29T22:28:23.6532678Z | pt-BR  | datetime.distance_in_words.x_months                              | {"one"=>"%{count} mês", "other"=>"%{count} meses"}                                                                                 |
2025-10-29T22:28:23.6533442Z | pt-BR  | datetime.distance_in_words.x_seconds                             | {"one"=>"%{count} segundo", "other"=>"%{count} segundos"}                                                                          |
2025-10-29T22:28:23.6534200Z | pt-BR  | datetime.distance_in_words.x_years                               | {"one"=>"%{count} ano", "other"=>"%{count} anos"}                                                                                  |
2025-10-29T22:28:23.6534859Z | pt-BR  | datetime.prompts.day                                             | Dia                                                                                                                                |
2025-10-29T22:28:23.6535364Z | pt-BR  | datetime.prompts.hour                                            | Hora                                                                                                                               |
2025-10-29T22:28:23.6535903Z | pt-BR  | datetime.prompts.minute                                          | Minuto                                                                                                                             |
2025-10-29T22:28:23.6536564Z | pt-BR  | datetime.prompts.month                                           | Mês                                                                                                                                |
2025-10-29T22:28:23.6537100Z | pt-BR  | datetime.prompts.second                                          | Segundo                                                                                                                            |
2025-10-29T22:28:23.6537632Z | pt-BR  | datetime.prompts.year                                            | Ano                                                                                                                                |
2025-10-29T22:28:23.6538159Z | pt-BR  | errors.format                                                    | %{attribute} %{message}                                                                                                            |
2025-10-29T22:28:23.6538774Z | pt-BR  | errors.menu_items.create_failed                                  | Falha ao criar item do menu                                                                                                        |
2025-10-29T22:28:23.6539451Z | pt-BR  | errors.menu_items.destroy_failed                                 | Falha ao excluir item do menu                                                                                                      |
2025-10-29T22:28:23.6540451Z | pt-BR  | errors.menu_items.not_found                                      | Item do menu não encontrado                                                                                                        |
2025-10-29T22:28:23.6541128Z | pt-BR  | errors.menu_items.update_failed                                  | Falha ao atualizar item do menu                                                                                                    |
2025-10-29T22:28:23.6541933Z | pt-BR  | errors.menus.create_failed                                       | Falha ao criar menu                                                                                                                |
2025-10-29T22:28:23.6542559Z | pt-BR  | errors.menus.destroy_failed                                      | Falha ao excluir menu                                                                                                              |
2025-10-29T22:28:23.6543406Z | pt-BR  | errors.menus.not_found                                           | Menu não encontrado                                                                                                                |
2025-10-29T22:28:23.6544012Z | pt-BR  | errors.menus.update_failed                                       | Falha ao atualizar menu                                                                                                            |
2025-10-29T22:28:23.6544635Z | pt-BR  | errors.messages.accepted                                         | deve ser aceito                                                                                                                    |
2025-10-29T22:28:23.6545365Z | pt-BR  | errors.messages.blank                                            | não pode ficar em branco                                                                                                           |
2025-10-29T22:28:23.6546134Z | pt-BR  | errors.messages.confirmation                                     | não é igual a %{attribute}                                                                                                         |
2025-10-29T22:28:23.6546880Z | pt-BR  | errors.messages.empty                                            | não pode ficar vazio                                                                                                               |
2025-10-29T22:28:23.6547478Z | pt-BR  | errors.messages.equal_to                                         | deve ser igual a %{count}                                                                                                          |
2025-10-29T22:28:23.6548061Z | pt-BR  | errors.messages.even                                             | deve ser par                                                                                                                       |
2025-10-29T22:28:23.6548786Z | pt-BR  | errors.messages.exclusion                                        | não está disponível                                                                                                                |
2025-10-29T22:28:23.6549429Z | pt-BR  | errors.messages.greater_than                                     | deve ser maior que %{count}                                                                                                        |
2025-10-29T22:28:23.6550313Z | pt-BR  | errors.messages.greater_than_or_equal_to                         | deve ser maior ou igual a %{count}                                                                                                 |
2025-10-29T22:28:23.6550973Z | pt-BR  | errors.messages.in                                               | deve estar em %{count}                                                                                                             |
2025-10-29T22:28:23.6551701Z | pt-BR  | errors.messages.inclusion                                        | não está incluído na lista                                                                                                         |
2025-10-29T22:28:23.6552426Z | pt-BR  | errors.messages.invalid                                          | não é válido                                                                                                                       |
2025-10-29T22:28:23.6553013Z | pt-BR  | errors.messages.less_than                                        | deve ser menor que %{count}                                                                                                        |
2025-10-29T22:28:23.6553821Z | pt-BR  | errors.messages.less_than_or_equal_to                            | deve ser menor ou igual a %{count}                                                                                                 |
2025-10-29T22:28:23.6554644Z | pt-BR  | errors.messages.model_invalid                                    | A validação falhou: %{errors}                                                                                                      |
2025-10-29T22:28:23.6555504Z | pt-BR  | errors.messages.not_a_number                                     | não é um número                                                                                                                    |
2025-10-29T22:28:23.6556229Z | pt-BR  | errors.messages.not_an_integer                                   | não é um número inteiro                                                                                                            |
2025-10-29T22:28:23.6556938Z | pt-BR  | errors.messages.odd                                              | deve ser ímpar                                                                                                                     |
2025-10-29T22:28:23.6557546Z | pt-BR  | errors.messages.other_than                                       | deve ser diferente de %{count}                                                                                                     |
2025-10-29T22:28:23.6558191Z | pt-BR  | errors.messages.present                                          | deve ficar em branco                                                                                                               |
2025-10-29T22:28:23.6558922Z | pt-BR  | errors.messages.required                                         | é obrigatório(a)                                                                                                                   |
2025-10-29T22:28:23.6559608Z | pt-BR  | errors.messages.taken                                            | já está em uso                                                                                                                     |
2025-10-29T22:28:23.6560553Z | pt-BR  | errors.messages.too_long                                         | {"one"=>"é muito longo (máximo: %{count} caracter)", "other"=>"é muito longo (máximo: %{count} caracteres)"}                       |
2025-10-29T22:28:23.6561539Z | pt-BR  | errors.messages.too_short                                        | {"one"=>"é muito curto (mínimo: %{count} caracter)", "other"=>"é muito curto (mínimo: %{count} caracteres)"}                       |
2025-10-29T22:28:23.6562567Z | pt-BR  | errors.messages.wrong_length                                     | {"one"=>"não possui o tamanho esperado (%{count} caracter)", "other"=>"não possui o tamanho esperado (%{count} caracteres)"}       |
2025-10-29T22:28:23.6563389Z | pt-BR  | errors.restaurants.create_failed                                 | Falha ao criar restaurante                                                                                                         |
2025-10-29T22:28:23.6564121Z | pt-BR  | errors.restaurants.destroy_failed                                | Falha ao excluir restaurante                                                                                                       |
2025-10-29T22:28:23.6564958Z | pt-BR  | errors.restaurants.not_found                                     | Restaurante não encontrado                                                                                                         |
2025-10-29T22:28:23.6565683Z | pt-BR  | errors.restaurants.update_failed                                 | Falha ao atualizar restaurante                                                                                                     |
2025-10-29T22:28:23.6566411Z | pt-BR  | errors.template.body                                             | Por favor, verifique o(s) seguinte(s) campo(s):                                                                                    |
2025-10-29T22:28:23.6567445Z | pt-BR  | errors.template.header                                           | {"one"=>"Não foi possível gravar %{model}: %{count} erro", "other"=>"Não foi possível gravar %{model}: %{count} erros"}            |
2025-10-29T22:28:23.6568331Z | pt-BR  | errors.validation.invalid_price                                  | Preço inválido                                                                                                                     |
2025-10-29T22:28:23.6569231Z | pt-BR  | errors.validation.name_required                                  | Nome não pode ficar em branco                                                                                                      |
2025-10-29T22:28:23.6570022Z | pt-BR  | errors.validation.name_taken                                     | Nome já está em uso                                                                                                                |
2025-10-29T22:28:23.6571286Z | pt-BR  | errors.validation.price_negative                                 | Preço não pode ser negativo                                                                                                        |
2025-10-29T22:28:23.6571943Z | pt-BR  | number.currency.format.delimiter                                 | .                                                                                                                                  |
2025-10-29T22:28:23.6572508Z | pt-BR  | number.currency.format.format                                    | %u %n                                                                                                                              |
2025-10-29T22:28:23.6573070Z | pt-BR  | number.currency.format.precision                                 | 2                                                                                                                                  |
2025-10-29T22:28:23.6573633Z | pt-BR  | number.currency.format.separator                                 | ,                                                                                                                                  |
2025-10-29T22:28:23.6574233Z | pt-BR  | number.currency.format.significant                               | false                                                                                                                              |
2025-10-29T22:28:23.6574899Z | pt-BR  | number.currency.format.strip_insignificant_zeros                 | false                                                                                                                              |
2025-10-29T22:28:23.6575523Z | pt-BR  | number.currency.format.unit                                      | R$                                                                                                                                 |
2025-10-29T22:28:23.6576052Z | pt-BR  | number.format.delimiter                                          | .                                                                                                                                  |
2025-10-29T22:28:23.6576558Z | pt-BR  | number.format.precision                                          | 3                                                                                                                                  |
2025-10-29T22:28:23.6577079Z | pt-BR  | number.format.round_mode                                         | default                                                                                                                            |
2025-10-29T22:28:23.6577600Z | pt-BR  | number.format.separator                                          | ,                                                                                                                                  |
2025-10-29T22:28:23.6578126Z | pt-BR  | number.format.significant                                        | false                                                                                                                              |
2025-10-29T22:28:23.6578880Z | pt-BR  | number.format.strip_insignificant_zeros                          | false                                                                                                                              |
2025-10-29T22:28:23.6579476Z | pt-BR  | number.human.decimal_units.format                                | %n %u                                                                                                                              |
2025-10-29T22:28:23.6580489Z | pt-BR  | number.human.decimal_units.units.billion                         | {"one"=>"bilhão", "other"=>"bilhões"}                                                                                              |
2025-10-29T22:28:23.6581358Z | pt-BR  | number.human.decimal_units.units.million                         | {"one"=>"milhão", "other"=>"milhões"}                                                                                              |
2025-10-29T22:28:23.6582263Z | pt-BR  | number.human.decimal_units.units.quadrillion                     | {"one"=>"quatrilhão", "other"=>"quatrilhões"}                                                                                      |
2025-10-29T22:28:23.6582993Z | pt-BR  | number.human.decimal_units.units.thousand                        | mil                                                                                                                                |
2025-10-29T22:28:23.6583815Z | pt-BR  | number.human.decimal_units.units.trillion                        | {"one"=>"trilhão", "other"=>"trilhões"}                                                                                            |
2025-10-29T22:28:23.6584500Z | pt-BR  | number.human.decimal_units.units.unit                            |                                                                                                                                    |
2025-10-29T22:28:23.6585065Z | pt-BR  | number.human.format.delimiter                                    |                                                                                                                                    |
2025-10-29T22:28:23.6585617Z | pt-BR  | number.human.format.precision                                    | 3                                                                                                                                  |
2025-10-29T22:28:23.6586178Z | pt-BR  | number.human.format.significant                                  | true                                                                                                                               |
2025-10-29T22:28:23.6586802Z | pt-BR  | number.human.format.strip_insignificant_zeros                    | true                                                                                                                               |
2025-10-29T22:28:23.6587413Z | pt-BR  | number.human.storage_units.format                                | %n %u                                                                                                                              |
2025-10-29T22:28:23.6588034Z | pt-BR  | number.human.storage_units.units.byte                            | {"one"=>"Byte", "other"=>"Bytes"}                                                                                                  |
2025-10-29T22:28:23.6588659Z | pt-BR  | number.human.storage_units.units.eb                              | EB                                                                                                                                 |
2025-10-29T22:28:23.6589221Z | pt-BR  | number.human.storage_units.units.gb                              | GB                                                                                                                                 |
2025-10-29T22:28:23.6589774Z | pt-BR  | number.human.storage_units.units.kb                              | KB                                                                                                                                 |
2025-10-29T22:28:23.6590703Z | pt-BR  | number.human.storage_units.units.mb                              | MB                                                                                                                                 |
2025-10-29T22:28:23.6591261Z | pt-BR  | number.human.storage_units.units.pb                              | PB                                                                                                                                 |
2025-10-29T22:28:23.6591934Z | pt-BR  | number.human.storage_units.units.tb                              | TB                                                                                                                                 |
2025-10-29T22:28:23.6592514Z | pt-BR  | number.percentage.format.delimiter                               | .                                                                                                                                  |
2025-10-29T22:28:23.6593089Z | pt-BR  | number.percentage.format.format                                  | %n%                                                                                                                                |
2025-10-29T22:28:23.6593663Z | pt-BR  | number.precision.format.delimiter                                | .                                                                                                                                  |
2025-10-29T22:28:23.6594236Z | pt-BR  | support.array.last_word_connector                                | e                                                                                                                                  |
2025-10-29T22:28:23.6594782Z | pt-BR  | support.array.two_words_connector                                | e                                                                                                                                  |
2025-10-29T22:28:23.6595321Z | pt-BR  | support.array.words_connector                                    | ,                                                                                                                                  |
2025-10-29T22:28:23.6595770Z | pt-BR  | time.am                                                          |                                                                                                                                    |
2025-10-29T22:28:23.6596232Z | pt-BR  | time.formats.default                                             | %a, %d de %B de %Y, %H:%M:%S %z                                                                                                    |
2025-10-29T22:28:23.6596737Z | pt-BR  | time.formats.long                                                | %d de %B de %Y, %H:%M                                                                                                              |
2025-10-29T22:28:23.6597214Z | pt-BR  | time.formats.short                                               | %d de %B, %H:%M                                                                                                                    |
2025-10-29T22:28:23.6597647Z | pt-BR  | time.pm                                                          |                                                                                                                                    |
2025-10-29T22:28:23.6598028Z Inconsistent interpolations (1) | i18n-tasks v1.0.15
2025-10-29T22:28:23.6767714Z The following data requires normalization:
2025-10-29T22:28:23.6768305Z Run `i18n-tasks normalize` to fix
2025-10-29T22:28:23.6779111Z +--------+------------------------------------------------------------------+------------------------------------------------------------------------------------------------------------------------------------+
2025-10-29T22:28:23.6779729Z +--------+----------------------------+-------------------------------------------------+
2025-10-29T22:28:23.6780276Z | Locale | Key                        | Value                                           |
2025-10-29T22:28:23.6780760Z +--------+----------------------------+-------------------------------------------------+
2025-10-29T22:28:23.6781800Z | pt-BR  | errors.template.header.one | Não foi possível gravar %{model}: %{count} erro |
2025-10-29T22:28:23.6782256Z +--------+----------------------------+-------------------------------------------------+
2025-10-29T22:28:23.6782558Z config/locales/en.yml
2025-10-29T22:28:23.6782768Z config/locales/pt-BR.yml
2025-10-29T22:28:23.6847204Z Problemas de i18n
2025-10-29T22:28:23.6863111Z ##[error]Process completed with exit code 1.
2025-10-29T22:28:23.6975286Z Post job cleanup.
2025-10-29T22:28:23.7906465Z [command]/usr/bin/git version
2025-10-29T22:28:23.7942926Z git version 2.51.0
2025-10-29T22:28:23.7986991Z Temporarily overriding HOME='/home/runner/work/_temp/322c660d-ed4a-4997-a301-b1d95c16c060' before making global git config changes
2025-10-29T22:28:23.7988247Z Adding repository directory to the temporary git global config as a safe directory
2025-10-29T22:28:23.7993611Z [command]/usr/bin/git config --global --add safe.directory /home/runner/work/restaurant/restaurant
2025-10-29T22:28:23.8029298Z [command]/usr/bin/git config --local --name-only --get-regexp core\.sshCommand
2025-10-29T22:28:23.8061497Z [command]/usr/bin/git submodule foreach --recursive sh -c "git config --local --name-only --get-regexp 'core\.sshCommand' && git config --local --unset-all 'core.sshCommand' || :"
2025-10-29T22:28:23.8288379Z [command]/usr/bin/git config --local --name-only --get-regexp http\.https\:\/\/github\.com\/\.extraheader
2025-10-29T22:28:23.8310440Z http.https://github.com/.extraheader
2025-10-29T22:28:23.8323200Z [command]/usr/bin/git config --local --unset-all http.https://github.com/.extraheader
2025-10-29T22:28:23.8352823Z [command]/usr/bin/git submodule foreach --recursive sh -c "git config --local --name-only --get-regexp 'http\.https\:\/\/github\.com\/\.extraheader' && git config --local --unset-all 'http.https://github.com/.extraheader' || :"
2025-10-29T22:28:23.8674374Z Cleaning up orphan processes
