2025-10-30T00:48:21.2038314Z Current runner version: '2.328.0'
2025-10-30T00:48:21.2062196Z ##[group]Runner Image Provisioner
2025-10-30T00:48:21.2063030Z Hosted Compute Agent
2025-10-30T00:48:21.2063550Z Version: 20250912.392
2025-10-30T00:48:21.2064230Z Commit: d921fda672a98b64f4f82364647e2f10b2267d0b
2025-10-30T00:48:21.2065113Z Build Date: 2025-09-12T15:23:14Z
2025-10-30T00:48:21.2065731Z ##[endgroup]
2025-10-30T00:48:21.2066323Z ##[group]Operating System
2025-10-30T00:48:21.2066923Z Ubuntu
2025-10-30T00:48:21.2067378Z 24.04.3
2025-10-30T00:48:21.2067890Z LTS
2025-10-30T00:48:21.2068377Z ##[endgroup]
2025-10-30T00:48:21.2068843Z ##[group]Runner Image
2025-10-30T00:48:21.2069447Z Image: ubuntu-24.04
2025-10-30T00:48:21.2069942Z Version: 20250929.60.1
2025-10-30T00:48:21.2070952Z Included Software: https://github.com/actions/runner-images/blob/ubuntu24/20250929.60/images/ubuntu/Ubuntu2404-Readme.md
2025-10-30T00:48:21.2072484Z Image Release: https://github.com/actions/runner-images/releases/tag/ubuntu24%2F20250929.60
2025-10-30T00:48:21.2073495Z ##[endgroup]
2025-10-30T00:48:21.2074737Z ##[group]GITHUB_TOKEN Permissions
2025-10-30T00:48:21.2076776Z Contents: read
2025-10-30T00:48:21.2077323Z Metadata: read
2025-10-30T00:48:21.2077936Z ##[endgroup]
2025-10-30T00:48:21.2079958Z Secret source: Actions
2025-10-30T00:48:21.2080624Z Prepare workflow directory
2025-10-30T00:48:21.2400570Z Prepare all required actions
2025-10-30T00:48:21.2449954Z Getting action download info
2025-10-30T00:48:21.6761092Z Download action repository 'actions/checkout@v4' (SHA:08eba0b27e820071cde6df949e0beb9ba4906955)
2025-10-30T00:48:21.8576066Z Download action repository 'ruby/setup-ruby@v1' (SHA:d5126b9b3579e429dd52e51e68624dda2e05be25)
2025-10-30T00:48:22.4022034Z Complete job name: i18n-tasks (chaves órfãs/ausentes)
2025-10-30T00:48:22.4776933Z ##[group]Run actions/checkout@v4
2025-10-30T00:48:22.4777760Z with:
2025-10-30T00:48:22.4778179Z   repository: pedrohcrisanto/restaurant
2025-10-30T00:48:22.4778846Z   token: ***
2025-10-30T00:48:22.4779229Z   ssh-strict: true
2025-10-30T00:48:22.4779638Z   ssh-user: git
2025-10-30T00:48:22.4780041Z   persist-credentials: true
2025-10-30T00:48:22.4780478Z   clean: true
2025-10-30T00:48:22.4780883Z   sparse-checkout-cone-mode: true
2025-10-30T00:48:22.4781350Z   fetch-depth: 1
2025-10-30T00:48:22.4781747Z   fetch-tags: false
2025-10-30T00:48:22.4782139Z   show-progress: true
2025-10-30T00:48:22.4782540Z   lfs: false
2025-10-30T00:48:22.4783018Z   submodules: false
2025-10-30T00:48:22.4783419Z   set-safe-directory: true
2025-10-30T00:48:22.4784096Z ##[endgroup]
2025-10-30T00:48:22.5837795Z Syncing repository: pedrohcrisanto/restaurant
2025-10-30T00:48:22.5839555Z ##[group]Getting Git version info
2025-10-30T00:48:22.5840318Z Working directory is '/home/runner/work/restaurant/restaurant'
2025-10-30T00:48:22.5841281Z [command]/usr/bin/git version
2025-10-30T00:48:22.5924936Z git version 2.51.0
2025-10-30T00:48:22.5951338Z ##[endgroup]
2025-10-30T00:48:22.5965548Z Temporarily overriding HOME='/home/runner/work/_temp/b8a5494e-3d8e-4caa-88c4-740c8d91ed24' before making global git config changes
2025-10-30T00:48:22.5967680Z Adding repository directory to the temporary git global config as a safe directory
2025-10-30T00:48:22.5978223Z [command]/usr/bin/git config --global --add safe.directory /home/runner/work/restaurant/restaurant
2025-10-30T00:48:22.6019010Z Deleting the contents of '/home/runner/work/restaurant/restaurant'
2025-10-30T00:48:22.6022469Z ##[group]Initializing the repository
2025-10-30T00:48:22.6026479Z [command]/usr/bin/git init /home/runner/work/restaurant/restaurant
2025-10-30T00:48:22.6136972Z hint: Using 'master' as the name for the initial branch. This default branch name
2025-10-30T00:48:22.6138519Z hint: is subject to change. To configure the initial branch name to use in all
2025-10-30T00:48:22.6139859Z hint: of your new repositories, which will suppress this warning, call:
2025-10-30T00:48:22.6140683Z hint:
2025-10-30T00:48:22.6141458Z hint: 	git config --global init.defaultBranch <name>
2025-10-30T00:48:22.6142738Z hint:
2025-10-30T00:48:22.6143637Z hint: Names commonly chosen instead of 'master' are 'main', 'trunk' and
2025-10-30T00:48:22.6145035Z hint: 'development'. The just-created branch can be renamed via this command:
2025-10-30T00:48:22.6145817Z hint:
2025-10-30T00:48:22.6146268Z hint: 	git branch -m <name>
2025-10-30T00:48:22.6146978Z hint:
2025-10-30T00:48:22.6147655Z hint: Disable this message with "git config set advice.defaultBranchName false"
2025-10-30T00:48:22.6148777Z Initialized empty Git repository in /home/runner/work/restaurant/restaurant/.git/
2025-10-30T00:48:22.6152514Z [command]/usr/bin/git remote add origin https://github.com/pedrohcrisanto/restaurant
2025-10-30T00:48:22.6188341Z ##[endgroup]
2025-10-30T00:48:22.6189094Z ##[group]Disabling automatic garbage collection
2025-10-30T00:48:22.6192185Z [command]/usr/bin/git config --local gc.auto 0
2025-10-30T00:48:22.6219826Z ##[endgroup]
2025-10-30T00:48:22.6220685Z ##[group]Setting up auth
2025-10-30T00:48:22.6226769Z [command]/usr/bin/git config --local --name-only --get-regexp core\.sshCommand
2025-10-30T00:48:22.6255647Z [command]/usr/bin/git submodule foreach --recursive sh -c "git config --local --name-only --get-regexp 'core\.sshCommand' && git config --local --unset-all 'core.sshCommand' || :"
2025-10-30T00:48:22.6611506Z [command]/usr/bin/git config --local --name-only --get-regexp http\.https\:\/\/github\.com\/\.extraheader
2025-10-30T00:48:22.6641525Z [command]/usr/bin/git submodule foreach --recursive sh -c "git config --local --name-only --get-regexp 'http\.https\:\/\/github\.com\/\.extraheader' && git config --local --unset-all 'http.https://github.com/.extraheader' || :"
2025-10-30T00:48:22.6857018Z [command]/usr/bin/git config --local http.https://github.com/.extraheader AUTHORIZATION: basic ***
2025-10-30T00:48:22.6890493Z ##[endgroup]
2025-10-30T00:48:22.6891367Z ##[group]Fetching the repository
2025-10-30T00:48:22.6906871Z [command]/usr/bin/git -c protocol.version=2 fetch --no-tags --prune --no-recurse-submodules --depth=1 origin +5b0c304848dca55ffed37d526264820221e2907c:refs/remotes/origin/main
2025-10-30T00:48:23.2079385Z From https://github.com/pedrohcrisanto/restaurant
2025-10-30T00:48:23.2080647Z  * [new ref]         5b0c304848dca55ffed37d526264820221e2907c -> origin/main
2025-10-30T00:48:23.2111245Z ##[endgroup]
2025-10-30T00:48:23.2112415Z ##[group]Determining the checkout info
2025-10-30T00:48:23.2113899Z ##[endgroup]
2025-10-30T00:48:23.2118317Z [command]/usr/bin/git sparse-checkout disable
2025-10-30T00:48:23.2354365Z [command]/usr/bin/git config --local --unset-all extensions.worktreeConfig
2025-10-30T00:48:23.2384190Z ##[group]Checking out the ref
2025-10-30T00:48:23.2388138Z [command]/usr/bin/git checkout --progress --force -B main refs/remotes/origin/main
2025-10-30T00:48:23.2576408Z Switched to a new branch 'main'
2025-10-30T00:48:23.2579031Z branch 'main' set up to track 'origin/main'.
2025-10-30T00:48:23.2586260Z ##[endgroup]
2025-10-30T00:48:23.2621055Z [command]/usr/bin/git log -1 --format=%H
2025-10-30T00:48:23.2642396Z 5b0c304848dca55ffed37d526264820221e2907c
2025-10-30T00:48:23.2881041Z ##[group]Run sudo apt-get update
2025-10-30T00:48:23.2882341Z [36;1msudo apt-get update[0m
2025-10-30T00:48:23.2883499Z [36;1msudo apt-get install -y libpq-dev[0m
2025-10-30T00:48:23.2921630Z shell: /usr/bin/bash -e {0}
2025-10-30T00:48:23.2922717Z ##[endgroup]
2025-10-30T00:48:23.3709698Z Get:1 file:/etc/apt/apt-mirrors.txt Mirrorlist [144 B]
2025-10-30T00:48:23.4012286Z Hit:2 http://azure.archive.ubuntu.com/ubuntu noble InRelease
2025-10-30T00:48:23.4030693Z Get:3 http://azure.archive.ubuntu.com/ubuntu noble-updates InRelease [126 kB]
2025-10-30T00:48:23.4109357Z Get:4 http://azure.archive.ubuntu.com/ubuntu noble-backports InRelease [126 kB]
2025-10-30T00:48:23.4120375Z Get:5 http://azure.archive.ubuntu.com/ubuntu noble-security InRelease [126 kB]
2025-10-30T00:48:23.4205706Z Get:6 https://packages.microsoft.com/repos/azure-cli noble InRelease [3564 B]
2025-10-30T00:48:23.4493371Z Get:7 https://packages.microsoft.com/ubuntu/24.04/prod noble InRelease [3600 B]
2025-10-30T00:48:23.5428908Z Get:8 http://azure.archive.ubuntu.com/ubuntu noble-updates/main amd64 Packages [1570 kB]
2025-10-30T00:48:23.5616163Z Get:9 http://azure.archive.ubuntu.com/ubuntu noble-updates/main Translation-en [297 kB]
2025-10-30T00:48:23.5660996Z Get:10 http://azure.archive.ubuntu.com/ubuntu noble-updates/main amd64 Components [175 kB]
2025-10-30T00:48:23.5672915Z Get:11 http://azure.archive.ubuntu.com/ubuntu noble-updates/main amd64 c-n-f Metadata [15.4 kB]
2025-10-30T00:48:23.5689583Z Get:12 http://azure.archive.ubuntu.com/ubuntu noble-updates/universe amd64 Packages [1498 kB]
2025-10-30T00:48:23.5792818Z Get:13 http://azure.archive.ubuntu.com/ubuntu noble-updates/universe Translation-en [303 kB]
2025-10-30T00:48:23.5830852Z Get:14 http://azure.archive.ubuntu.com/ubuntu noble-updates/universe amd64 Components [378 kB]
2025-10-30T00:48:23.5864171Z Get:15 http://azure.archive.ubuntu.com/ubuntu noble-updates/universe amd64 c-n-f Metadata [31.4 kB]
2025-10-30T00:48:23.5879183Z Get:16 http://azure.archive.ubuntu.com/ubuntu noble-updates/restricted amd64 Packages [2217 kB]
2025-10-30T00:48:23.6011052Z Get:17 http://azure.archive.ubuntu.com/ubuntu noble-updates/restricted Translation-en [502 kB]
2025-10-30T00:48:23.6457108Z Get:18 http://azure.archive.ubuntu.com/ubuntu noble-updates/restricted amd64 Components [212 B]
2025-10-30T00:48:23.6466716Z Get:19 http://azure.archive.ubuntu.com/ubuntu noble-updates/restricted amd64 c-n-f Metadata [516 B]
2025-10-30T00:48:23.6482678Z Get:20 http://azure.archive.ubuntu.com/ubuntu noble-updates/multiverse amd64 Packages [30.3 kB]
2025-10-30T00:48:23.6495982Z Get:21 http://azure.archive.ubuntu.com/ubuntu noble-updates/multiverse Translation-en [5564 B]
2025-10-30T00:48:23.6509425Z Get:22 http://azure.archive.ubuntu.com/ubuntu noble-updates/multiverse amd64 Components [940 B]
2025-10-30T00:48:23.6569453Z Get:23 http://azure.archive.ubuntu.com/ubuntu noble-updates/multiverse amd64 c-n-f Metadata [484 B]
2025-10-30T00:48:23.6571100Z Get:24 http://azure.archive.ubuntu.com/ubuntu noble-backports/main amd64 Components [7148 B]
2025-10-30T00:48:23.6573246Z Get:25 http://azure.archive.ubuntu.com/ubuntu noble-backports/universe amd64 Components [11.0 kB]
2025-10-30T00:48:23.6575294Z Get:26 http://azure.archive.ubuntu.com/ubuntu noble-backports/restricted amd64 Components [212 B]
2025-10-30T00:48:23.6577110Z Get:27 http://azure.archive.ubuntu.com/ubuntu noble-backports/multiverse amd64 Components [212 B]
2025-10-30T00:48:23.6599428Z Get:28 http://azure.archive.ubuntu.com/ubuntu noble-security/main amd64 Packages [1270 kB]
2025-10-30T00:48:23.6690236Z Get:29 http://azure.archive.ubuntu.com/ubuntu noble-security/main Translation-en [211 kB]
2025-10-30T00:48:23.6710803Z Get:30 http://azure.archive.ubuntu.com/ubuntu noble-security/main amd64 Components [21.6 kB]
2025-10-30T00:48:23.6724890Z Get:31 http://azure.archive.ubuntu.com/ubuntu noble-security/main amd64 c-n-f Metadata [9008 B]
2025-10-30T00:48:23.7102578Z Get:44 https://packages.microsoft.com/repos/azure-cli noble/main amd64 Packages [1629 B]
2025-10-30T00:48:23.7213263Z Get:32 http://azure.archive.ubuntu.com/ubuntu noble-security/universe amd64 Packages [905 kB]
2025-10-30T00:48:23.7279212Z Get:33 http://azure.archive.ubuntu.com/ubuntu noble-security/universe Translation-en [203 kB]
2025-10-30T00:48:23.7302943Z Get:34 http://azure.archive.ubuntu.com/ubuntu noble-security/universe amd64 Components [52.3 kB]
2025-10-30T00:48:23.7315698Z Get:35 http://azure.archive.ubuntu.com/ubuntu noble-security/universe amd64 c-n-f Metadata [19.4 kB]
2025-10-30T00:48:23.7332692Z Get:36 http://azure.archive.ubuntu.com/ubuntu noble-security/restricted amd64 Packages [2080 kB]
2025-10-30T00:48:23.7459298Z Get:37 http://azure.archive.ubuntu.com/ubuntu noble-security/restricted Translation-en [470 kB]
2025-10-30T00:48:23.7492720Z Get:38 http://azure.archive.ubuntu.com/ubuntu noble-security/restricted amd64 Components [212 B]
2025-10-30T00:48:23.7505379Z Get:39 http://azure.archive.ubuntu.com/ubuntu noble-security/restricted amd64 c-n-f Metadata [500 B]
2025-10-30T00:48:23.7516907Z Get:40 http://azure.archive.ubuntu.com/ubuntu noble-security/multiverse amd64 Packages [27.4 kB]
2025-10-30T00:48:23.7526070Z Get:41 http://azure.archive.ubuntu.com/ubuntu noble-security/multiverse Translation-en [5708 B]
2025-10-30T00:48:23.7537786Z Get:45 https://packages.microsoft.com/ubuntu/24.04/prod noble/main arm64 Packages [48.3 kB]
2025-10-30T00:48:23.7539191Z Get:42 http://azure.archive.ubuntu.com/ubuntu noble-security/multiverse amd64 Components [212 B]
2025-10-30T00:48:23.7547022Z Get:43 http://azure.archive.ubuntu.com/ubuntu noble-security/multiverse amd64 c-n-f Metadata [384 B]
2025-10-30T00:48:23.7567535Z Get:46 https://packages.microsoft.com/ubuntu/24.04/prod noble/main armhf Packages [11.0 kB]
2025-10-30T00:48:23.7588750Z Get:47 https://packages.microsoft.com/ubuntu/24.04/prod noble/main amd64 Packages [66.0 kB]
2025-10-30T00:48:32.3430005Z Fetched 12.8 MB in 1s (8653 kB/s)
2025-10-30T00:48:33.0935536Z Reading package lists...
2025-10-30T00:48:33.1257091Z Reading package lists...
2025-10-30T00:48:33.3060988Z Building dependency tree...
2025-10-30T00:48:33.3068309Z Reading state information...
2025-10-30T00:48:33.4918167Z libpq-dev is already the newest version (18.0-1.pgdg24.04+3).
2025-10-30T00:48:33.4940147Z 0 upgraded, 0 newly installed, 0 to remove and 53 not upgraded.
2025-10-30T00:48:33.5001662Z ##[group]Run ruby/setup-ruby@v1
2025-10-30T00:48:33.5001963Z with:
2025-10-30T00:48:33.5002178Z   ruby-version: 3.3
2025-10-30T00:48:33.5002409Z   bundler-cache: true
2025-10-30T00:48:33.5002641Z ##[endgroup]
2025-10-30T00:48:33.6763268Z ##[group]Modifying PATH
2025-10-30T00:48:33.6768789Z Entries added to PATH to use selected Ruby:
2025-10-30T00:48:33.6772223Z   /opt/hostedtoolcache/Ruby/3.3.10/x64/bin
2025-10-30T00:48:33.6782880Z ##[endgroup]
2025-10-30T00:48:33.6799886Z ##[group]Downloading Ruby
2025-10-30T00:48:33.6800739Z https://github.com/ruby/ruby-builder/releases/download/ruby-3.3.10/ruby-3.3.10-ubuntu-24.04-x64.tar.gz
2025-10-30T00:48:34.0293158Z Took   0.35 seconds
2025-10-30T00:48:34.0294835Z ##[endgroup]
2025-10-30T00:48:34.0295544Z ##[group]Extracting  Ruby
2025-10-30T00:48:34.0328225Z [command]/usr/bin/tar -xz -C /opt/hostedtoolcache/Ruby/3.3.10 -f /home/runner/work/_temp/b396713c-f411-4c6b-8138-d420c3cb9cc4
2025-10-30T00:48:34.4610480Z Took   0.43 seconds
2025-10-30T00:48:34.4612229Z ##[endgroup]
2025-10-30T00:48:34.4613874Z ##[group]Print Ruby version
2025-10-30T00:48:34.4629867Z [command]/opt/hostedtoolcache/Ruby/3.3.10/x64/bin/ruby --version
2025-10-30T00:48:34.4803272Z ruby 3.3.10 (2025-10-23 revision 343ea05002) [x86_64-linux]
2025-10-30T00:48:34.4821213Z Took   0.02 seconds
2025-10-30T00:48:34.4822117Z ##[endgroup]
2025-10-30T00:48:34.4822776Z ##[group]Installing Bundler
2025-10-30T00:48:34.4832475Z Using Bundler 2.6.9 from Gemfile.lock BUNDLED WITH 2.6.9
2025-10-30T00:48:34.4838035Z [command]/opt/hostedtoolcache/Ruby/3.3.10/x64/bin/gem install bundler -v 2.6.9
2025-10-30T00:48:34.8995615Z Successfully installed bundler-2.6.9
2025-10-30T00:48:34.8996136Z 1 gem installed
2025-10-30T00:48:34.9046204Z Took   0.42 seconds
2025-10-30T00:48:34.9046982Z ##[endgroup]
2025-10-30T00:48:34.9047554Z > bundle install
2025-10-30T00:48:34.9066431Z [command]/opt/hostedtoolcache/Ruby/3.3.10/x64/bin/bundle config --local path /home/runner/work/restaurant/restaurant/vendor/bundle
2025-10-30T00:48:35.0580020Z [command]/opt/hostedtoolcache/Ruby/3.3.10/x64/bin/bundle config --local deployment true
2025-10-30T00:48:35.2084478Z ##[group]Print lockfile
2025-10-30T00:48:35.2098680Z [command]/usr/bin/cat Gemfile.lock
2025-10-30T00:48:35.2128045Z GEM
2025-10-30T00:48:35.2128762Z   remote: https://rubygems.org/
2025-10-30T00:48:35.2129190Z   specs:
2025-10-30T00:48:35.2129476Z     actioncable (8.0.4)
2025-10-30T00:48:35.2129745Z       actionpack (= 8.0.4)
2025-10-30T00:48:35.2129965Z       activesupport (= 8.0.4)
2025-10-30T00:48:35.2130174Z       nio4r (~> 2.0)
2025-10-30T00:48:35.2130373Z       websocket-driver (>= 0.6.1)
2025-10-30T00:48:35.2130860Z       zeitwerk (~> 2.6)
2025-10-30T00:48:35.2131049Z     actionmailbox (8.0.4)
2025-10-30T00:48:35.2131241Z       actionpack (= 8.0.4)
2025-10-30T00:48:35.2131436Z       activejob (= 8.0.4)
2025-10-30T00:48:35.2131628Z       activerecord (= 8.0.4)
2025-10-30T00:48:35.2131841Z       activestorage (= 8.0.4)
2025-10-30T00:48:35.2132164Z       activesupport (= 8.0.4)
2025-10-30T00:48:35.2132405Z       mail (>= 2.8.0)
2025-10-30T00:48:35.2132587Z     actionmailer (8.0.4)
2025-10-30T00:48:35.2132778Z       actionpack (= 8.0.4)
2025-10-30T00:48:35.2132973Z       actionview (= 8.0.4)
2025-10-30T00:48:35.2133157Z       activejob (= 8.0.4)
2025-10-30T00:48:35.2133355Z       activesupport (= 8.0.4)
2025-10-30T00:48:35.2133544Z       mail (>= 2.8.0)
2025-10-30T00:48:35.2133762Z       rails-dom-testing (~> 2.2)
2025-10-30T00:48:35.2133978Z     actionpack (8.0.4)
2025-10-30T00:48:35.2134158Z       actionview (= 8.0.4)
2025-10-30T00:48:35.2134352Z       activesupport (= 8.0.4)
2025-10-30T00:48:35.2134739Z       nokogiri (>= 1.8.5)
2025-10-30T00:48:35.2134958Z       rack (>= 2.2.4)
2025-10-30T00:48:35.2135143Z       rack-session (>= 1.0.1)
2025-10-30T00:48:35.2135354Z       rack-test (>= 0.6.3)
2025-10-30T00:48:35.2135556Z       rails-dom-testing (~> 2.2)
2025-10-30T00:48:35.2135789Z       rails-html-sanitizer (~> 1.6)
2025-10-30T00:48:35.2136219Z       useragent (~> 0.16)
2025-10-30T00:48:35.2136426Z     actiontext (8.0.4)
2025-10-30T00:48:35.2136618Z       actionpack (= 8.0.4)
2025-10-30T00:48:35.2136818Z       activerecord (= 8.0.4)
2025-10-30T00:48:35.2137025Z       activestorage (= 8.0.4)
2025-10-30T00:48:35.2137227Z       activesupport (= 8.0.4)
2025-10-30T00:48:35.2137427Z       globalid (>= 0.6.0)
2025-10-30T00:48:35.2137612Z       nokogiri (>= 1.8.5)
2025-10-30T00:48:35.2137799Z     actionview (8.0.4)
2025-10-30T00:48:35.2138016Z       activesupport (= 8.0.4)
2025-10-30T00:48:35.2138216Z       builder (~> 3.1)
2025-10-30T00:48:35.2138387Z       erubi (~> 1.11)
2025-10-30T00:48:35.2138574Z       rails-dom-testing (~> 2.2)
2025-10-30T00:48:35.2138796Z       rails-html-sanitizer (~> 1.6)
2025-10-30T00:48:35.2139016Z     activejob (8.0.4)
2025-10-30T00:48:35.2139203Z       activesupport (= 8.0.4)
2025-10-30T00:48:35.2139401Z       globalid (>= 0.3.6)
2025-10-30T00:48:35.2139593Z     activemodel (8.0.4)
2025-10-30T00:48:35.2139776Z       activesupport (= 8.0.4)
2025-10-30T00:48:35.2139983Z     activerecord (8.0.4)
2025-10-30T00:48:35.2140174Z       activemodel (= 8.0.4)
2025-10-30T00:48:35.2140375Z       activesupport (= 8.0.4)
2025-10-30T00:48:35.2140569Z       timeout (>= 0.4.0)
2025-10-30T00:48:35.2140760Z     activestorage (8.0.4)
2025-10-30T00:48:35.2140946Z       actionpack (= 8.0.4)
2025-10-30T00:48:35.2141138Z       activejob (= 8.0.4)
2025-10-30T00:48:35.2141332Z       activerecord (= 8.0.4)
2025-10-30T00:48:35.2141528Z       activesupport (= 8.0.4)
2025-10-30T00:48:35.2141724Z       marcel (~> 1.0)
2025-10-30T00:48:35.2141900Z     activesupport (8.0.4)
2025-10-30T00:48:35.2142085Z       base64
2025-10-30T00:48:35.2142269Z       benchmark (>= 0.3)
2025-10-30T00:48:35.2142513Z       bigdecimal
2025-10-30T00:48:35.2142699Z       concurrent-ruby (~> 1.0, >= 1.3.1)
2025-10-30T00:48:35.2142990Z       connection_pool (>= 2.2.5)
2025-10-30T00:48:35.2143290Z       drb
2025-10-30T00:48:35.2143444Z       i18n (>= 1.6, < 2)
2025-10-30T00:48:35.2143632Z       logger (>= 1.4.2)
2025-10-30T00:48:35.2143820Z       minitest (>= 5.1)
2025-10-30T00:48:35.2144010Z       securerandom (>= 0.3)
2025-10-30T00:48:35.2144204Z       tzinfo (~> 2.0, >= 2.0.5)
2025-10-30T00:48:35.2144401Z       uri (>= 0.13.1)
2025-10-30T00:48:35.2144740Z     addressable (2.8.7)
2025-10-30T00:48:35.2144944Z       public_suffix (>= 2.0.2, < 7.0)
2025-10-30T00:48:35.2145165Z     ast (2.4.3)
2025-10-30T00:48:35.2145323Z     base64 (0.3.0)
2025-10-30T00:48:35.2145504Z     benchmark (0.5.0)
2025-10-30T00:48:35.2145680Z     bigdecimal (3.3.1)
2025-10-30T00:48:35.2145866Z     blueprinter (1.2.1)
2025-10-30T00:48:35.2146051Z     brakeman (6.2.2)
2025-10-30T00:48:35.2146379Z       racc
2025-10-30T00:48:35.2146535Z     builder (3.3.0)
2025-10-30T00:48:35.2146719Z     bundler-audit (0.9.2)
2025-10-30T00:48:35.2146915Z       bundler (>= 1.2.0, < 3)
2025-10-30T00:48:35.2147118Z       thor (~> 1.0)
2025-10-30T00:48:35.2147292Z     concurrent-ruby (1.3.5)
2025-10-30T00:48:35.2147501Z     connection_pool (2.5.4)
2025-10-30T00:48:35.2147697Z     crass (1.0.6)
2025-10-30T00:48:35.2147857Z     csv (3.3.5)
2025-10-30T00:48:35.2148018Z     date (3.4.1)
2025-10-30T00:48:35.2148179Z     debug (1.11.0)
2025-10-30T00:48:35.2148350Z       irb (~> 1.10)
2025-10-30T00:48:35.2148511Z       reline (>= 0.3.8)
2025-10-30T00:48:35.2148692Z     diff-lcs (1.6.2)
2025-10-30T00:48:35.2148866Z     docile (1.4.1)
2025-10-30T00:48:35.2149034Z     dotenv (3.1.8)
2025-10-30T00:48:35.2149209Z     dotenv-rails (3.1.8)
2025-10-30T00:48:35.2149401Z       dotenv (= 3.1.8)
2025-10-30T00:48:35.2149576Z       railties (>= 6.1)
2025-10-30T00:48:35.2149754Z     drb (2.2.3)
2025-10-30T00:48:35.2149931Z     dry-configurable (1.3.0)
2025-10-30T00:48:35.2150136Z       dry-core (~> 1.1)
2025-10-30T00:48:35.2150316Z       zeitwerk (~> 2.6)
2025-10-30T00:48:35.2150486Z     dry-core (1.1.0)
2025-10-30T00:48:35.2150672Z       concurrent-ruby (~> 1.0)
2025-10-30T00:48:35.2150869Z       logger
2025-10-30T00:48:35.2151033Z       zeitwerk (~> 2.6)
2025-10-30T00:48:35.2151384Z     dry-inflector (1.2.0)
2025-10-30T00:48:35.2151594Z     dry-initializer (3.2.0)
2025-10-30T00:48:35.2151786Z     dry-logic (1.6.0)
2025-10-30T00:48:35.2151964Z       bigdecimal
2025-10-30T00:48:35.2152134Z       concurrent-ruby (~> 1.0)
2025-10-30T00:48:35.2152337Z       dry-core (~> 1.1)
2025-10-30T00:48:35.2152516Z       zeitwerk (~> 2.6)
2025-10-30T00:48:35.2152749Z     dry-schema (1.14.1)
2025-10-30T00:48:35.2152939Z       concurrent-ruby (~> 1.0)
2025-10-30T00:48:35.2153154Z       dry-configurable (~> 1.0, >= 1.0.1)
2025-10-30T00:48:35.2153386Z       dry-core (~> 1.1)
2025-10-30T00:48:35.2153568Z       dry-initializer (~> 3.2)
2025-10-30T00:48:35.2153770Z       dry-logic (~> 1.5)
2025-10-30T00:48:35.2153960Z       dry-types (~> 1.8)
2025-10-30T00:48:35.2154148Z       zeitwerk (~> 2.6)
2025-10-30T00:48:35.2154323Z     dry-types (1.8.3)
2025-10-30T00:48:35.2154506Z       bigdecimal (~> 3.0)
2025-10-30T00:48:35.2154874Z       concurrent-ruby (~> 1.0)
2025-10-30T00:48:35.2155070Z       dry-core (~> 1.0)
2025-10-30T00:48:35.2155357Z       dry-inflector (~> 1.0)
2025-10-30T00:48:35.2155701Z       dry-logic (~> 1.4)
2025-10-30T00:48:35.2156021Z       zeitwerk (~> 2.6)
2025-10-30T00:48:35.2156196Z     erb (5.1.3)
2025-10-30T00:48:35.2156358Z     erubi (1.13.1)
2025-10-30T00:48:35.2156524Z     factory_bot (6.5.6)
2025-10-30T00:48:35.2156714Z       activesupport (>= 6.1.0)
2025-10-30T00:48:35.2156919Z     factory_bot_rails (6.5.1)
2025-10-30T00:48:35.2157126Z       factory_bot (~> 6.5)
2025-10-30T00:48:35.2157316Z       railties (>= 6.1.0)
2025-10-30T00:48:35.2157545Z     faker (3.5.2)
2025-10-30T00:48:35.2219526Z       i18n (>= 1.8.11, < 2)
2025-10-30T00:48:35.2219830Z     globalid (1.3.0)
2025-10-30T00:48:35.2220056Z       activesupport (>= 6.1)
2025-10-30T00:48:35.2220267Z     highline (3.1.2)
2025-10-30T00:48:35.2220456Z       reline
2025-10-30T00:48:35.2220657Z     i18n (1.14.7)
2025-10-30T00:48:35.2220861Z       concurrent-ruby (~> 1.0)
2025-10-30T00:48:35.2221108Z     i18n-tasks (1.0.15)
2025-10-30T00:48:35.2221337Z       activesupport (>= 4.0.2)
2025-10-30T00:48:35.2221577Z       ast (>= 2.1.0)
2025-10-30T00:48:35.2221762Z       erubi
2025-10-30T00:48:35.2221964Z       highline (>= 2.0.0)
2025-10-30T00:48:35.2222148Z       i18n
2025-10-30T00:48:35.2222315Z       parser (>= 3.2.2.1)
2025-10-30T00:48:35.2222500Z       rails-i18n
2025-10-30T00:48:35.2222687Z       rainbow (>= 2.2.2, < 4.0)
2025-10-30T00:48:35.2222908Z       ruby-progressbar (~> 1.8, >= 1.8.1)
2025-10-30T00:48:35.2223175Z       terminal-table (>= 1.5.1)
2025-10-30T00:48:35.2223392Z     io-console (0.8.1)
2025-10-30T00:48:35.2223568Z     irb (1.15.2)
2025-10-30T00:48:35.2223755Z       pp (>= 0.6.0)
2025-10-30T00:48:35.2224122Z       rdoc (>= 4.0.0)
2025-10-30T00:48:35.2224307Z       reline (>= 0.4.2)
2025-10-30T00:48:35.2224753Z     json (2.15.2)
2025-10-30T00:48:35.2225086Z     json-schema (5.2.2)
2025-10-30T00:48:35.2225410Z       addressable (~> 2.8)
2025-10-30T00:48:35.2225777Z       bigdecimal (~> 3.1)
2025-10-30T00:48:35.2226153Z     kind (5.10.0)
2025-10-30T00:48:35.2226510Z     language_server-protocol (3.17.0.5)
2025-10-30T00:48:35.2226960Z     license_finder (7.2.1)
2025-10-30T00:48:35.2227317Z       bundler
2025-10-30T00:48:35.2227619Z       csv (~> 3.2)
2025-10-30T00:48:35.2227936Z       rubyzip (>= 1, < 3)
2025-10-30T00:48:35.2228275Z       thor (~> 1.2)
2025-10-30T00:48:35.2228600Z       tomlrb (>= 1.3, < 2.1)
2025-10-30T00:48:35.2228974Z       with_env (= 1.1.0)
2025-10-30T00:48:35.2229327Z       xml-simple (~> 1.1.9)
2025-10-30T00:48:35.2229695Z     lint_roller (1.1.0)
2025-10-30T00:48:35.2230011Z     logger (1.7.0)
2025-10-30T00:48:35.2230317Z     loofah (2.24.1)
2025-10-30T00:48:35.2230618Z       crass (~> 1.0.2)
2025-10-30T00:48:35.2230968Z       nokogiri (>= 1.12.0)
2025-10-30T00:48:35.2231313Z     mail (2.9.0)
2025-10-30T00:48:35.2231586Z       logger
2025-10-30T00:48:35.2231884Z       mini_mime (>= 0.1.1)
2025-10-30T00:48:35.2232219Z       net-imap
2025-10-30T00:48:35.2232517Z       net-pop
2025-10-30T00:48:35.2233105Z       net-smtp
2025-10-30T00:48:35.2233487Z     marcel (1.1.0)
2025-10-30T00:48:35.2233824Z     mini_mime (1.1.5)
2025-10-30T00:48:35.2234182Z     minitest (5.26.0)
2025-10-30T00:48:35.2234514Z     net-imap (0.5.12)
2025-10-30T00:48:35.2235566Z       date
2025-10-30T00:48:35.2235875Z       net-protocol
2025-10-30T00:48:35.2236197Z     net-pop (0.1.2)
2025-10-30T00:48:35.2236513Z       net-protocol
2025-10-30T00:48:35.2236834Z     net-protocol (0.2.2)
2025-10-30T00:48:35.2237166Z       timeout
2025-10-30T00:48:35.2237463Z     net-smtp (0.5.1)
2025-10-30T00:48:35.2237785Z       net-protocol
2025-10-30T00:48:35.2238144Z     nio4r (2.7.4)
2025-10-30T00:48:35.2238487Z     nokogiri (1.18.10-aarch64-linux-gnu)
2025-10-30T00:48:35.2238923Z       racc (~> 1.4)
2025-10-30T00:48:35.2239261Z     nokogiri (1.18.10-aarch64-linux-musl)
2025-10-30T00:48:35.2239680Z       racc (~> 1.4)
2025-10-30T00:48:35.2240007Z     nokogiri (1.18.10-arm-linux-gnu)
2025-10-30T00:48:35.2240390Z       racc (~> 1.4)
2025-10-30T00:48:35.2240730Z     nokogiri (1.18.10-arm-linux-musl)
2025-10-30T00:48:35.2241135Z       racc (~> 1.4)
2025-10-30T00:48:35.2241470Z     nokogiri (1.18.10-arm64-darwin)
2025-10-30T00:48:35.2241863Z       racc (~> 1.4)
2025-10-30T00:48:35.2242190Z     nokogiri (1.18.10-x86_64-darwin)
2025-10-30T00:48:35.2242575Z       racc (~> 1.4)
2025-10-30T00:48:35.2242906Z     nokogiri (1.18.10-x86_64-linux-gnu)
2025-10-30T00:48:35.2243329Z       racc (~> 1.4)
2025-10-30T00:48:35.2243675Z     nokogiri (1.18.10-x86_64-linux-musl)
2025-10-30T00:48:35.2244081Z       racc (~> 1.4)
2025-10-30T00:48:35.2244373Z     ostruct (0.6.3)
2025-10-30T00:48:35.2244862Z     pagy (6.5.0)
2025-10-30T00:48:35.2245199Z     parallel (1.27.0)
2025-10-30T00:48:35.2245555Z     parser (3.3.10.0)
2025-10-30T00:48:35.2245873Z       ast (~> 2.4.1)
2025-10-30T00:48:35.2246183Z       racc
2025-10-30T00:48:35.2246470Z     pg (1.6.2)
2025-10-30T00:48:35.2246789Z     pg (1.6.2-aarch64-linux)
2025-10-30T00:48:35.2247179Z     pg (1.6.2-aarch64-linux-musl)
2025-10-30T00:48:35.2247594Z     pg (1.6.2-arm64-darwin)
2025-10-30T00:48:35.2247956Z     pg (1.6.2-x86_64-darwin)
2025-10-30T00:48:35.2248321Z     pg (1.6.2-x86_64-linux)
2025-10-30T00:48:35.2248679Z     pg (1.6.2-x86_64-linux-musl)
2025-10-30T00:48:35.2249048Z     pp (0.6.3)
2025-10-30T00:48:35.2249337Z       prettyprint
2025-10-30T00:48:35.2249664Z     prettyprint (0.2.0)
2025-10-30T00:48:35.2250001Z     prism (1.6.0)
2025-10-30T00:48:35.2250339Z     psych (5.2.6)
2025-10-30T00:48:35.2250642Z       date
2025-10-30T00:48:35.2250888Z       stringio
2025-10-30T00:48:35.2251169Z     public_suffix (6.0.2)
2025-10-30T00:48:35.2251469Z     puma (7.1.0)
2025-10-30T00:48:35.2251741Z       nio4r (~> 2.0)
2025-10-30T00:48:35.2252238Z     racc (1.8.1)
2025-10-30T00:48:35.2252511Z     rack (3.2.3)
2025-10-30T00:48:35.2252797Z     rack-session (2.1.1)
2025-10-30T00:48:35.2253120Z       base64 (>= 0.1.0)
2025-10-30T00:48:35.2253420Z       rack (>= 3.0.0)
2025-10-30T00:48:35.2253724Z     rack-test (2.2.0)
2025-10-30T00:48:35.2254026Z       rack (>= 1.3)
2025-10-30T00:48:35.2254294Z     rackup (2.2.1)
2025-10-30T00:48:35.2254793Z       rack (>= 3)
2025-10-30T00:48:35.2255099Z     rails (8.0.4)
2025-10-30T00:48:35.2255401Z       actioncable (= 8.0.4)
2025-10-30T00:48:35.2255743Z       actionmailbox (= 8.0.4)
2025-10-30T00:48:35.2256115Z       actionmailer (= 8.0.4)
2025-10-30T00:48:35.2256459Z       actionpack (= 8.0.4)
2025-10-30T00:48:35.2256819Z       actiontext (= 8.0.4)
2025-10-30T00:48:35.2257165Z       actionview (= 8.0.4)
2025-10-30T00:48:35.2257513Z       activejob (= 8.0.4)
2025-10-30T00:48:35.2257860Z       activemodel (= 8.0.4)
2025-10-30T00:48:35.2258223Z       activerecord (= 8.0.4)
2025-10-30T00:48:35.2258610Z       activestorage (= 8.0.4)
2025-10-30T00:48:35.2258984Z       activesupport (= 8.0.4)
2025-10-30T00:48:35.2259368Z       bundler (>= 1.15.0)
2025-10-30T00:48:35.2259716Z       railties (= 8.0.4)
2025-10-30T00:48:35.2260091Z     rails-dom-testing (2.3.0)
2025-10-30T00:48:35.2260494Z       activesupport (>= 5.0.0)
2025-10-30T00:48:35.2261144Z       minitest
2025-10-30T00:48:35.2261466Z       nokogiri (>= 1.6)
2025-10-30T00:48:35.2261838Z     rails-html-sanitizer (1.6.2)
2025-10-30T00:48:35.2262212Z       loofah (~> 2.21)
2025-10-30T00:48:35.2262751Z       nokogiri (>= 1.15.7, != 1.16.7, != 1.16.6, != 1.16.5, != 1.16.4, != 1.16.3, != 1.16.2, != 1.16.1, != 1.16.0.rc1, != 1.16.0)
2025-10-30T00:48:35.2263355Z     rails-i18n (8.0.2)
2025-10-30T00:48:35.2263682Z       i18n (>= 0.7, < 2)
2025-10-30T00:48:35.2264039Z       railties (>= 8.0.0, < 9)
2025-10-30T00:48:35.2264399Z     railties (8.0.4)
2025-10-30T00:48:35.2264947Z       actionpack (= 8.0.4)
2025-10-30T00:48:35.2265315Z       activesupport (= 8.0.4)
2025-10-30T00:48:35.2265708Z       irb (~> 1.13)
2025-10-30T00:48:35.2266026Z       rackup (>= 1.0.0)
2025-10-30T00:48:35.2266365Z       rake (>= 12.2)
2025-10-30T00:48:35.2266804Z       thor (~> 1.0, >= 1.2.2)
2025-10-30T00:48:35.2267022Z       tsort (>= 0.2)
2025-10-30T00:48:35.2267204Z       zeitwerk (~> 2.6)
2025-10-30T00:48:35.2267388Z     rainbow (3.1.1)
2025-10-30T00:48:35.2267560Z     rake (13.3.0)
2025-10-30T00:48:35.2267719Z     rdoc (6.15.0)
2025-10-30T00:48:35.2267882Z       erb
2025-10-30T00:48:35.2268039Z       psych (>= 4.0.0)
2025-10-30T00:48:35.2268219Z       tsort
2025-10-30T00:48:35.2268369Z     reek (6.5.0)
2025-10-30T00:48:35.2268545Z       dry-schema (~> 1.13)
2025-10-30T00:48:35.2268734Z       logger (~> 1.6)
2025-10-30T00:48:35.2268916Z       parser (~> 3.3.0)
2025-10-30T00:48:35.2269094Z       rainbow (>= 2.0, < 4.0)
2025-10-30T00:48:35.2269296Z       rexml (~> 3.1)
2025-10-30T00:48:35.2269481Z     regexp_parser (2.11.3)
2025-10-30T00:48:35.2269669Z     reline (0.6.2)
2025-10-30T00:48:35.2269849Z       io-console (~> 0.5)
2025-10-30T00:48:35.2270028Z     rexml (3.4.4)
2025-10-30T00:48:35.2270201Z     rspec-core (3.13.6)
2025-10-30T00:48:35.2270389Z       rspec-support (~> 3.13.0)
2025-10-30T00:48:35.2270610Z     rspec-expectations (3.13.5)
2025-10-30T00:48:35.2270821Z       diff-lcs (>= 1.2.0, < 2.0)
2025-10-30T00:48:35.2271041Z       rspec-support (~> 3.13.0)
2025-10-30T00:48:35.2271241Z     rspec-mocks (3.13.6)
2025-10-30T00:48:35.2271437Z       diff-lcs (>= 1.2.0, < 2.0)
2025-10-30T00:48:35.2271643Z       rspec-support (~> 3.13.0)
2025-10-30T00:48:35.2271846Z     rspec-rails (6.1.5)
2025-10-30T00:48:35.2272034Z       actionpack (>= 6.1)
2025-10-30T00:48:35.2272227Z       activesupport (>= 6.1)
2025-10-30T00:48:35.2272428Z       railties (>= 6.1)
2025-10-30T00:48:35.2272606Z       rspec-core (~> 3.13)
2025-10-30T00:48:35.2272812Z       rspec-expectations (~> 3.13)
2025-10-30T00:48:35.2273032Z       rspec-mocks (~> 3.13)
2025-10-30T00:48:35.2273237Z       rspec-support (~> 3.13)
2025-10-30T00:48:35.2273621Z     rspec-support (3.13.6)
2025-10-30T00:48:35.2273836Z     rspec_junit_formatter (0.6.0)
2025-10-30T00:48:35.2274063Z       rspec-core (>= 2, < 4, != 2.12.0)
2025-10-30T00:48:35.2274292Z     rswag-api (2.16.0)
2025-10-30T00:48:35.2274491Z       activesupport (>= 5.2, < 8.1)
2025-10-30T00:48:35.2274938Z       railties (>= 5.2, < 8.1)
2025-10-30T00:48:35.2275149Z     rswag-specs (2.16.0)
2025-10-30T00:48:35.2275348Z       activesupport (>= 5.2, < 8.1)
2025-10-30T00:48:35.2275572Z       json-schema (>= 2.2, < 6.0)
2025-10-30T00:48:35.2275779Z       railties (>= 5.2, < 8.1)
2025-10-30T00:48:35.2275983Z       rspec-core (>= 2.14)
2025-10-30T00:48:35.2276177Z     rswag-ui (2.16.0)
2025-10-30T00:48:35.2276371Z       actionpack (>= 5.2, < 8.1)
2025-10-30T00:48:35.2276573Z       railties (>= 5.2, < 8.1)
2025-10-30T00:48:35.2276768Z     rubocop (1.81.6)
2025-10-30T00:48:35.2276947Z       json (~> 2.3)
2025-10-30T00:48:35.2277147Z       language_server-protocol (~> 3.17.0.2)
2025-10-30T00:48:35.2277408Z       lint_roller (~> 1.1.0)
2025-10-30T00:48:35.2277606Z       parallel (~> 1.10)
2025-10-30T00:48:35.2277796Z       parser (>= 3.3.0.2)
2025-10-30T00:48:35.2277984Z       rainbow (>= 2.2.2, < 4.0)
2025-10-30T00:48:35.2278200Z       regexp_parser (>= 2.9.3, < 3.0)
2025-10-30T00:48:35.2278425Z       rubocop-ast (>= 1.47.1, < 2.0)
2025-10-30T00:48:35.2278827Z       ruby-progressbar (~> 1.7)
2025-10-30T00:48:35.2279209Z       unicode-display_width (>= 2.4.0, < 4.0)
2025-10-30T00:48:35.2279654Z     rubocop-ast (1.47.1)
2025-10-30T00:48:35.2279971Z       parser (>= 3.3.7.2)
2025-10-30T00:48:35.2280306Z       prism (~> 1.4)
2025-10-30T00:48:35.2280502Z     rubocop-capybara (2.22.1)
2025-10-30T00:48:35.2280713Z       lint_roller (~> 1.1)
2025-10-30T00:48:35.2280908Z       rubocop (~> 1.72, >= 1.72.1)
2025-10-30T00:48:35.2281130Z     rubocop-factory_bot (2.27.1)
2025-10-30T00:48:35.2281340Z       lint_roller (~> 1.1)
2025-10-30T00:48:35.2281526Z       rubocop (~> 1.72, >= 1.72.1)
2025-10-30T00:48:35.2281744Z     rubocop-rails (2.33.4)
2025-10-30T00:48:35.2281935Z       activesupport (>= 4.2.0)
2025-10-30T00:48:35.2282136Z       lint_roller (~> 1.1)
2025-10-30T00:48:35.2282319Z       rack (>= 1.1)
2025-10-30T00:48:35.2282490Z       rubocop (>= 1.75.0, < 2.0)
2025-10-30T00:48:35.2282692Z       rubocop-ast (>= 1.44.0, < 2.0)
2025-10-30T00:48:35.2282921Z     rubocop-rspec (2.31.0)
2025-10-30T00:48:35.2283110Z       rubocop (~> 1.40)
2025-10-30T00:48:35.2283304Z       rubocop-capybara (~> 2.17)
2025-10-30T00:48:35.2283515Z       rubocop-factory_bot (~> 2.22)
2025-10-30T00:48:35.2283742Z       rubocop-rspec_rails (~> 2.28)
2025-10-30T00:48:35.2283964Z     rubocop-rspec_rails (2.29.1)
2025-10-30T00:48:35.2284165Z       rubocop (~> 1.61)
2025-10-30T00:48:35.2284358Z     ruby-progressbar (1.13.0)
2025-10-30T00:48:35.2284756Z     rubyzip (2.4.1)
2025-10-30T00:48:35.2284944Z     securerandom (0.4.1)
2025-10-30T00:48:35.2285138Z     shoulda-matchers (6.5.0)
2025-10-30T00:48:35.2285348Z       activesupport (>= 5.2.0)
2025-10-30T00:48:35.2285551Z     simplecov (0.22.0)
2025-10-30T00:48:35.2285737Z       docile (~> 1.1)
2025-10-30T00:48:35.2285917Z       simplecov-html (~> 0.11)
2025-10-30T00:48:35.2286133Z       simplecov_json_formatter (~> 0.1)
2025-10-30T00:48:35.2286376Z     simplecov-html (0.13.2)
2025-10-30T00:48:35.2286596Z     simplecov_json_formatter (0.1.4)
2025-10-30T00:48:35.2286819Z     stringio (3.1.7)
2025-10-30T00:48:35.2286997Z     terminal-table (4.0.0)
2025-10-30T00:48:35.2287215Z       unicode-display_width (>= 1.1.1, < 4)
2025-10-30T00:48:35.2287435Z     thor (1.4.0)
2025-10-30T00:48:35.2287601Z     timeout (0.4.3)
2025-10-30T00:48:35.2287765Z     tomlrb (2.0.3)
2025-10-30T00:48:35.2287932Z     tsort (0.2.0)
2025-10-30T00:48:35.2288094Z     tzinfo (2.0.6)
2025-10-30T00:48:35.2288276Z       concurrent-ruby (~> 1.0)
2025-10-30T00:48:35.2288483Z     u-attributes (2.8.0)
2025-10-30T00:48:35.2288666Z       kind (>= 4.0, < 6.0)
2025-10-30T00:48:35.2288851Z     u-case (4.5.2)
2025-10-30T00:48:35.2289013Z       kind (>= 5.6, < 6.0)
2025-10-30T00:48:35.2289366Z       u-attributes (>= 2.7, < 3.0)
2025-10-30T00:48:35.2289584Z     unicode-display_width (3.2.0)
2025-10-30T00:48:35.2289804Z       unicode-emoji (~> 4.1)
2025-10-30T00:48:35.2290004Z     unicode-emoji (4.1.0)
2025-10-30T00:48:35.2290194Z     uri (1.0.4)
2025-10-30T00:48:35.2290367Z     useragent (0.16.11)
2025-10-30T00:48:35.2290563Z     websocket-driver (0.8.0)
2025-10-30T00:48:35.2290753Z       base64
2025-10-30T00:48:35.2290933Z       websocket-extensions (>= 0.1.0)
2025-10-30T00:48:35.2291168Z     websocket-extensions (0.1.5)
2025-10-30T00:48:35.2291368Z     with_env (1.1.0)
2025-10-30T00:48:35.2291545Z     xml-simple (1.1.9)
2025-10-30T00:48:35.2291714Z       rexml
2025-10-30T00:48:35.2291871Z     zeitwerk (2.7.3)
2025-10-30T00:48:35.2291980Z 
2025-10-30T00:48:35.2292054Z PLATFORMS
2025-10-30T00:48:35.2292215Z   aarch64-linux
2025-10-30T00:48:35.2292381Z   aarch64-linux-gnu
2025-10-30T00:48:35.2292556Z   aarch64-linux-musl
2025-10-30T00:48:35.2292724Z   arm-linux-gnu
2025-10-30T00:48:35.2292895Z   arm-linux-musl
2025-10-30T00:48:35.2293052Z   arm64-darwin
2025-10-30T00:48:35.2293211Z   x86_64-darwin
2025-10-30T00:48:35.2293369Z   x86_64-linux
2025-10-30T00:48:35.2293520Z   x86_64-linux-gnu
2025-10-30T00:48:35.2293685Z   x86_64-linux-musl
2025-10-30T00:48:35.2293786Z 
2025-10-30T00:48:35.2293958Z DEPENDENCIES
2025-10-30T00:48:35.2294130Z   blueprinter (~> 1.0)
2025-10-30T00:48:35.2294305Z   brakeman (~> 6.1)
2025-10-30T00:48:35.2294483Z   bundler-audit (~> 0.9)
2025-10-30T00:48:35.2294852Z   debug
2025-10-30T00:48:35.2295005Z   dotenv-rails
2025-10-30T00:48:35.2295174Z   factory_bot_rails (~> 6.4)
2025-10-30T00:48:35.2295372Z   faker (~> 3.2)
2025-10-30T00:48:35.2295532Z   i18n-tasks
2025-10-30T00:48:35.2295688Z   license_finder
2025-10-30T00:48:35.2295850Z   ostruct
2025-10-30T00:48:35.2296000Z   pagy (~> 6.0)
2025-10-30T00:48:35.2296163Z   pg (~> 1.1)
2025-10-30T00:48:35.2296314Z   puma (>= 5.0)
2025-10-30T00:48:35.2296475Z   rails (~> 8.0.2)
2025-10-30T00:48:35.2296640Z   rails-i18n
2025-10-30T00:48:35.2296794Z   reek
2025-10-30T00:48:35.2296946Z   rspec-rails (~> 6.1)
2025-10-30T00:48:35.2297140Z   rspec_junit_formatter (~> 0.6)
2025-10-30T00:48:35.2297348Z   rswag-api (~> 2.13)
2025-10-30T00:48:35.2297534Z   rswag-specs (~> 2.13)
2025-10-30T00:48:35.2297714Z   rswag-ui (~> 2.13)
2025-10-30T00:48:35.2297896Z   rubocop (~> 1.59)
2025-10-30T00:48:35.2298074Z   rubocop-rails (~> 2.23)
2025-10-30T00:48:35.2298269Z   rubocop-rspec (~> 2.26)
2025-10-30T00:48:35.2298474Z   shoulda-matchers (~> 6.0)
2025-10-30T00:48:35.2298671Z   simplecov (~> 0.22)
2025-10-30T00:48:35.2298850Z   tzinfo-data
2025-10-30T00:48:35.2299006Z   u-case (~> 4.5)
2025-10-30T00:48:35.2299109Z 
2025-10-30T00:48:35.2299184Z BUNDLED WITH
2025-10-30T00:48:35.2299339Z    2.6.9
2025-10-30T00:48:35.2299774Z ##[endgroup]
2025-10-30T00:48:35.2300611Z Cache key: setup-ruby-bundler-cache-v6-ubuntu-24.04-x64-ruby-3.3.10-wd-/home/runner/work/restaurant/restaurant-with--without--only--Gemfile.lock-d55fc1d3465e457c9082700b0ff103cce4170f5a7a5755fdbc99aa04b04c6fe6
2025-10-30T00:48:35.4508273Z Cache hit for: setup-ruby-bundler-cache-v6-ubuntu-24.04-x64-ruby-3.3.10-wd-/home/runner/work/restaurant/restaurant-with--without--only--Gemfile.lock-d55fc1d3465e457c9082700b0ff103cce4170f5a7a5755fdbc99aa04b04c6fe6
2025-10-30T00:48:36.7668178Z Received 0 of 58822349 (0.0%), 0.0 MBs/sec
2025-10-30T00:48:37.4658974Z Received 58822349 of 58822349 (100.0%), 32.9 MBs/sec
2025-10-30T00:48:37.4660642Z Cache Size: ~56 MB (58822349 B)
2025-10-30T00:48:37.4754868Z [command]/usr/bin/tar -xf /home/runner/work/_temp/9b4c5b38-38b8-43e4-a96e-d31c9f3f85fd/cache.tzst -P -C /home/runner/work/restaurant/restaurant --use-compress-program unzstd
2025-10-30T00:48:38.0556944Z Cache restored successfully
2025-10-30T00:48:38.0677009Z Found cache for key: setup-ruby-bundler-cache-v6-ubuntu-24.04-x64-ruby-3.3.10-wd-/home/runner/work/restaurant/restaurant-with--without--only--Gemfile.lock-d55fc1d3465e457c9082700b0ff103cce4170f5a7a5755fdbc99aa04b04c6fe6
2025-10-30T00:48:38.0693036Z [command]/opt/hostedtoolcache/Ruby/3.3.10/x64/bin/bundle install --jobs 4
2025-10-30T00:48:38.4069457Z Bundle complete! 28 Gemfile dependencies, 137 gems now installed.
2025-10-30T00:48:38.4070755Z Bundled gems are installed into `./vendor/bundle`
2025-10-30T00:48:38.4073686Z 1 installed gem you directly depend on is looking for funding.
2025-10-30T00:48:38.4074251Z   Run `bundle fund` for details
2025-10-30T00:48:38.4212085Z Took   3.52 seconds
2025-10-30T00:48:38.4322026Z ##[group]Run if bundle exec i18n-tasks health; then
2025-10-30T00:48:38.4322393Z [36;1mif bundle exec i18n-tasks health; then[0m
2025-10-30T00:48:38.4322663Z [36;1m  echo "i18n OK"[0m
2025-10-30T00:48:38.4322868Z [36;1melse[0m
2025-10-30T00:48:38.4323064Z [36;1m  echo "Problemas de i18n" && exit 1[0m
2025-10-30T00:48:38.4323316Z [36;1mfi[0m
2025-10-30T00:48:38.4359578Z shell: /usr/bin/bash -e {0}
2025-10-30T00:48:38.4359827Z ##[endgroup]
2025-10-30T00:48:38.9953008Z #StandWithUkraine
2025-10-30T00:48:39.0272803Z Forest (en, pt-BR) has 322 keys across 2 locales. On average, values are 17 characters long, keys have 3.6 segments, a locale has 161 keys.
2025-10-30T00:48:39.3040623Z ✓ Good job! No translations are missing.
2025-10-30T00:48:39.4222863Z Unused keys (278) | i18n-tasks v1.0.15
2025-10-30T00:48:39.4544154Z +--------+------------------------------------------------------------------+-------------------------------------------------------------------------------------------------------------------------------------------+
2025-10-30T00:48:39.4545672Z | Locale | Key                                                              | Value                                                                                                                                     |
2025-10-30T00:48:39.4546695Z +--------+------------------------------------------------------------------+-------------------------------------------------------------------------------------------------------------------------------------------+
2025-10-30T00:48:39.4547984Z |   en   | activerecord.attributes.menu.created_at                          | Created at                                                                                                                                |
2025-10-30T00:48:39.4549178Z |   en   | activerecord.attributes.menu.name                                | Name                                                                                                                                      |
2025-10-30T00:48:39.4550385Z |   en   | activerecord.attributes.menu.restaurant                          | Restaurant                                                                                                                                |
2025-10-30T00:48:39.4551687Z |   en   | activerecord.attributes.menu.restaurant_id                       | Restaurant ID                                                                                                                             |
2025-10-30T00:48:39.4552978Z |   en   | activerecord.attributes.menu.updated_at                          | Updated at                                                                                                                                |
2025-10-30T00:48:39.4554244Z |   en   | activerecord.attributes.menu_item.created_at                     | Created at                                                                                                                                |
2025-10-30T00:48:39.4555657Z |   en   | activerecord.attributes.menu_item.name                           | Name                                                                                                                                      |
2025-10-30T00:48:39.4556851Z |   en   | activerecord.attributes.menu_item.updated_at                     | Updated at                                                                                                                                |
2025-10-30T00:48:39.4558165Z |   en   | activerecord.attributes.menu_item_placement.created_at           | Created at                                                                                                                                |
2025-10-30T00:48:39.4559905Z |   en   | activerecord.attributes.menu_item_placement.menu                 | Menu                                                                                                                                      |
2025-10-30T00:48:39.4561563Z |   en   | activerecord.attributes.menu_item_placement.menu_id              | Menu ID                                                                                                                                   |
2025-10-30T00:48:39.4562895Z |   en   | activerecord.attributes.menu_item_placement.menu_item            | Menu Item                                                                                                                                 |
2025-10-30T00:48:39.4564245Z |   en   | activerecord.attributes.menu_item_placement.menu_item_id         | Menu Item ID                                                                                                                              |
2025-10-30T00:48:39.4565775Z |   en   | activerecord.attributes.menu_item_placement.price                | Price                                                                                                                                     |
2025-10-30T00:48:39.4567133Z |   en   | activerecord.attributes.menu_item_placement.updated_at           | Updated at                                                                                                                                |
2025-10-30T00:48:39.4568484Z |   en   | activerecord.attributes.restaurant.created_at                    | Created at                                                                                                                                |
2025-10-30T00:48:39.4569735Z |   en   | activerecord.attributes.restaurant.name                          | Name                                                                                                                                      |
2025-10-30T00:48:39.4570997Z |   en   | activerecord.attributes.restaurant.updated_at                    | Updated at                                                                                                                                |
2025-10-30T00:48:39.4572399Z |   en   | activerecord.errors.messages.record_invalid                      | Validation failed: %{errors}                                                                                                              |
2025-10-30T00:48:39.4574118Z |   en   | activerecord.errors.messages.restrict_dependent_destroy.has_many | Cannot delete record because dependent %{record} exist                                                                                    |
2025-10-30T00:48:39.4576259Z |   en   | activerecord.errors.messages.restrict_dependent_destroy.has_one  | Cannot delete record because a dependent %{record} exists                                                                                 |
2025-10-30T00:48:39.4577761Z |   en   | activerecord.models.menu                                         | Menu                                                                                                                                      |
2025-10-30T00:48:39.4578786Z |   en   | activerecord.models.menu_item                                    | Menu Item                                                                                                                                 |
2025-10-30T00:48:39.4579981Z |   en   | activerecord.models.menu_item_placement                          | Menu Item Placement                                                                                                                       |
2025-10-30T00:48:39.4581227Z |   en   | activerecord.models.restaurant                                   | Restaurant                                                                                                                                |
2025-10-30T00:48:39.4582567Z |   en   | date.abbr_day_names                                              | ["Sun", "Mon", "Tue", "Wed", "Thu", "Fri", "Sat"]                                                                                         |
2025-10-30T00:48:39.4583926Z |   en   | date.abbr_month_names                                            | [nil, "Jan", "Feb", "Mar", "Apr", "May", "Jun", "Jul", "Aug", "Sep", "Oct", "Nov", "Dec"]                                                 |
2025-10-30T00:48:39.4585430Z |   en   | date.day_names                                                   | ["Sunday", "Monday", "Tuesday", "Wednesday", "Thursday", "Friday", "Saturday"]                                                            |
2025-10-30T00:48:39.4586728Z |   en   | date.formats.default                                             | %Y-%m-%d                                                                                                                                  |
2025-10-30T00:48:39.4587636Z |   en   | date.formats.long                                                | %B %d, %Y                                                                                                                                 |
2025-10-30T00:48:39.4588503Z |   en   | date.formats.short                                               | %b %d                                                                                                                                     |
2025-10-30T00:48:39.4589695Z |   en   | date.month_names                                                 | [nil, "January", "February", "March", "April", "May", "June", "July", "August", "September", "October", "November", "December"]           |
2025-10-30T00:48:39.4590894Z |   en   | date.order                                                       | [:year, :month, :day]                                                                                                                     |
2025-10-30T00:48:39.4592096Z |   en   | datetime.distance_in_words.about_x_hours                         | {"one"=>"about %{count} hour", "other"=>"about %{count} hours"}                                                                           |
2025-10-30T00:48:39.4593609Z |   en   | datetime.distance_in_words.about_x_months                        | {"one"=>"about %{count} month", "other"=>"about %{count} months"}                                                                         |
2025-10-30T00:48:39.4595312Z |   en   | datetime.distance_in_words.about_x_years                         | {"one"=>"about %{count} year", "other"=>"about %{count} years"}                                                                           |
2025-10-30T00:48:39.4596828Z |   en   | datetime.distance_in_words.almost_x_years                        | {"one"=>"almost %{count} year", "other"=>"almost %{count} years"}                                                                         |
2025-10-30T00:48:39.4598190Z |   en   | datetime.distance_in_words.half_a_minute                         | half a minute                                                                                                                             |
2025-10-30T00:48:39.4599626Z |   en   | datetime.distance_in_words.less_than_x_minutes                   | {"one"=>"less than a minute", "other"=>"less than %{count} minutes"}                                                                      |
2025-10-30T00:48:39.4601159Z |   en   | datetime.distance_in_words.less_than_x_seconds                   | {"one"=>"less than %{count} second", "other"=>"less than %{count} seconds"}                                                               |
2025-10-30T00:48:39.4602721Z |   en   | datetime.distance_in_words.over_x_years                          | {"one"=>"over %{count} year", "other"=>"over %{count} years"}                                                                             |
2025-10-30T00:48:39.4604082Z |   en   | datetime.distance_in_words.x_days                                | {"one"=>"%{count} day", "other"=>"%{count} days"}                                                                                         |
2025-10-30T00:48:39.4605856Z |   en   | datetime.distance_in_words.x_minutes                             | {"one"=>"%{count} minute", "other"=>"%{count} minutes"}                                                                                   |
2025-10-30T00:48:39.4607428Z |   en   | datetime.distance_in_words.x_months                              | {"one"=>"%{count} month", "other"=>"%{count} months"}                                                                                     |
2025-10-30T00:48:39.4608817Z |   en   | datetime.distance_in_words.x_seconds                             | {"one"=>"%{count} second", "other"=>"%{count} seconds"}                                                                                   |
2025-10-30T00:48:39.4610166Z |   en   | datetime.distance_in_words.x_years                               | {"one"=>"%{count} year", "other"=>"%{count} years"}                                                                                       |
2025-10-30T00:48:39.4611291Z |   en   | datetime.prompts.day                                             | Day                                                                                                                                       |
2025-10-30T00:48:39.4612225Z |   en   | datetime.prompts.hour                                            | Hour                                                                                                                                      |
2025-10-30T00:48:39.4613207Z |   en   | datetime.prompts.minute                                          | Minute                                                                                                                                    |
2025-10-30T00:48:39.4614196Z |   en   | datetime.prompts.month                                           | Month                                                                                                                                     |
2025-10-30T00:48:39.4615357Z |   en   | datetime.prompts.second                                          | Second                                                                                                                                    |
2025-10-30T00:48:39.4616352Z |   en   | datetime.prompts.year                                            | Year                                                                                                                                      |
2025-10-30T00:48:39.4617330Z |   en   | errors.format                                                    | %{attribute} %{message}                                                                                                                   |
2025-10-30T00:48:39.4618443Z |   en   | errors.menu_items.create_failed                                  | Failed to create menu item                                                                                                                |
2025-10-30T00:48:39.4619693Z |   en   | errors.menu_items.destroy_failed                                 | Failed to destroy menu item                                                                                                               |
2025-10-30T00:48:39.4620880Z |   en   | errors.menu_items.not_found                                      | Menu item not found                                                                                                                       |
2025-10-30T00:48:39.4622043Z |   en   | errors.menu_items.update_failed                                  | Failed to update menu item                                                                                                                |
2025-10-30T00:48:39.4623218Z |   en   | errors.menus.create_failed                                       | Failed to create menu                                                                                                                     |
2025-10-30T00:48:39.4624732Z |   en   | errors.menus.destroy_failed                                      | Failed to destroy menu                                                                                                                    |
2025-10-30T00:48:39.4626034Z |   en   | errors.menus.not_found                                           | Menu not found                                                                                                                            |
2025-10-30T00:48:39.4627135Z |   en   | errors.menus.update_failed                                       | Failed to update menu                                                                                                                     |
2025-10-30T00:48:39.4628270Z |   en   | errors.messages.accepted                                         | must be accepted                                                                                                                          |
2025-10-30T00:48:39.4629318Z |   en   | errors.messages.blank                                            | can't be blank                                                                                                                            |
2025-10-30T00:48:39.4630438Z |   en   | errors.messages.confirmation                                     | doesn't match %{attribute}                                                                                                                |
2025-10-30T00:48:39.4631563Z |   en   | errors.messages.empty                                            | can't be empty                                                                                                                            |
2025-10-30T00:48:39.4632609Z |   en   | errors.messages.equal_to                                         | must be equal to %{count}                                                                                                                 |
2025-10-30T00:48:39.4633663Z |   en   | errors.messages.even                                             | must be even                                                                                                                              |
2025-10-30T00:48:39.4634868Z |   en   | errors.messages.exclusion                                        | is reserved                                                                                                                               |
2025-10-30T00:48:39.4636022Z |   en   | errors.messages.greater_than                                     | must be greater than %{count}                                                                                                             |
2025-10-30T00:48:39.4637328Z |   en   | errors.messages.greater_than_or_equal_to                         | must be greater than or equal to %{count}                                                                                                 |
2025-10-30T00:48:39.4638506Z |   en   | errors.messages.in                                               | must be in %{count}                                                                                                                       |
2025-10-30T00:48:39.4639585Z |   en   | errors.messages.inclusion                                        | is not included in the list                                                                                                               |
2025-10-30T00:48:39.4640676Z |   en   | errors.messages.invalid                                          | is invalid                                                                                                                                |
2025-10-30T00:48:39.4641750Z |   en   | errors.messages.less_than                                        | must be less than %{count}                                                                                                                |
2025-10-30T00:48:39.4642966Z |   en   | errors.messages.less_than_or_equal_to                            | must be less than or equal to %{count}                                                                                                    |
2025-10-30T00:48:39.4644488Z |   en   | errors.messages.model_invalid                                    | Validation failed: %{errors}                                                                                                              |
2025-10-30T00:48:39.4646024Z |   en   | errors.messages.not_a_number                                     | is not a number                                                                                                                           |
2025-10-30T00:48:39.4647115Z |   en   | errors.messages.not_an_integer                                   | is not an integer                                                                                                                         |
2025-10-30T00:48:39.4648154Z |   en   | errors.messages.odd                                              | must be odd                                                                                                                               |
2025-10-30T00:48:39.4649213Z |   en   | errors.messages.other_than                                       | must be other than %{count}                                                                                                               |
2025-10-30T00:48:39.4650325Z |   en   | errors.messages.present                                          | must be blank                                                                                                                             |
2025-10-30T00:48:39.4651363Z |   en   | errors.messages.required                                         | must exist                                                                                                                                |
2025-10-30T00:48:39.4652422Z |   en   | errors.messages.taken                                            | has already been taken                                                                                                                    |
2025-10-30T00:48:39.4653774Z |   en   | errors.messages.too_long                                         | {"one"=>"is too long (maximum is %{count} character)", "other"=>"is too long (maximum is %{count} characters)"}                           |
2025-10-30T00:48:39.4655566Z |   en   | errors.messages.too_short                                        | {"one"=>"is too short (minimum is %{count} character)", "other"=>"is too short (minimum is %{count} characters)"}                         |
2025-10-30T00:48:39.4657238Z |   en   | errors.messages.wrong_length                                     | {"one"=>"is the wrong length (should be %{count} character)", "other"=>"is the wrong length (should be %{count} characters)"}             |
2025-10-30T00:48:39.4658744Z |   en   | errors.restaurants.create_failed                                 | Failed to create restaurant                                                                                                               |
2025-10-30T00:48:39.4660064Z |   en   | errors.restaurants.destroy_failed                                | Failed to destroy restaurant                                                                                                              |
2025-10-30T00:48:39.4661332Z |   en   | errors.restaurants.not_found                                     | Restaurant not found                                                                                                                      |
2025-10-30T00:48:39.4662574Z |   en   | errors.restaurants.update_failed                                 | Failed to update restaurant                                                                                                               |
2025-10-30T00:48:39.4663891Z |   en   | errors.template.body                                             | There were problems with the following fields:                                                                                            |
2025-10-30T00:48:39.4665579Z |   en   | errors.template.header                                           | {"one"=>"%{count} error prohibited this %{model} from being saved", "other"=>"%{count} errors prohibited this %{model} from being saved"} |
2025-10-30T00:48:39.4667255Z |   en   | errors.validation.invalid_price                                  | Invalid price                                                                                                                             |
2025-10-30T00:48:39.4668532Z |   en   | errors.validation.name_required                                  | Name can't be blank                                                                                                                       |
2025-10-30T00:48:39.4669574Z |   en   | errors.validation.name_taken                                     | Name has already been taken                                                                                                               |
2025-10-30T00:48:39.4670703Z |   en   | errors.validation.price_negative                                 | Price cannot be negative                                                                                                                  |
2025-10-30T00:48:39.4671783Z |   en   | number.currency.format.delimiter                                 | ,                                                                                                                                         |
2025-10-30T00:48:39.4672900Z |   en   | number.currency.format.format                                    | %u%n                                                                                                                                      |
2025-10-30T00:48:39.4673866Z |   en   | number.currency.format.precision                                 | 2                                                                                                                                         |
2025-10-30T00:48:39.4675082Z |   en   | number.currency.format.separator                                 | .                                                                                                                                         |
2025-10-30T00:48:39.4676147Z |   en   | number.currency.format.significant                               | false                                                                                                                                     |
2025-10-30T00:48:39.4677359Z |   en   | number.currency.format.strip_insignificant_zeros                 | false                                                                                                                                     |
2025-10-30T00:48:39.4678527Z |   en   | number.currency.format.unit                                      | $                                                                                                                                         |
2025-10-30T00:48:39.4679466Z |   en   | number.format.delimiter                                          | ,                                                                                                                                         |
2025-10-30T00:48:39.4680399Z |   en   | number.format.precision                                          | 3                                                                                                                                         |
2025-10-30T00:48:39.4681356Z |   en   | number.format.round_mode                                         | default                                                                                                                                   |
2025-10-30T00:48:39.4682315Z |   en   | number.format.separator                                          | .                                                                                                                                         |
2025-10-30T00:48:39.4683277Z |   en   | number.format.significant                                        | false                                                                                                                                     |
2025-10-30T00:48:39.4684769Z |   en   | number.format.strip_insignificant_zeros                          | false                                                                                                                                     |
2025-10-30T00:48:39.4686203Z |   en   | number.human.decimal_units.format                                | %n %u                                                                                                                                     |
2025-10-30T00:48:39.4687344Z |   en   | number.human.decimal_units.units.billion                         | Billion                                                                                                                                   |
2025-10-30T00:48:39.4688521Z |   en   | number.human.decimal_units.units.million                         | Million                                                                                                                                   |
2025-10-30T00:48:39.4689760Z |   en   | number.human.decimal_units.units.quadrillion                     | Quadrillion                                                                                                                               |
2025-10-30T00:48:39.4690967Z |   en   | number.human.decimal_units.units.thousand                        | Thousand                                                                                                                                  |
2025-10-30T00:48:39.4692088Z |   en   | number.human.decimal_units.units.trillion                        | Trillion                                                                                                                                  |
2025-10-30T00:48:39.4693168Z |   en   | number.human.decimal_units.units.unit                            |                                                                                                                                           |
2025-10-30T00:48:39.4694149Z |   en   | number.human.format.delimiter                                    |                                                                                                                                           |
2025-10-30T00:48:39.4695282Z |   en   | number.human.format.precision                                    | 3                                                                                                                                         |
2025-10-30T00:48:39.4696263Z |   en   | number.human.format.significant                                  | true                                                                                                                                      |
2025-10-30T00:48:39.4697349Z |   en   | number.human.format.strip_insignificant_zeros                    | true                                                                                                                                      |
2025-10-30T00:48:39.4698416Z |   en   | number.human.storage_units.format                                | %n %u                                                                                                                                     |
2025-10-30T00:48:39.4699600Z |   en   | number.human.storage_units.units.byte                            | {"one"=>"Byte", "other"=>"Bytes"}                                                                                                         |
2025-10-30T00:48:39.4700742Z |   en   | number.human.storage_units.units.eb                              | EB                                                                                                                                        |
2025-10-30T00:48:39.4701774Z |   en   | number.human.storage_units.units.gb                              | GB                                                                                                                                        |
2025-10-30T00:48:39.4702780Z |   en   | number.human.storage_units.units.kb                              | KB                                                                                                                                        |
2025-10-30T00:48:39.4704299Z |   en   | number.human.storage_units.units.mb                              | MB                                                                                                                                        |
2025-10-30T00:48:39.4705743Z |   en   | number.human.storage_units.units.pb                              | PB                                                                                                                                        |
2025-10-30T00:48:39.4706756Z |   en   | number.human.storage_units.units.tb                              | TB                                                                                                                                        |
2025-10-30T00:48:39.4707669Z |   en   | number.percentage.format.delimiter                               |                                                                                                                                           |
2025-10-30T00:48:39.4708631Z |   en   | number.percentage.format.format                                  | %n%                                                                                                                                       |
2025-10-30T00:48:39.4709594Z |   en   | number.precision.format.delimiter                                |                                                                                                                                           |
2025-10-30T00:48:39.4710595Z |   en   | support.array.last_word_connector                                | , and                                                                                                                                     |
2025-10-30T00:48:39.4711566Z |   en   | support.array.two_words_connector                                | and                                                                                                                                       |
2025-10-30T00:48:39.4712522Z |   en   | support.array.words_connector                                    | ,                                                                                                                                         |
2025-10-30T00:48:39.4713377Z |   en   | time.am                                                          | am                                                                                                                                        |
2025-10-30T00:48:39.4714195Z |   en   | time.formats.default                                             | %a, %d %b %Y %H:%M:%S %z                                                                                                                  |
2025-10-30T00:48:39.4715278Z |   en   | time.formats.long                                                | %B %d, %Y %H:%M                                                                                                                           |
2025-10-30T00:48:39.4716162Z |   en   | time.formats.short                                               | %d %b %H:%M                                                                                                                               |
2025-10-30T00:48:39.4716965Z |   en   | time.pm                                                          | pm                                                                                                                                        |
2025-10-30T00:48:39.4717968Z | pt-BR  | activerecord.attributes.menu.created_at                          | Criado em                                                                                                                                 |
2025-10-30T00:48:39.4719144Z | pt-BR  | activerecord.attributes.menu.name                                | Nome                                                                                                                                      |
2025-10-30T00:48:39.4720621Z | pt-BR  | activerecord.attributes.menu.restaurant                          | Restaurante                                                                                                                               |
2025-10-30T00:48:39.4722128Z | pt-BR  | activerecord.attributes.menu.restaurant_id                       | ID do Restaurante                                                                                                                         |
2025-10-30T00:48:39.4723468Z | pt-BR  | activerecord.attributes.menu.updated_at                          | Atualizado em                                                                                                                             |
2025-10-30T00:48:39.4724901Z | pt-BR  | activerecord.attributes.menu_item.created_at                     | Criado em                                                                                                                                 |
2025-10-30T00:48:39.4726087Z | pt-BR  | activerecord.attributes.menu_item.name                           | Nome                                                                                                                                      |
2025-10-30T00:48:39.4727331Z | pt-BR  | activerecord.attributes.menu_item.updated_at                     | Atualizado em                                                                                                                             |
2025-10-30T00:48:39.4728692Z | pt-BR  | activerecord.attributes.menu_item_placement.created_at           | Criado em                                                                                                                                 |
2025-10-30T00:48:39.4730016Z | pt-BR  | activerecord.attributes.menu_item_placement.menu                 | Menu                                                                                                                                      |
2025-10-30T00:48:39.4731292Z | pt-BR  | activerecord.attributes.menu_item_placement.menu_id              | ID do Menu                                                                                                                                |
2025-10-30T00:48:39.4732618Z | pt-BR  | activerecord.attributes.menu_item_placement.menu_item            | Item do Menu                                                                                                                              |
2025-10-30T00:48:39.4733815Z | pt-BR  | activerecord.attributes.menu_item_placement.menu_item_id         | ID do Item                                                                                                                                |
2025-10-30T00:48:39.4735727Z | pt-BR  | activerecord.attributes.menu_item_placement.price                | Preço                                                                                                                                     |
2025-10-30T00:48:39.4737027Z | pt-BR  | activerecord.attributes.menu_item_placement.updated_at           | Atualizado em                                                                                                                             |
2025-10-30T00:48:39.4738344Z | pt-BR  | activerecord.attributes.restaurant.created_at                    | Criado em                                                                                                                                 |
2025-10-30T00:48:39.4739556Z | pt-BR  | activerecord.attributes.restaurant.name                          | Nome                                                                                                                                      |
2025-10-30T00:48:39.4740867Z | pt-BR  | activerecord.attributes.restaurant.updated_at                    | Atualizado em                                                                                                                             |
2025-10-30T00:48:39.4742544Z | pt-BR  | activerecord.errors.messages.record_invalid                      | A validação falhou: %{errors}                                                                                                             |
2025-10-30T00:48:39.4745055Z | pt-BR  | activerecord.errors.messages.restrict_dependent_destroy.has_many | Não é possível excluir o registro pois existem %{record} dependentes                                                                      |
2025-10-30T00:48:39.4747670Z | pt-BR  | activerecord.errors.messages.restrict_dependent_destroy.has_one  | Não é possível excluir o registro pois existe um %{record} dependente                                                                     |
2025-10-30T00:48:39.4749081Z | pt-BR  | activerecord.models.menu                                         | Menu                                                                                                                                      |
2025-10-30T00:48:39.4750096Z | pt-BR  | activerecord.models.menu_item                                    | Item do Menu                                                                                                                              |
2025-10-30T00:48:39.4751345Z | pt-BR  | activerecord.models.menu_item_placement                          | Posicionamento de Item                                                                                                                    |
2025-10-30T00:48:39.4752616Z | pt-BR  | activerecord.models.restaurant                                   | Restaurante                                                                                                                               |
2025-10-30T00:48:39.4754035Z | pt-BR  | date.abbr_day_names                                              | ["dom", "seg", "ter", "qua", "qui", "sex", "sáb"]                                                                                         |
2025-10-30T00:48:39.4755413Z | pt-BR  | date.abbr_month_names                                            | [nil, "jan", "fev", "mar", "abr", "mai", "jun", "jul", "ago", "set", "out", "nov", "dez"]                                                 |
2025-10-30T00:48:39.4757158Z | pt-BR  | date.day_names                                                   | ["domingo", "segunda-feira", "terça-feira", "quarta-feira", "quinta-feira", "sexta-feira", "sábado"]                                      |
2025-10-30T00:48:39.4758442Z | pt-BR  | date.formats.default                                             | %d/%m/%Y                                                                                                                                  |
2025-10-30T00:48:39.4759355Z | pt-BR  | date.formats.long                                                | %d de %B de %Y                                                                                                                            |
2025-10-30T00:48:39.4760248Z | pt-BR  | date.formats.short                                               | %d de %B                                                                                                                                  |
2025-10-30T00:48:39.4761739Z | pt-BR  | date.month_names                                                 | [nil, "janeiro", "fevereiro", "março", "abril", "maio", "junho", "julho", "agosto", "setembro", "outubro", "novembro", "dezembro"]        |
2025-10-30T00:48:39.4762955Z | pt-BR  | date.order                                                       | [:day, :month, :year]                                                                                                                     |
2025-10-30T00:48:39.4764290Z | pt-BR  | datetime.distance_in_words.about_x_hours                         | {"one"=>"aproximadamente %{count} hora", "other"=>"aproximadamente %{count} horas"}                                                       |
2025-10-30T00:48:39.4766489Z | pt-BR  | datetime.distance_in_words.about_x_months                        | {"one"=>"aproximadamente %{count} mês", "other"=>"aproximadamente %{count} meses"}                                                        |
2025-10-30T00:48:39.4768457Z | pt-BR  | datetime.distance_in_words.about_x_years                         | {"one"=>"aproximadamente %{count} ano", "other"=>"aproximadamente %{count} anos"}                                                         |
2025-10-30T00:48:39.4770063Z | pt-BR  | datetime.distance_in_words.almost_x_years                        | {"one"=>"quase %{count} ano", "other"=>"quase %{count} anos"}                                                                             |
2025-10-30T00:48:39.4771486Z | pt-BR  | datetime.distance_in_words.half_a_minute                         | meio minuto                                                                                                                               |
2025-10-30T00:48:39.4772871Z | pt-BR  | datetime.distance_in_words.less_than_x_minutes                   | {"one"=>"menos de um minuto", "other"=>"menos de %{count} minutos"}                                                                       |
2025-10-30T00:48:39.4774468Z | pt-BR  | datetime.distance_in_words.less_than_x_seconds                   | {"one"=>"menos de %{count} segundo", "other"=>"menos de %{count} segundos"}                                                               |
2025-10-30T00:48:39.4776179Z | pt-BR  | datetime.distance_in_words.over_x_years                          | {"one"=>"mais de %{count} ano", "other"=>"mais de %{count} anos"}                                                                         |
2025-10-30T00:48:39.4777536Z | pt-BR  | datetime.distance_in_words.x_days                                | {"one"=>"%{count} dia", "other"=>"%{count} dias"}                                                                                         |
2025-10-30T00:48:39.4778825Z | pt-BR  | datetime.distance_in_words.x_minutes                             | {"one"=>"%{count} minuto", "other"=>"%{count} minutos"}                                                                                   |
2025-10-30T00:48:39.4780486Z | pt-BR  | datetime.distance_in_words.x_months                              | {"one"=>"%{count} mês", "other"=>"%{count} meses"}                                                                                        |
2025-10-30T00:48:39.4781903Z | pt-BR  | datetime.distance_in_words.x_seconds                             | {"one"=>"%{count} segundo", "other"=>"%{count} segundos"}                                                                                 |
2025-10-30T00:48:39.4783298Z | pt-BR  | datetime.distance_in_words.x_years                               | {"one"=>"%{count} ano", "other"=>"%{count} anos"}                                                                                         |
2025-10-30T00:48:39.4784431Z | pt-BR  | datetime.prompts.day                                             | Dia                                                                                                                                       |
2025-10-30T00:48:39.4785549Z | pt-BR  | datetime.prompts.hour                                            | Hora                                                                                                                                      |
2025-10-30T00:48:39.4786557Z | pt-BR  | datetime.prompts.minute                                          | Minuto                                                                                                                                    |
2025-10-30T00:48:39.4787856Z | pt-BR  | datetime.prompts.month                                           | Mês                                                                                                                                       |
2025-10-30T00:48:39.4788862Z | pt-BR  | datetime.prompts.second                                          | Segundo                                                                                                                                   |
2025-10-30T00:48:39.4789854Z | pt-BR  | datetime.prompts.year                                            | Ano                                                                                                                                       |
2025-10-30T00:48:39.4791066Z | pt-BR  | errors.format                                                    | %{attribute} %{message}                                                                                                                   |
2025-10-30T00:48:39.4792373Z | pt-BR  | errors.menu_items.create_failed                                  | Falha ao criar item do menu                                                                                                               |
2025-10-30T00:48:39.4793641Z | pt-BR  | errors.menu_items.destroy_failed                                 | Falha ao excluir item do menu                                                                                                             |
2025-10-30T00:48:39.4795363Z | pt-BR  | errors.menu_items.not_found                                      | Item do menu não encontrado                                                                                                               |
2025-10-30T00:48:39.4796632Z | pt-BR  | errors.menu_items.update_failed                                  | Falha ao atualizar item do menu                                                                                                           |
2025-10-30T00:48:39.4797851Z | pt-BR  | errors.menus.create_failed                                       | Falha ao criar menu                                                                                                                       |
2025-10-30T00:48:39.4799009Z | pt-BR  | errors.menus.destroy_failed                                      | Falha ao excluir menu                                                                                                                     |
2025-10-30T00:48:39.4800483Z | pt-BR  | errors.menus.not_found                                           | Menu não encontrado                                                                                                                       |
2025-10-30T00:48:39.4801643Z | pt-BR  | errors.menus.update_failed                                       | Falha ao atualizar menu                                                                                                                   |
2025-10-30T00:48:39.4802794Z | pt-BR  | errors.messages.accepted                                         | deve ser aceito                                                                                                                           |
2025-10-30T00:48:39.4804191Z | pt-BR  | errors.messages.blank                                            | não pode ficar em branco                                                                                                                  |
2025-10-30T00:48:39.4805477Z | pt-BR  | errors.messages.confirmation                                     | não é igual a %{attribute}                                                                                                                |
2025-10-30T00:48:39.4806258Z | pt-BR  | errors.messages.empty                                            | não pode ficar vazio                                                                                                                      |
2025-10-30T00:48:39.4806871Z | pt-BR  | errors.messages.equal_to                                         | deve ser igual a %{count}                                                                                                                 |
2025-10-30T00:48:39.4807458Z | pt-BR  | errors.messages.even                                             | deve ser par                                                                                                                              |
2025-10-30T00:48:39.4808180Z | pt-BR  | errors.messages.exclusion                                        | não está disponível                                                                                                                       |
2025-10-30T00:48:39.4808815Z | pt-BR  | errors.messages.greater_than                                     | deve ser maior que %{count}                                                                                                               |
2025-10-30T00:48:39.4809678Z | pt-BR  | errors.messages.greater_than_or_equal_to                         | deve ser maior ou igual a %{count}                                                                                                        |
2025-10-30T00:48:39.4810424Z | pt-BR  | errors.messages.in                                               | deve estar em %{count}                                                                                                                    |
2025-10-30T00:48:39.4811171Z | pt-BR  | errors.messages.inclusion                                        | não está incluído na lista                                                                                                                |
2025-10-30T00:48:39.4811893Z | pt-BR  | errors.messages.invalid                                          | não é válido                                                                                                                              |
2025-10-30T00:48:39.4812493Z | pt-BR  | errors.messages.less_than                                        | deve ser menor que %{count}                                                                                                               |
2025-10-30T00:48:39.4813164Z | pt-BR  | errors.messages.less_than_or_equal_to                            | deve ser menor ou igual a %{count}                                                                                                        |
2025-10-30T00:48:39.4813987Z | pt-BR  | errors.messages.model_invalid                                    | A validação falhou: %{errors}                                                                                                             |
2025-10-30T00:48:39.4814999Z | pt-BR  | errors.messages.not_a_number                                     | não é um número                                                                                                                           |
2025-10-30T00:48:39.4815756Z | pt-BR  | errors.messages.not_an_integer                                   | não é um número inteiro                                                                                                                   |
2025-10-30T00:48:39.4816472Z | pt-BR  | errors.messages.odd                                              | deve ser ímpar                                                                                                                            |
2025-10-30T00:48:39.4817070Z | pt-BR  | errors.messages.other_than                                       | deve ser diferente de %{count}                                                                                                            |
2025-10-30T00:48:39.4817702Z | pt-BR  | errors.messages.present                                          | deve ficar em branco                                                                                                                      |
2025-10-30T00:48:39.4818440Z | pt-BR  | errors.messages.required                                         | é obrigatório(a)                                                                                                                          |
2025-10-30T00:48:39.4819147Z | pt-BR  | errors.messages.taken                                            | já está em uso                                                                                                                            |
2025-10-30T00:48:39.4819983Z | pt-BR  | errors.messages.too_long                                         | {"one"=>"é muito longo (máximo: %{count} caracter)", "other"=>"é muito longo (máximo: %{count} caracteres)"}                              |
2025-10-30T00:48:39.4820973Z | pt-BR  | errors.messages.too_short                                        | {"one"=>"é muito curto (mínimo: %{count} caracter)", "other"=>"é muito curto (mínimo: %{count} caracteres)"}                              |
2025-10-30T00:48:39.4822175Z | pt-BR  | errors.messages.wrong_length                                     | {"one"=>"não possui o tamanho esperado (%{count} caracter)", "other"=>"não possui o tamanho esperado (%{count} caracteres)"}              |
2025-10-30T00:48:39.4823122Z | pt-BR  | errors.restaurants.create_failed                                 | Falha ao criar restaurante                                                                                                                |
2025-10-30T00:48:39.4823844Z | pt-BR  | errors.restaurants.destroy_failed                                | Falha ao excluir restaurante                                                                                                              |
2025-10-30T00:48:39.4824869Z | pt-BR  | errors.restaurants.not_found                                     | Restaurante não encontrado                                                                                                                |
2025-10-30T00:48:39.4825590Z | pt-BR  | errors.restaurants.update_failed                                 | Falha ao atualizar restaurante                                                                                                            |
2025-10-30T00:48:39.4826452Z | pt-BR  | errors.template.body                                             | Por favor, verifique o(s) seguinte(s) campo(s):                                                                                           |
2025-10-30T00:48:39.4827375Z | pt-BR  | errors.template.header                                           | {"one"=>"Não foi possível gravar %{model}: %{count} erro", "other"=>"Não foi possível gravar %{model}: %{count} erros"}                   |
2025-10-30T00:48:39.4828259Z | pt-BR  | errors.validation.invalid_price                                  | Preço inválido                                                                                                                            |
2025-10-30T00:48:39.4829055Z | pt-BR  | errors.validation.name_required                                  | Nome não pode ficar em branco                                                                                                             |
2025-10-30T00:48:39.4829846Z | pt-BR  | errors.validation.name_taken                                     | Nome já está em uso                                                                                                                       |
2025-10-30T00:48:39.4830629Z | pt-BR  | errors.validation.price_negative                                 | Preço não pode ser negativo                                                                                                               |
2025-10-30T00:48:39.4831262Z | pt-BR  | number.currency.format.delimiter                                 | .                                                                                                                                         |
2025-10-30T00:48:39.4831825Z | pt-BR  | number.currency.format.format                                    | %u %n                                                                                                                                     |
2025-10-30T00:48:39.4832389Z | pt-BR  | number.currency.format.precision                                 | 2                                                                                                                                         |
2025-10-30T00:48:39.4832969Z | pt-BR  | number.currency.format.separator                                 | ,                                                                                                                                         |
2025-10-30T00:48:39.4833557Z | pt-BR  | number.currency.format.significant                               | false                                                                                                                                     |
2025-10-30T00:48:39.4834217Z | pt-BR  | number.currency.format.strip_insignificant_zeros                 | false                                                                                                                                     |
2025-10-30T00:48:39.4835267Z | pt-BR  | number.currency.format.unit                                      | R$                                                                                                                                        |
2025-10-30T00:48:39.4835921Z | pt-BR  | number.format.delimiter                                          | .                                                                                                                                         |
2025-10-30T00:48:39.4836456Z | pt-BR  | number.format.precision                                          | 3                                                                                                                                         |
2025-10-30T00:48:39.4836994Z | pt-BR  | number.format.round_mode                                         | default                                                                                                                                   |
2025-10-30T00:48:39.4837520Z | pt-BR  | number.format.separator                                          | ,                                                                                                                                         |
2025-10-30T00:48:39.4838058Z | pt-BR  | number.format.significant                                        | false                                                                                                                                     |
2025-10-30T00:48:39.4838656Z | pt-BR  | number.format.strip_insignificant_zeros                          | false                                                                                                                                     |
2025-10-30T00:48:39.4839254Z | pt-BR  | number.human.decimal_units.format                                | %n %u                                                                                                                                     |
2025-10-30T00:48:39.4840070Z | pt-BR  | number.human.decimal_units.units.billion                         | {"one"=>"bilhão", "other"=>"bilhões"}                                                                                                     |
2025-10-30T00:48:39.4840943Z | pt-BR  | number.human.decimal_units.units.million                         | {"one"=>"milhão", "other"=>"milhões"}                                                                                                     |
2025-10-30T00:48:39.4841853Z | pt-BR  | number.human.decimal_units.units.quadrillion                     | {"one"=>"quatrilhão", "other"=>"quatrilhões"}                                                                                             |
2025-10-30T00:48:39.4842578Z | pt-BR  | number.human.decimal_units.units.thousand                        | mil                                                                                                                                       |
2025-10-30T00:48:39.4843459Z | pt-BR  | number.human.decimal_units.units.trillion                        | {"one"=>"trilhão", "other"=>"trilhões"}                                                                                                   |
2025-10-30T00:48:39.4844144Z | pt-BR  | number.human.decimal_units.units.unit                            |                                                                                                                                           |
2025-10-30T00:48:39.4844869Z | pt-BR  | number.human.format.delimiter                                    |                                                                                                                                           |
2025-10-30T00:48:39.4845420Z | pt-BR  | number.human.format.precision                                    | 3                                                                                                                                         |
2025-10-30T00:48:39.4846177Z | pt-BR  | number.human.format.significant                                  | true                                                                                                                                      |
2025-10-30T00:48:39.4846903Z | pt-BR  | number.human.format.strip_insignificant_zeros                    | true                                                                                                                                      |
2025-10-30T00:48:39.4847520Z | pt-BR  | number.human.storage_units.format                                | %n %u                                                                                                                                     |
2025-10-30T00:48:39.4848148Z | pt-BR  | number.human.storage_units.units.byte                            | {"one"=>"Byte", "other"=>"Bytes"}                                                                                                         |
2025-10-30T00:48:39.4848777Z | pt-BR  | number.human.storage_units.units.eb                              | EB                                                                                                                                        |
2025-10-30T00:48:39.4849352Z | pt-BR  | number.human.storage_units.units.gb                              | GB                                                                                                                                        |
2025-10-30T00:48:39.4849930Z | pt-BR  | number.human.storage_units.units.kb                              | KB                                                                                                                                        |
2025-10-30T00:48:39.4850493Z | pt-BR  | number.human.storage_units.units.mb                              | MB                                                                                                                                        |
2025-10-30T00:48:39.4851060Z | pt-BR  | number.human.storage_units.units.pb                              | PB                                                                                                                                        |
2025-10-30T00:48:39.4851631Z | pt-BR  | number.human.storage_units.units.tb                              | TB                                                                                                                                        |
2025-10-30T00:48:39.4852215Z | pt-BR  | number.percentage.format.delimiter                               | .                                                                                                                                         |
2025-10-30T00:48:39.4852793Z | pt-BR  | number.percentage.format.format                                  | %n%                                                                                                                                       |
2025-10-30T00:48:39.4853381Z | pt-BR  | number.precision.format.delimiter                                | .                                                                                                                                         |
2025-10-30T00:48:39.4853968Z | pt-BR  | support.array.last_word_connector                                | e                                                                                                                                         |
2025-10-30T00:48:39.4854682Z | pt-BR  | support.array.two_words_connector                                | e                                                                                                                                         |
2025-10-30T00:48:39.4855236Z | pt-BR  | support.array.words_connector                                    | ,                                                                                                                                         |
2025-10-30T00:48:39.4855693Z | pt-BR  | time.am                                                          |                                                                                                                                           |
2025-10-30T00:48:39.4856329Z | pt-BR  | time.formats.default                                             | %a, %d de %B de %Y, %H:%M:%S %z                                                                                                           |
2025-10-30T00:48:39.4856931Z | pt-BR  | time.formats.long                                                | %d de %B de %Y, %H:%M                                                                                                                     |
2025-10-30T00:48:39.4857426Z | pt-BR  | time.formats.short                                               | %d de %B, %H:%M                                                                                                                           |
2025-10-30T00:48:39.4857864Z | pt-BR  | time.pm                                                          |                                                                                                                                           |
2025-10-30T00:48:39.4858327Z ✓ Good job! No inconsistent interpolations found.
2025-10-30T00:48:39.5063878Z The following data requires normalization:
2025-10-30T00:48:39.5064449Z Run `i18n-tasks normalize` to fix
2025-10-30T00:48:39.5077409Z +--------+------------------------------------------------------------------+-------------------------------------------------------------------------------------------------------------------------------------------+
2025-10-30T00:48:39.5078243Z config/locales/en.yml
2025-10-30T00:48:39.5078571Z config/locales/pt-BR.yml
2025-10-30T00:48:39.5146738Z Problemas de i18n
2025-10-30T00:48:39.5162124Z ##[error]Process completed with exit code 1.
2025-10-30T00:48:39.5281341Z Post job cleanup.
2025-10-30T00:48:39.6248646Z [command]/usr/bin/git version
2025-10-30T00:48:39.6284984Z git version 2.51.0
2025-10-30T00:48:39.6329831Z Temporarily overriding HOME='/home/runner/work/_temp/9939dda0-1da2-4a77-a84a-5d6fa4eb4a7d' before making global git config changes
2025-10-30T00:48:39.6331126Z Adding repository directory to the temporary git global config as a safe directory
2025-10-30T00:48:39.6344093Z [command]/usr/bin/git config --global --add safe.directory /home/runner/work/restaurant/restaurant
2025-10-30T00:48:39.6381662Z [command]/usr/bin/git config --local --name-only --get-regexp core\.sshCommand
2025-10-30T00:48:39.6414939Z [command]/usr/bin/git submodule foreach --recursive sh -c "git config --local --name-only --get-regexp 'core\.sshCommand' && git config --local --unset-all 'core.sshCommand' || :"
2025-10-30T00:48:39.6640677Z [command]/usr/bin/git config --local --name-only --get-regexp http\.https\:\/\/github\.com\/\.extraheader
2025-10-30T00:48:39.6661963Z http.https://github.com/.extraheader
2025-10-30T00:48:39.6675327Z [command]/usr/bin/git config --local --unset-all http.https://github.com/.extraheader
2025-10-30T00:48:39.6705731Z [command]/usr/bin/git submodule foreach --recursive sh -c "git config --local --name-only --get-regexp 'http\.https\:\/\/github\.com\/\.extraheader' && git config --local --unset-all 'http.https://github.com/.extraheader' || :"
2025-10-30T00:48:39.7080171Z Cleaning up orphan processes
